Archive member included to satisfy reference by file (symbol)

../DaisyExamples/libDaisy/build\libdaisy.a(daisy_seed.o)
                              build/Loop.o (daisy::DaisySeed::StartAudio(void (*)(float const*, float*, unsigned int)))
../DaisyExamples/libDaisy/build\libdaisy.a(codec_ak4556.o)
                              ../DaisyExamples/libDaisy/build\libdaisy.a(daisy_seed.o) (daisy::Ak4556::Init(dsy_gpio_pin))
../DaisyExamples/libDaisy/build\libdaisy.a(codec_wm8731.o)
                              ../DaisyExamples/libDaisy/build\libdaisy.a(daisy_seed.o) (daisy::Wm8731::Init(daisy::Wm8731::Config const&, daisy::I2CHandle))
../DaisyExamples/libDaisy/build\libdaisy.a(sdram.o)
                              ../DaisyExamples/libDaisy/build\libdaisy.a(daisy_seed.o) (SdramHandle::Init())
../DaisyExamples/libDaisy/build\libdaisy.a(audio.o)
                              ../DaisyExamples/libDaisy/build\libdaisy.a(daisy_seed.o) (daisy::AudioHandle::Init(daisy::AudioHandle::Config const&, daisy::SaiHandle))
../DaisyExamples/libDaisy/build\libdaisy.a(gpio.o)
                              build/Loop.o (daisy::GPIO::Init(daisy::Pin, daisy::GPIO::Mode, daisy::GPIO::Pull, daisy::GPIO::Speed))
../DaisyExamples/libDaisy/build\libdaisy.a(i2c.o)
                              ../DaisyExamples/libDaisy/build\libdaisy.a(daisy_seed.o) (daisy::I2CHandle::Init(daisy::I2CHandle::Config const&))
../DaisyExamples/libDaisy/build\libdaisy.a(qspi.o)
                              ../DaisyExamples/libDaisy/build\libdaisy.a(daisy_seed.o) (daisy::QSPIHandle::Init(daisy::QSPIHandle::Config const&))
../DaisyExamples/libDaisy/build\libdaisy.a(sai.o)
                              ../DaisyExamples/libDaisy/build\libdaisy.a(daisy_seed.o) (daisy::SaiHandle::Init(daisy::SaiHandle::Config const&))
../DaisyExamples/libDaisy/build\libdaisy.a(system.o)
                              ../DaisyExamples/libDaisy/build\libdaisy.a(daisy_seed.o) (daisy::System::DeInit())
../DaisyExamples/libDaisy/build\libdaisy.a(system_stm32h7xx.o)
                              build/startup_stm32h750xx.o (SystemInit)
../DaisyExamples/libDaisy/build\libdaisy.a(usbd_conf.o)
                              ../DaisyExamples/libDaisy/build\libdaisy.a(system.o) (hpcd_USB_OTG_HS)
../DaisyExamples/libDaisy/build\libdaisy.a(usbh_conf.o)
                              ../DaisyExamples/libDaisy/build\libdaisy.a(system.o) (hhcd_USB_OTG_HS)
../DaisyExamples/libDaisy/build\libdaisy.a(hal_map.o)
                              ../DaisyExamples/libDaisy/build\libdaisy.a(gpio.o) (dsy_hal_map_get_port)
../DaisyExamples/libDaisy/build\libdaisy.a(stm32h7xx_hal.o)
                              ../DaisyExamples/libDaisy/build\libdaisy.a(system.o) (HAL_Init)
../DaisyExamples/libDaisy/build\libdaisy.a(stm32h7xx_hal_cortex.o)
                              ../DaisyExamples/libDaisy/build\libdaisy.a(stm32h7xx_hal.o) (HAL_NVIC_SetPriorityGrouping)
../DaisyExamples/libDaisy/build\libdaisy.a(stm32h7xx_hal_dma.o)
                              ../DaisyExamples/libDaisy/build\libdaisy.a(i2c.o) (HAL_DMA_Init)
../DaisyExamples/libDaisy/build\libdaisy.a(stm32h7xx_hal_gpio.o)
                              ../DaisyExamples/libDaisy/build\libdaisy.a(sdram.o) (HAL_GPIO_Init)
../DaisyExamples/libDaisy/build\libdaisy.a(stm32h7xx_hal_hcd.o)
                              ../DaisyExamples/libDaisy/build\libdaisy.a(usbh_conf.o) (HAL_HCD_HC_Init)
../DaisyExamples/libDaisy/build\libdaisy.a(stm32h7xx_hal_i2c.o)
                              ../DaisyExamples/libDaisy/build\libdaisy.a(i2c.o) (HAL_I2C_Init)
../DaisyExamples/libDaisy/build\libdaisy.a(stm32h7xx_hal_i2c_ex.o)
                              ../DaisyExamples/libDaisy/build\libdaisy.a(i2c.o) (HAL_I2CEx_ConfigAnalogFilter)
../DaisyExamples/libDaisy/build\libdaisy.a(stm32h7xx_hal_pcd.o)
                              ../DaisyExamples/libDaisy/build\libdaisy.a(usbd_conf.o) (HAL_PCD_Init)
../DaisyExamples/libDaisy/build\libdaisy.a(stm32h7xx_hal_pcd_ex.o)
                              ../DaisyExamples/libDaisy/build\libdaisy.a(usbd_conf.o) (HAL_PCDEx_SetTxFiFo)
../DaisyExamples/libDaisy/build\libdaisy.a(stm32h7xx_hal_pwr_ex.o)
                              ../DaisyExamples/libDaisy/build\libdaisy.a(system.o) (HAL_PWREx_ConfigSupply)
../DaisyExamples/libDaisy/build\libdaisy.a(stm32h7xx_hal_qspi.o)
                              ../DaisyExamples/libDaisy/build\libdaisy.a(qspi.o) (HAL_QSPI_Init)
../DaisyExamples/libDaisy/build\libdaisy.a(stm32h7xx_hal_rcc.o)
                              ../DaisyExamples/libDaisy/build\libdaisy.a(system.o) (HAL_RCC_OscConfig)
../DaisyExamples/libDaisy/build\libdaisy.a(stm32h7xx_hal_rcc_ex.o)
                              ../DaisyExamples/libDaisy/build\libdaisy.a(system.o) (HAL_RCCEx_PeriphCLKConfig)
../DaisyExamples/libDaisy/build\libdaisy.a(stm32h7xx_hal_sai.o)
                              ../DaisyExamples/libDaisy/build\libdaisy.a(sai.o) (HAL_SAI_InitProtocol)
../DaisyExamples/libDaisy/build\libdaisy.a(stm32h7xx_hal_sdram.o)
[...]
Memory Configuration

Name             Origin             Length             Attributes
FLASH            0x08000000         0x00020000         xr
DTCMRAM          0x20000000         0x00020000         xrw
SRAM             0x24000000         0x00080000         xrw
RAM_D2           0x30000000         0x00048000         xrw
RAM_D3           0x38000000         0x00010000         xrw
ITCMRAM          0x00000000         0x00010000         xrw
SDRAM            0xc0000000         0x04000000         xrw
QSPIFLASH        0x90000000         0x00800000         xr
*default*        0x00000000         0xffffffff

Linker script and memory map

LOAD c:/program files/daisytoolchain/bin/../lib/gcc/arm-none-eabi/10.2.1/thumb/v7e-m+dp/hard/crti.o
LOAD c:/program files/daisytoolchain/bin/../lib/gcc/arm-none-eabi/10.2.1/thumb/v7e-m+dp/hard/crtbegin.o
LOAD c:/program files/daisytoolchain/bin/../lib/gcc/arm-none-eabi/10.2.1/../../../../arm-none-eabi/lib/thumb/v7e-m+dp/hard/crt0.o
LOAD build/startup_stm32h750xx.o
LOAD build/Loop.o
LOAD build/button.o
LOAD build/dualLedButton.o
LOAD build/track.o
LOAD ../DaisyExamples/libDaisy/build\libdaisy.a
LOAD c:/program files/daisytoolchain/bin/../lib/gcc/arm-none-eabi/10.2.1/../../../../arm-none-eabi/lib/thumb/v7e-m+dp/hard\libnosys.a
LOAD ../DaisyExamples/DaisySP/build\libdaisysp.a
LOAD c:/program files/daisytoolchain/bin/../lib/gcc/arm-none-eabi/10.2.1/../../../../arm-none-eabi/lib/thumb/v7e-m+dp/hard\libstdc++_nano.a
LOAD c:/program files/daisytoolchain/bin/../lib/gcc/arm-none-eabi/10.2.1/../../../../arm-none-eabi/lib/thumb/v7e-m+dp/hard\libm.a
LOAD c:/program files/daisytoolchain/bin/../lib/gcc/arm-none-eabi/10.2.1/../../../../arm-none-eabi/lib/thumb/v7e-m+dp/hard\libc_nano.a
START GROUP
LOAD c:/program files/daisytoolchain/bin/../lib/gcc/arm-none-eabi/10.2.1/thumb/v7e-m+dp/hard\libgcc.a
LOAD c:/program files/daisytoolchain/bin/../lib/gcc/arm-none-eabi/10.2.1/../../../../arm-none-eabi/lib/thumb/v7e-m+dp/hard\libc_nano.a
END GROUP
START GROUP
LOAD c:/program files/daisytoolchain/bin/../lib/gcc/arm-none-eabi/10.2.1/thumb/v7e-m+dp/hard\libgcc.a
LOAD c:/program files/daisytoolchain/bin/../lib/gcc/arm-none-eabi/10.2.1/../../../../arm-none-eabi/lib/thumb/v7e-m+dp/hard\libc_nano.a
LOAD c:/program files/daisytoolchain/bin/../lib/gcc/arm-none-eabi/10.2.1/../../../../arm-none-eabi/lib/thumb/v7e-m+dp/hard\libnosys.a
END GROUP
START GROUP
LOAD c:/program files/daisytoolchain/bin/../lib/gcc/arm-none-eabi/10.2.1/thumb/v7e-m+dp/hard\libgcc.a
LOAD c:/program files/daisytoolchain/bin/../lib/gcc/arm-none-eabi/10.2.1/../../../../arm-none-eabi/lib/thumb/v7e-m+dp/hard\libc_nano.a
LOAD c:/program files/daisytoolchain/bin/../lib/gcc/arm-none-eabi/10.2.1/../../../../arm-none-eabi/lib/thumb/v7e-m+dp/hard\libnosys.a
END GROUP
LOAD c:/program files/daisytoolchain/bin/../lib/gcc/arm-none-eabi/10.2.1/thumb/v7e-m+dp/hard/crtend.o
LOAD c:/program files/daisytoolchain/bin/../lib/gcc/arm-none-eabi/10.2.1/thumb/v7e-m+dp/hard/crtn.o
                0x20020000                _estack = 0x20020000

.isr_vector     0x08000000      0x298
                0x08000000                . = ALIGN (0x4)
 *(.isr_vector)
 .isr_vector    0x08000000      0x298 build/startup_stm32h750xx.o
                0x08000000                g_pfnVectors
                0x08000298                . = ALIGN (0x4)

.text           0x08000298     0xf94c
                0x08000298                . = ALIGN (0x4)
                0x08000298                _stext = .
 *(.text)
 .text          0x08000298       0x40 c:/program files/daisytoolchain/bin/../lib/gcc/arm-none-eabi/10.2.1/thumb/v7e-m+dp/hard/crtbegin.o
 .text          0x080002d8       0x30 c:/program files/daisytoolchain/bin/../lib/gcc/arm-none-eabi/10.2.1/thumb/v7e-m+dp/hard\libgcc.a(_aeabi_uldivmod.o)
                0x080002d8                __aeabi_uldivmod
 .text          0x08000308      0x2d0 c:/program files/daisytoolchain/bin/../lib/gcc/arm-none-eabi/10.2.1/thumb/v7e-m+dp/hard\libgcc.a(_udivmoddi4.o)
                0x08000308                __udivmoddi4
 .text          0x080005d8        0x4 c:/program files/daisytoolchain/bin/../lib/gcc/arm-none-eabi/10.2.1/thumb/v7e-m+dp/hard\libgcc.a(_dvmd_tls.o)
                0x080005d8                __aeabi_idiv0
                0x080005d8                __aeabi_ldiv0
 *(.text*)
 .text.Default_Handler
                0x080005dc        0x4 build/startup_stm32h750xx.o
                0x080005dc                RTC_Alarm_IRQHandler
                0x080005dc                HASH_RNG_IRQHandler
                0x080005dc                EXTI2_IRQHandler
                0x080005dc                TIM8_CC_IRQHandler
                0x080005dc                HRTIM1_Master_IRQHandler
                0x080005dc                DebugMon_Handler
                0x080005dc                TIM1_CC_IRQHandler
                0x080005dc                BDMA_Channel6_IRQHandler
                0x080005dc                DMA2_Stream5_IRQHandler
                0x080005dc                HRTIM1_FLT_IRQHandler
                0x080005dc                JPEG_IRQHandler
                0x080005dc                BDMA_Channel1_IRQHandler
                0x080005dc                HRTIM1_TIMD_IRQHandler
                0x080005dc                TAMP_STAMP_IRQHandler
                0x080005dc                PendSV_Handler
                0x080005dc                NMI_Handler
                0x080005dc                EXTI3_IRQHandler
                0x080005dc                LPTIM4_IRQHandler
                0x080005dc                TIM8_TRG_COM_TIM14_IRQHandler
                0x080005dc                LPTIM2_IRQHandler
                0x080005dc                DFSDM1_FLT1_IRQHandler
                0x080005dc                DMAMUX2_OVR_IRQHandler
                0x080005dc                TIM8_UP_TIM13_IRQHandler
                0x080005dc                I2C3_ER_IRQHandler
                0x080005dc                DFSDM1_FLT2_IRQHandler
                0x080005dc                MDMA_IRQHandler
                0x080005dc                LPTIM3_IRQHandler
                0x080005dc                HSEM1_IRQHandler
                0x080005dc                EXTI0_IRQHandler
                0x080005dc                DMA1_Stream2_IRQHandler
                0x080005dc                FPU_IRQHandler
                0x080005dc                OTG_HS_WKUP_IRQHandler
                0x080005dc                FDCAN1_IT1_IRQHandler
                0x080005dc                UsageFault_Handler
                0x080005dc                LTDC_ER_IRQHandler
                0x080005dc                HRTIM1_TIME_IRQHandler
                0x080005dc                TIM6_DAC_IRQHandler
                0x080005dc                DCMI_IRQHandler
                0x080005dc                HRTIM1_TIMC_IRQHandler
                0x080005dc                SAI2_IRQHandler
                0x080005dc                DFSDM1_FLT3_IRQHandler
                0x080005dc                TIM17_IRQHandler
                0x080005dc                CRYP_IRQHandler
                0x080005dc                BDMA_Channel7_IRQHandler
                0x080005dc                LPTIM5_IRQHandler
                0x080005dc                ADC3_IRQHandler
                0x080005dc                DMA2_Stream0_IRQHandler
                0x080005dc                BDMA_Channel2_IRQHandler
                0x080005dc                DMAMUX1_OVR_IRQHandler
                0x080005dc                TIM16_IRQHandler
                0x080005dc                BDMA_Channel5_IRQHandler
                0x080005dc                RCC_IRQHandler
                0x080005dc                TIM8_BRK_TIM12_IRQHandler
                0x080005dc                TIM1_TRG_COM_IRQHandler
                0x080005dc                Default_Handler
                0x080005dc                ECC_IRQHandler
                0x080005dc                CEC_IRQHandler
                0x080005dc                EXTI15_10_IRQHandler
                0x080005dc                BDMA_Channel0_IRQHandler
                0x080005dc                ADC_IRQHandler
                0x080005dc                DMA1_Stream7_IRQHandler
                0x080005dc                HRTIM1_TIMA_IRQHandler
                0x080005dc                TIM7_IRQHandler
                0x080005dc                SDMMC1_IRQHandler
                0x080005dc                DMA2_Stream7_IRQHandler
                0x080005dc                TIM15_IRQHandler
                0x080005dc                PVD_AVD_IRQHandler
                0x080005dc                EXTI9_5_IRQHandler
                0x080005dc                RTC_WKUP_IRQHandler
                0x080005dc                LTDC_IRQHandler
                0x080005dc                SAI3_IRQHandler
                0x080005dc                ETH_WKUP_IRQHandler
                0x080005dc                SPDIF_RX_IRQHandler
                0x080005dc                MemManage_Handler
                0x080005dc                SVC_Handler
                0x080005dc                CRS_IRQHandler
                0x080005dc                EXTI4_IRQHandler
                0x080005dc                HRTIM1_TIMB_IRQHandler
                0x080005dc                FDCAN2_IT1_IRQHandler
                0x080005dc                ETH_IRQHandler
                0x080005dc                TIM1_UP_IRQHandler
                0x080005dc                BDMA_Channel4_IRQHandler
                0x080005dc                WWDG_IRQHandler
                0x080005dc                SPI6_IRQHandler
                0x080005dc                I2C4_EV_IRQHandler
                0x080005dc                MDIOS_IRQHandler
                0x080005dc                FDCAN2_IT0_IRQHandler
                0x080005dc                FDCAN1_IT0_IRQHandler
                0x080005dc                OTG_FS_WKUP_IRQHandler
                0x080005dc                DMA2D_IRQHandler
                0x080005dc                TIM1_BRK_IRQHandler
                0x080005dc                EXTI1_IRQHandler
                0x080005dc                SDMMC2_IRQHandler
                0x080005dc                OTG_FS_EP1_OUT_IRQHandler
                0x080005dc                BDMA_Channel3_IRQHandler
                0x080005dc                MDIOS_WKUP_IRQHandler
                0x080005dc                DFSDM1_FLT0_IRQHandler
                0x080005dc                SAI4_IRQHandler
                0x080005dc                I2C2_ER_IRQHandler
                0x080005dc                DMA2_Stream1_IRQHandler
                0x080005dc                FLASH_IRQHandler
                0x080005dc                BusFault_Handler
                0x080005dc                OTG_FS_IRQHandler
                0x080005dc                WAKEUP_PIN_IRQHandler
                0x080005dc                OTG_FS_EP1_IN_IRQHandler
                0x080005dc                I2C1_ER_IRQHandler
                0x080005dc                FMC_IRQHandler
                0x080005dc                FDCAN_CAL_IRQHandler
                0x080005dc                SWPMI1_IRQHandler
                0x080005dc                COMP1_IRQHandler
                0x080005dc                LPTIM1_IRQHandler
                0x080005dc                I2C4_ER_IRQHandler
                0x080005dc                DMA2_Stream6_IRQHandler
                0x080005dc                SAI1_IRQHandler
 .text.Reset_Handler
                0x080005e0       0x44 build/startup_stm32h750xx.o
                0x080005e0                Reset_Handler
 .text._ZN5daisy9DaisySeedD2Ev
                0x08000624        0x4 build/Loop.o
                0x08000624                daisy::DaisySeed::~DaisySeed()
                0x08000624                daisy::DaisySeed::~DaisySeed()
 .text._Z13AudioCallbackPKfPfj
                0x08000628      0x18c build/Loop.o
                0x08000628                AudioCallback(float const*, float*, unsigned int)
 .text.startup.main
                0x080007b4       0x9c build/Loop.o
                0x080007b4                main
 .text.startup._GLOBAL__sub_I__Z4Loopv
                0x08000850      0x170 build/Loop.o
 .text._ZN6Button3NewEN5daisy3PinEmm
                0x080009c0       0x30 build/button.o
                0x080009c0                Button::New(daisy::Pin, unsigned long, unsigned long)
 .text._ZN6ButtonC2EN5daisy3PinEmm
                0x080009f0       0x30 build/button.o
                0x080009f0                Button::Button(daisy::Pin, unsigned long, unsigned long)
                0x080009f0                Button::Button(daisy::Pin, unsigned long, unsigned long)
 .text._ZN6Button5CheckEv
                0x08000a20       0x40 build/button.o
                0x08000a20                Button::Check()
 .text._ZN6Button10GetPressedEv
                0x08000a60        0x4 build/button.o
                0x08000a60                Button::GetPressed()
 .text._ZN6Button7GetLongEv
                0x08000a64        0x4 build/button.o
                0x08000a64                Button::GetLong()
 .text._ZN13DualLedButton3NewEN5daisy3PinEmmS1_S1_
                0x08000a68       0x60 build/dualLedButton.o
                0x08000a68                DualLedButton::New(daisy::Pin, unsigned long, unsigned long, daisy::Pin, daisy::Pin)
 .text._ZN13DualLedButton3OffEv
                0x08000ac8       0x1c build/dualLedButton.o
                0x08000ac8                DualLedButton::Off()
 .text._ZN13DualLedButton3RedEv
                0x08000ae4       0x1c build/dualLedButton.o
                0x08000ae4                DualLedButton::Red()
 .text._ZN13DualLedButton5GreenEv
                0x08000b00       0x1c build/dualLedButton.o
                0x08000b00                DualLedButton::Green()
 .text._ZN13DualLedButton5ColorEi
                0x08000b1c       0x2c build/dualLedButton.o
                0x08000b1c                DualLedButton::Color(int)
 .text._ZN5Track3NewEiP13DualLedButton
                0x08000b48       0x14 build/track.o
                0x08000b48                Track::New(int, DualLedButton*)
 *fill*         0x08000b5c        0x4 
 .text._ZN5Track5AudioEffPfS0_S0_S0_
                0x08000b60       0xc8 build/track.o
                0x08000b60                Track::Audio(float, float, float*, float*, float*, float*)
 .text._ZN5Track4LoopEv
                0x08000c28       0x10 build/track.o
                0x08000c28                Track::Loop()
 .text._ZN5Track9GetButtonEv
                0x08000c38        0x4 build/track.o
                0x08000c38                Track::GetButton()
 .text._ZN5Track5CheckEbb
                0x08000c3c       0x74 build/track.o
                0x08000c3c                Track::Check(bool, bool)
 .text._ZN5daisy9DaisySeed10StartAudioEPFvPKfPfjE
                0x08000cb0        0x8 ../DaisyExamples/libDaisy/build\libdaisy.a(daisy_seed.o)
                0x08000cb0                daisy::DaisySeed::StartAudio(void (*)(float const*, float*, unsigned int))
 .text._ZN5daisy9DaisySeed17SetAudioBlockSizeEj
                0x08000cb8       0x38 ../DaisyExamples/libDaisy/build\libdaisy.a(daisy_seed.o)
                0x08000cb8                daisy::DaisySeed::SetAudioBlockSize(unsigned int)
 .text._ZN5daisy9DaisySeed14ConfigureAudioEv
                0x08000cf0       0xd0 ../DaisyExamples/libDaisy/build\libdaisy.a(daisy_seed.o)
                0x08000cf0                daisy::DaisySeed::ConfigureAudio()
 .text._ZN5daisy9DaisySeed4InitEb
                0x08000dc0       0xf0 ../DaisyExamples/libDaisy/build\libdaisy.a(daisy_seed.o)
                0x08000dc0                daisy::DaisySeed::Init(bool)
 .text._ZN5daisy6Ak45564InitE12dsy_gpio_pin
                0x08000eb0       0x44 ../DaisyExamples/libDaisy/build\libdaisy.a(codec_ak4556.o)
                0x08000eb0                daisy::Ak4556::Init(dsy_gpio_pin)
 .text._ZN5daisy6Wm873120WriteControlRegisterEht
                0x08000ef4       0x3c ../DaisyExamples/libDaisy/build\libdaisy.a(codec_wm8731.o)
                0x08000ef4                daisy::Wm8731::WriteControlRegister(unsigned char, unsigned short)
 .text._ZN5daisy6Wm87314InitERKNS0_6ConfigENS_9I2CHandleE
                0x08000f30      0x1bc ../DaisyExamples/libDaisy/build\libdaisy.a(codec_wm8731.o)
                0x08000f30                daisy::Wm8731::Init(daisy::Wm8731::Config const&, daisy::I2CHandle)
 .text._ZN11SdramHandle10DeviceInitEv
                0x080010ec       0x98 ../DaisyExamples/libDaisy/build\libdaisy.a(sdram.o)
                0x080010ec                SdramHandle::DeviceInit()
 .text._ZN11SdramHandle4InitEv
                0x08001184       0x7c ../DaisyExamples/libDaisy/build\libdaisy.a(sdram.o)
                0x08001184                SdramHandle::Init()
 .text.HAL_SDRAM_MspInit
                0x08001200      0x1a8 ../DaisyExamples/libDaisy/build\libdaisy.a(sdram.o)
                0x08001200                HAL_SDRAM_MspInit
 .text._ZN5daisy11AudioHandle4Impl16InternalCallbackEPlS2_j
                0x080013a8      0xbbc ../DaisyExamples/libDaisy/build\libdaisy.a(audio.o)
                0x080013a8                daisy::AudioHandle::Impl::InternalCallback(long*, long*, unsigned int)
 .text._ZN5daisy11AudioHandle4InitERKNS0_6ConfigENS_9SaiHandleE
                0x08001f64       0x70 ../DaisyExamples/libDaisy/build\libdaisy.a(audio.o)
                0x08001f64                daisy::AudioHandle::Init(daisy::AudioHandle::Config const&, daisy::SaiHandle)
 .text._ZNK5daisy11AudioHandle9GetConfigEv
                0x08001fd4        0x8 ../DaisyExamples/libDaisy/build\libdaisy.a(audio.o)
                0x08001fd4                daisy::AudioHandle::GetConfig() const
 .text._ZN5daisy11AudioHandle12SetBlockSizeEj
                0x08001fdc       0x1c ../DaisyExamples/libDaisy/build\libdaisy.a(audio.o)
                0x08001fdc                daisy::AudioHandle::SetBlockSize(unsigned int)
 .text._ZN5daisy11AudioHandle13GetSampleRateEv
                0x08001ff8        0x8 ../DaisyExamples/libDaisy/build\libdaisy.a(audio.o)
                0x08001ff8                daisy::AudioHandle::GetSampleRate()
 .text._ZN5daisy11AudioHandle5StartEPFvPKfPfjE
                0x08002000       0x2c ../DaisyExamples/libDaisy/build\libdaisy.a(audio.o)
                0x08002000                daisy::AudioHandle::Start(void (*)(float const*, float*, unsigned int))
 .text.startup._GLOBAL__sub_I__ZN5daisy11AudioHandle4Impl4InitENS0_6ConfigENS_9SaiHandleE
                0x0800202c       0x24 ../DaisyExamples/libDaisy/build\libdaisy.a(audio.o)
 .text._ZN5daisy4GPIO4InitENS_3PinENS0_4ModeENS0_4PullENS0_5SpeedE
                0x08002050      0x1cc ../DaisyExamples/libDaisy/build\libdaisy.a(gpio.o)
                0x08002050                daisy::GPIO::Init(daisy::Pin, daisy::GPIO::Mode, daisy::GPIO::Pull, daisy::GPIO::Speed)
 .text._ZN5daisy4GPIO4ReadEv
                0x0800221c       0x18 ../DaisyExamples/libDaisy/build\libdaisy.a(gpio.o)
                0x0800221c                daisy::GPIO::Read()
 .text._ZN5daisy4GPIO5WriteEb
                0x08002234       0x14 ../DaisyExamples/libDaisy/build\libdaisy.a(gpio.o)
                0x08002234                daisy::GPIO::Write(bool)
 .text.dsy_gpio_init
                0x08002248      0x1b8 ../DaisyExamples/libDaisy/build\libdaisy.a(gpio.o)
                0x08002248                dsy_gpio_init
 .text.dsy_gpio_read
                0x08002400       0x1c ../DaisyExamples/libDaisy/build\libdaisy.a(gpio.o)
                0x08002400                dsy_gpio_read
 .text.dsy_gpio_write
                0x0800241c       0x24 ../DaisyExamples/libDaisy/build\libdaisy.a(gpio.o)
                0x0800241c                dsy_gpio_write
 .text._ZN5daisy9I2CHandle4Impl8InitPinsEv
                0x08002440       0x58 ../DaisyExamples/libDaisy/build\libdaisy.a(i2c.o)
                0x08002440                daisy::I2CHandle::Impl::InitPins()
 .text.HAL_I2C_MspInit
                0x08002498      0x1b4 ../DaisyExamples/libDaisy/build\libdaisy.a(i2c.o)
                0x08002498                HAL_I2C_MspInit
 .text.dsy_i2c_global_init
                0x0800264c       0x78 ../DaisyExamples/libDaisy/build\libdaisy.a(i2c.o)
                0x0800264c                dsy_i2c_global_init
 .text.DMA1_Stream6_IRQHandler
                0x080026c4       0x34 ../DaisyExamples/libDaisy/build\libdaisy.a(i2c.o)
                0x080026c4                DMA1_Stream6_IRQHandler
 .text.I2C1_EV_IRQHandler
                0x080026f8        0xc ../DaisyExamples/libDaisy/build\libdaisy.a(i2c.o)
                0x080026f8                I2C1_EV_IRQHandler
 .text.I2C2_EV_IRQHandler
                0x08002704        0xc ../DaisyExamples/libDaisy/build\libdaisy.a(i2c.o)
                0x08002704                I2C2_EV_IRQHandler
 .text.I2C3_EV_IRQHandler
                0x08002710        0xc ../DaisyExamples/libDaisy/build\libdaisy.a(i2c.o)
                0x08002710                I2C3_EV_IRQHandler
 .text._ZN5daisy9I2CHandle4InitERKNS0_6ConfigE
                0x0800271c      0x12c ../DaisyExamples/libDaisy/build\libdaisy.a(i2c.o)
                0x0800271c                daisy::I2CHandle::Init(daisy::I2CHandle::Config const&)
 .text._ZN5daisy9I2CHandle16TransmitBlockingEtPhtm
                0x08002848       0x50 ../DaisyExamples/libDaisy/build\libdaisy.a(i2c.o)
                0x08002848                daisy::I2CHandle::TransmitBlocking(unsigned short, unsigned char*, unsigned short, unsigned long)
 .text.startup._GLOBAL__sub_I__ZN5daisy9I2CHandle4Impl10GlobalInitEv
                0x08002898       0x18 ../DaisyExamples/libDaisy/build\libdaisy.a(i2c.o)
 .text._ZN5daisy10QSPIHandle4Impl11WriteEnableEv
                0x080028b0       0x8c ../DaisyExamples/libDaisy/build\libdaisy.a(qspi.o)
                0x080028b0                daisy::QSPIHandle::Impl::WriteEnable()
 *fill*         0x0800293c        0x4 
 .text._ZN5daisy10QSPIHandle4Impl17DummyCyclesConfigENS0_6Config6DeviceE
                0x08002940      0x118 ../DaisyExamples/libDaisy/build\libdaisy.a(qspi.o)
                0x08002940                daisy::QSPIHandle::Impl::DummyCyclesConfig(daisy::QSPIHandle::Config::Device)
 .text._ZN5daisy10QSPIHandle4Impl10QuadEnableEv
                0x08002a58      0x158 ../DaisyExamples/libDaisy/build\libdaisy.a(qspi.o)
                0x08002a58                daisy::QSPIHandle::Impl::QuadEnable()
 .text._ZN5daisy10QSPIHandle4InitERKNS0_6ConfigE
                0x08002bb0      0x198 ../DaisyExamples/libDaisy/build\libdaisy.a(qspi.o)
                0x08002bb0                daisy::QSPIHandle::Init(daisy::QSPIHandle::Config const&)
 .text.HAL_QSPI_MspInit
                0x08002d48      0x11c ../DaisyExamples/libDaisy/build\libdaisy.a(qspi.o)
                0x08002d48                HAL_QSPI_MspInit
 .text.HAL_QSPI_MspDeInit
                0x08002e64       0x54 ../DaisyExamples/libDaisy/build\libdaisy.a(qspi.o)
                0x08002e64                HAL_QSPI_MspDeInit
 .text.QUADSPI_IRQHandler
                0x08002eb8        0xc ../DaisyExamples/libDaisy/build\libdaisy.a(qspi.o)
                0x08002eb8                QUADSPI_IRQHandler
 .text.startup._GLOBAL__sub_I__ZN5daisy10QSPIHandle4Impl4InitERKNS0_6ConfigE
                0x08002ec4       0x28 ../DaisyExamples/libDaisy/build\libdaisy.a(qspi.o)
 .text._ZN5daisy9SaiHandle4Impl7InitDmaENS1_15PeripheralBlockE
                0x08002eec       0xa0 ../DaisyExamples/libDaisy/build\libdaisy.a(sai.o)
                0x08002eec                daisy::SaiHandle::Impl::InitDma(daisy::SaiHandle::Impl::PeripheralBlock)
 .text._ZN5daisy9SaiHandle4Impl8InitPinsEv
                0x08002f8c       0xa8 ../DaisyExamples/libDaisy/build\libdaisy.a(sai.o)
                0x08002f8c                daisy::SaiHandle::Impl::InitPins()
 .text.HAL_SAI_MspInit
                0x08003034      0x164 ../DaisyExamples/libDaisy/build\libdaisy.a(sai.o)
                0x08003034                HAL_SAI_MspInit
 .text.DMA1_Stream0_IRQHandler
                0x08003198        0xc ../DaisyExamples/libDaisy/build\libdaisy.a(sai.o)
                0x08003198                DMA1_Stream0_IRQHandler
 .text.DMA1_Stream1_IRQHandler
                0x080031a4        0xc ../DaisyExamples/libDaisy/build\libdaisy.a(sai.o)
                0x080031a4                DMA1_Stream1_IRQHandler
 .text.DMA1_Stream3_IRQHandler
                0x080031b0        0xc ../DaisyExamples/libDaisy/build\libdaisy.a(sai.o)
                0x080031b0                DMA1_Stream3_IRQHandler
 .text.DMA1_Stream4_IRQHandler
                0x080031bc        0xc ../DaisyExamples/libDaisy/build\libdaisy.a(sai.o)
                0x080031bc                DMA1_Stream4_IRQHandler
 .text.HAL_SAI_RxHalfCpltCallback
                0x080031c8       0x78 ../DaisyExamples/libDaisy/build\libdaisy.a(sai.o)
                0x080031c8                HAL_SAI_RxHalfCpltCallback
 .text.HAL_SAI_RxCpltCallback
                0x08003240       0x70 ../DaisyExamples/libDaisy/build\libdaisy.a(sai.o)
                0x08003240                HAL_SAI_RxCpltCallback
 .text._ZN5daisy9SaiHandle4InitERKNS0_6ConfigE
                0x080032b0      0x1f0 ../DaisyExamples/libDaisy/build\libdaisy.a(sai.o)
                0x080032b0                daisy::SaiHandle::Init(daisy::SaiHandle::Config const&)
 .text._ZNK5daisy9SaiHandle9GetConfigEv
                0x080034a0        0x4 ../DaisyExamples/libDaisy/build\libdaisy.a(sai.o)
                0x080034a0                daisy::SaiHandle::GetConfig() const
 .text._ZN5daisy9SaiHandle8StartDmaEPlS1_jPFvS1_S1_jE
                0x080034a4       0xbc ../DaisyExamples/libDaisy/build\libdaisy.a(sai.o)
                0x080034a4                daisy::SaiHandle::StartDma(long*, long*, unsigned int, void (*)(long*, long*, unsigned int))
 .text._ZN5daisy9SaiHandle13GetSampleRateEv
                0x08003560       0x24 ../DaisyExamples/libDaisy/build\libdaisy.a(sai.o)
                0x08003560                daisy::SaiHandle::GetSampleRate()
 .text._ZNK5daisy9SaiHandle9GetOffsetEv
                0x08003584        0x8 ../DaisyExamples/libDaisy/build\libdaisy.a(sai.o)
                0x08003584                daisy::SaiHandle::GetOffset() const
 .text._ZN5daisy11TimerHandleD2Ev
                0x0800358c        0x4 ../DaisyExamples/libDaisy/build\libdaisy.a(system.o)
                0x0800358c                daisy::TimerHandle::~TimerHandle()
                0x0800358c                daisy::TimerHandle::~TimerHandle()
 .text.SysTick_Handler
                0x08003590       0x10 ../DaisyExamples/libDaisy/build\libdaisy.a(system.o)
                0x08003590                SysTick_Handler
 .text.OTG_HS_EP1_OUT_IRQHandler
                0x080035a0       0x24 ../DaisyExamples/libDaisy/build\libdaisy.a(system.o)
                0x080035a0                OTG_HS_EP1_OUT_IRQHandler
 .text.OTG_HS_EP1_IN_IRQHandler
                0x080035c4       0x24 ../DaisyExamples/libDaisy/build\libdaisy.a(system.o)
                0x080035c4                OTG_HS_EP1_IN_IRQHandler
 .text.OTG_HS_IRQHandler
                0x080035e8       0x24 ../DaisyExamples/libDaisy/build\libdaisy.a(system.o)
                0x080035e8                OTG_HS_IRQHandler
 .text.HardFault_Handler
                0x0800360c       0xe0 ../DaisyExamples/libDaisy/build\libdaisy.a(system.o)
                0x0800360c                HardFault_Handler
 .text._ZN5daisy6System6GetNowEv
                0x080036ec        0x4 ../DaisyExamples/libDaisy/build\libdaisy.a(system.o)
                0x080036ec                daisy::System::GetNow()
 .text._ZN5daisy6System5DelayEm
                0x080036f0        0x4 ../DaisyExamples/libDaisy/build\libdaisy.a(system.o)
                0x080036f0                daisy::System::Delay(unsigned long)
 .text._ZN5daisy6System15ConfigureClocksEv
                0x080036f4      0x194 ../DaisyExamples/libDaisy/build\libdaisy.a(system.o)
                0x080036f4                daisy::System::ConfigureClocks()
 .text._ZN5daisy6System4InitERKNS0_6ConfigE
                0x08003888      0x140 ../DaisyExamples/libDaisy/build\libdaisy.a(system.o)
                0x08003888                daisy::System::Init(daisy::System::Config const&)
 .text._ZN5daisy6System12GetPClk1FreqEv
                0x080039c8        0x4 ../DaisyExamples/libDaisy/build\libdaisy.a(system.o)
                0x080039c8                daisy::System::GetPClk1Freq()
 .text._ZN5daisy6System22GetProgramMemoryRegionEv
                0x080039cc       0x78 ../DaisyExamples/libDaisy/build\libdaisy.a(system.o)
                0x080039cc                daisy::System::GetProgramMemoryRegion()
 .text.startup._GLOBAL__sub_I_SysTick_Handler
                0x08003a44       0x1c ../DaisyExamples/libDaisy/build\libdaisy.a(system.o)
 .text.SystemInit
                0x08003a60       0x9c ../DaisyExamples/libDaisy/build\libdaisy.a(system_stm32h7xx.o)
                0x08003a60                SystemInit
 .text.HAL_PCD_SetupStageCallback
                0x08003afc        0xc ../DaisyExamples/libDaisy/build\libdaisy.a(usbd_conf.o)
                0x08003afc                HAL_PCD_SetupStageCallback
 .text.HAL_PCD_DataOutStageCallback
                0x08003b08       0x14 ../DaisyExamples/libDaisy/build\libdaisy.a(usbd_conf.o)
                0x08003b08                HAL_PCD_DataOutStageCallback
 .text.HAL_PCD_DataInStageCallback
                0x08003b1c       0x14 ../DaisyExamples/libDaisy/build\libdaisy.a(usbd_conf.o)
                0x08003b1c                HAL_PCD_DataInStageCallback
 .text.HAL_PCD_SOFCallback
                0x08003b30        0x8 ../DaisyExamples/libDaisy/build\libdaisy.a(usbd_conf.o)
                0x08003b30                HAL_PCD_SOFCallback
 .text.HAL_PCD_ResetCallback
                0x08003b38       0x24 ../DaisyExamples/libDaisy/build\libdaisy.a(usbd_conf.o)
                0x08003b38                HAL_PCD_ResetCallback
 .text.HAL_PCD_SuspendCallback
                0x08003b5c       0x30 ../DaisyExamples/libDaisy/build\libdaisy.a(usbd_conf.o)
                0x08003b5c                HAL_PCD_SuspendCallback
 .text.HAL_PCD_ResumeCallback
                0x08003b8c        0x8 ../DaisyExamples/libDaisy/build\libdaisy.a(usbd_conf.o)
                0x08003b8c                HAL_PCD_ResumeCallback
 .text.HAL_PCD_ISOOUTIncompleteCallback
                0x08003b94        0x8 ../DaisyExamples/libDaisy/build\libdaisy.a(usbd_conf.o)
                0x08003b94                HAL_PCD_ISOOUTIncompleteCallback
 .text.HAL_PCD_ISOINIncompleteCallback
                0x08003b9c        0x8 ../DaisyExamples/libDaisy/build\libdaisy.a(usbd_conf.o)
                0x08003b9c                HAL_PCD_ISOINIncompleteCallback
 .text.HAL_PCD_ConnectCallback
                0x08003ba4        0x8 ../DaisyExamples/libDaisy/build\libdaisy.a(usbd_conf.o)
                0x08003ba4                HAL_PCD_ConnectCallback
 .text.HAL_PCD_DisconnectCallback
                0x08003bac        0x8 ../DaisyExamples/libDaisy/build\libdaisy.a(usbd_conf.o)
                0x08003bac                HAL_PCD_DisconnectCallback
 .text.USBD_LL_OpenEP
                0x08003bb4       0x24 ../DaisyExamples/libDaisy/build\libdaisy.a(usbd_conf.o)
                0x08003bb4                USBD_LL_OpenEP
 .text.USBD_LL_StallEP
                0x08003bd8       0x1c ../DaisyExamples/libDaisy/build\libdaisy.a(usbd_conf.o)
                0x08003bd8                USBD_LL_StallEP
 .text.USBD_LL_ClearStallEP
                0x08003bf4       0x1c ../DaisyExamples/libDaisy/build\libdaisy.a(usbd_conf.o)
                0x08003bf4                USBD_LL_ClearStallEP
 .text.USBD_LL_IsStallEP
                0x08003c10       0x28 ../DaisyExamples/libDaisy/build\libdaisy.a(usbd_conf.o)
                0x08003c10                USBD_LL_IsStallEP
 .text.USBD_LL_SetUSBAddress
                0x08003c38       0x1c ../DaisyExamples/libDaisy/build\libdaisy.a(usbd_conf.o)
                0x08003c38                USBD_LL_SetUSBAddress
 .text.USBD_LL_Transmit
                0x08003c54       0x1c ../DaisyExamples/libDaisy/build\libdaisy.a(usbd_conf.o)
                0x08003c54                USBD_LL_Transmit
 .text.USBD_LL_PrepareReceive
                0x08003c70       0x1c ../DaisyExamples/libDaisy/build\libdaisy.a(usbd_conf.o)
                0x08003c70                USBD_LL_PrepareReceive
 .text.HAL_HCD_SOF_Callback
                0x08003c8c        0x8 ../DaisyExamples/libDaisy/build\libdaisy.a(usbh_conf.o)
                0x08003c8c                HAL_HCD_SOF_Callback
 .text.HAL_HCD_Connect_Callback
                0x08003c94        0x8 ../DaisyExamples/libDaisy/build\libdaisy.a(usbh_conf.o)
                0x08003c94                HAL_HCD_Connect_Callback
 .text.HAL_HCD_Disconnect_Callback
                0x08003c9c        0x8 ../DaisyExamples/libDaisy/build\libdaisy.a(usbh_conf.o)
                0x08003c9c                HAL_HCD_Disconnect_Callback
 .text.HAL_HCD_HC_NotifyURBChange_Callback
                0x08003ca4        0x4 ../DaisyExamples/libDaisy/build\libdaisy.a(usbh_conf.o)
                0x08003ca4                HAL_HCD_HC_NotifyURBChange_Callback
 .text.HAL_HCD_PortEnabled_Callback
                0x08003ca8        0x8 ../DaisyExamples/libDaisy/build\libdaisy.a(usbh_conf.o)
                0x08003ca8                HAL_HCD_PortEnabled_Callback
 .text.HAL_HCD_PortDisabled_Callback
                0x08003cb0        0x8 ../DaisyExamples/libDaisy/build\libdaisy.a(usbh_conf.o)
                0x08003cb0                HAL_HCD_PortDisabled_Callback
 .text.USBH_LL_Stop
                0x08003cb8       0x1c ../DaisyExamples/libDaisy/build\libdaisy.a(usbh_conf.o)
                0x08003cb8                USBH_LL_Stop
 .text.dsy_hal_map_get_port
                0x08003cd4       0x10 ../DaisyExamples/libDaisy/build\libdaisy.a(hal_map.o)
                0x08003cd4                dsy_hal_map_get_port
 .text.dsy_hal_map_get_pin
                0x08003ce4       0x10 ../DaisyExamples/libDaisy/build\libdaisy.a(hal_map.o)
                0x08003ce4                dsy_hal_map_get_pin
 .text.dsy_hal_map_gpio_clk_enable
                0x08003cf4      0x150 ../DaisyExamples/libDaisy/build\libdaisy.a(hal_map.o)
                0x08003cf4                dsy_hal_map_gpio_clk_enable
 .text.HAL_MspInit
                0x08003e44        0x4 ../DaisyExamples/libDaisy/build\libdaisy.a(stm32h7xx_hal.o)
                0x08003e44                HAL_MspInit
 .text.HAL_InitTick
                0x08003e48       0x4c ../DaisyExamples/libDaisy/build\libdaisy.a(stm32h7xx_hal.o)
                0x08003e48                HAL_InitTick
 .text.HAL_Init
                0x08003e94       0x60 ../DaisyExamples/libDaisy/build\libdaisy.a(stm32h7xx_hal.o)
                0x08003e94                HAL_Init
 .text.HAL_IncTick
                0x08003ef4       0x18 ../DaisyExamples/libDaisy/build\libdaisy.a(stm32h7xx_hal.o)
                0x08003ef4                HAL_IncTick
 .text.HAL_GetTick
                0x08003f0c        0xc ../DaisyExamples/libDaisy/build\libdaisy.a(stm32h7xx_hal.o)
                0x08003f0c                HAL_GetTick
 .text.HAL_Delay
                0x08003f18       0x24 ../DaisyExamples/libDaisy/build\libdaisy.a(stm32h7xx_hal.o)
                0x08003f18                HAL_Delay
 .text.HAL_GetREVID
                0x08003f3c        0xc ../DaisyExamples/libDaisy/build\libdaisy.a(stm32h7xx_hal.o)
                0x08003f3c                HAL_GetREVID
 .text.HAL_NVIC_SetPriorityGrouping
                0x08003f48       0x24 ../DaisyExamples/libDaisy/build\libdaisy.a(stm32h7xx_hal_cortex.o)
                0x08003f48                HAL_NVIC_SetPriorityGrouping
 .text.HAL_NVIC_SetPriority
                0x08003f6c       0x7c ../DaisyExamples/libDaisy/build\libdaisy.a(stm32h7xx_hal_cortex.o)
                0x08003f6c                HAL_NVIC_SetPriority
 .text.HAL_NVIC_EnableIRQ
                0x08003fe8       0x1c ../DaisyExamples/libDaisy/build\libdaisy.a(stm32h7xx_hal_cortex.o)
                0x08003fe8                HAL_NVIC_EnableIRQ
 .text.HAL_NVIC_DisableIRQ
                0x08004004       0x28 ../DaisyExamples/libDaisy/build\libdaisy.a(stm32h7xx_hal_cortex.o)
                0x08004004                HAL_NVIC_DisableIRQ
 .text.HAL_SYSTICK_Config
                0x0800402c       0x2c ../DaisyExamples/libDaisy/build\libdaisy.a(stm32h7xx_hal_cortex.o)
                0x0800402c                HAL_SYSTICK_Config
 .text.HAL_MPU_Disable
                0x08004058       0x1c ../DaisyExamples/libDaisy/build\libdaisy.a(stm32h7xx_hal_cortex.o)
                0x08004058                HAL_MPU_Disable
 .text.HAL_MPU_Enable
                0x08004074       0x20 ../DaisyExamples/libDaisy/build\libdaisy.a(stm32h7xx_hal_cortex.o)
                0x08004074                HAL_MPU_Enable
 .text.HAL_MPU_ConfigRegion
                0x08004094       0x64 ../DaisyExamples/libDaisy/build\libdaisy.a(stm32h7xx_hal_cortex.o)
                0x08004094                HAL_MPU_ConfigRegion
 .text.HAL_SYSTICK_Callback
                0x080040f8        0x4 ../DaisyExamples/libDaisy/build\libdaisy.a(stm32h7xx_hal_cortex.o)
                0x080040f8                HAL_SYSTICK_Callback
 .text.HAL_SYSTICK_IRQHandler
                0x080040fc        0x8 ../DaisyExamples/libDaisy/build\libdaisy.a(stm32h7xx_hal_cortex.o)
                0x080040fc                HAL_SYSTICK_IRQHandler
 .text.DMA_CalcBaseAndBitshift
                0x08004104       0xf4 ../DaisyExamples/libDaisy/build\libdaisy.a(stm32h7xx_hal_dma.o)
 .text.DMA_CalcDMAMUXChannelBaseAndMask
                0x080041f8       0xd8 ../DaisyExamples/libDaisy/build\libdaisy.a(stm32h7xx_hal_dma.o)
 .text.HAL_DMA_Init
                0x080042d0      0x37c ../DaisyExamples/libDaisy/build\libdaisy.a(stm32h7xx_hal_dma.o)
                0x080042d0                HAL_DMA_Init
 .text.HAL_DMA_Start_IT
                0x0800464c      0x240 ../DaisyExamples/libDaisy/build\libdaisy.a(stm32h7xx_hal_dma.o)
                0x0800464c                HAL_DMA_Start_IT
 .text.HAL_DMA_Abort_IT
                0x0800488c      0x134 ../DaisyExamples/libDaisy/build\libdaisy.a(stm32h7xx_hal_dma.o)
                0x0800488c                HAL_DMA_Abort_IT
 .text.HAL_DMA_IRQHandler
                0x080049c0      0x6a0 ../DaisyExamples/libDaisy/build\libdaisy.a(stm32h7xx_hal_dma.o)
                0x080049c0                HAL_DMA_IRQHandler
 .text.HAL_DMA_GetError
                0x08005060        0x4 ../DaisyExamples/libDaisy/build\libdaisy.a(stm32h7xx_hal_dma.o)
                0x08005060                HAL_DMA_GetError
 .text.HAL_GPIO_Init
                0x08005064      0x280 ../DaisyExamples/libDaisy/build\libdaisy.a(stm32h7xx_hal_gpio.o)
                0x08005064                HAL_GPIO_Init
 .text.HAL_GPIO_DeInit
                0x080052e4      0x190 ../DaisyExamples/libDaisy/build\libdaisy.a(stm32h7xx_hal_gpio.o)
                0x080052e4                HAL_GPIO_DeInit
 .text.HAL_GPIO_ReadPin
                0x08005474        0xc ../DaisyExamples/libDaisy/build\libdaisy.a(stm32h7xx_hal_gpio.o)
                0x08005474                HAL_GPIO_ReadPin
 .text.HAL_GPIO_WritePin
                0x08005480        0x8 ../DaisyExamples/libDaisy/build\libdaisy.a(stm32h7xx_hal_gpio.o)
                0x08005480                HAL_GPIO_WritePin
 .text.HAL_HCD_IRQHandler
                0x08005488      0x780 ../DaisyExamples/libDaisy/build\libdaisy.a(stm32h7xx_hal_hcd.o)
                0x08005488                HAL_HCD_IRQHandler
 .text.HAL_HCD_Stop
                0x08005c08       0x28 ../DaisyExamples/libDaisy/build\libdaisy.a(stm32h7xx_hal_hcd.o)
                0x08005c08                HAL_HCD_Stop
 .text.I2C_WaitOnTXISFlagUntilTimeout
                0x08005c30       0xb8 ../DaisyExamples/libDaisy/build\libdaisy.a(stm32h7xx_hal_i2c.o)
 .text.I2C_WaitOnSTOPFlagUntilTimeout
                0x08005ce8       0xac ../DaisyExamples/libDaisy/build\libdaisy.a(stm32h7xx_hal_i2c.o)
 .text.HAL_I2C_Init
                0x08005d94       0xac ../DaisyExamples/libDaisy/build\libdaisy.a(stm32h7xx_hal_i2c.o)
                0x08005d94                HAL_I2C_Init
 .text.HAL_I2C_Master_Transmit
                0x08005e40      0x1a8 ../DaisyExamples/libDaisy/build\libdaisy.a(stm32h7xx_hal_i2c.o)
                0x08005e40                HAL_I2C_Master_Transmit
 .text.HAL_I2C_Slave_Transmit
                0x08005fe8      0x1c8 ../DaisyExamples/libDaisy/build\libdaisy.a(stm32h7xx_hal_i2c.o)
                0x08005fe8                HAL_I2C_Slave_Transmit
 .text.HAL_I2C_EV_IRQHandler
                0x080061b0       0x10 ../DaisyExamples/libDaisy/build\libdaisy.a(stm32h7xx_hal_i2c.o)
                0x080061b0                HAL_I2C_EV_IRQHandler
 .text.HAL_I2C_GetState
                0x080061c0        0x8 ../DaisyExamples/libDaisy/build\libdaisy.a(stm32h7xx_hal_i2c.o)
                0x080061c0                HAL_I2C_GetState
 .text.HAL_I2CEx_ConfigAnalogFilter
                0x080061c8       0x54 ../DaisyExamples/libDaisy/build\libdaisy.a(stm32h7xx_hal_i2c_ex.o)
                0x080061c8                HAL_I2CEx_ConfigAnalogFilter
 .text.HAL_I2CEx_ConfigDigitalFilter
                0x0800621c       0x58 ../DaisyExamples/libDaisy/build\libdaisy.a(stm32h7xx_hal_i2c_ex.o)
                0x0800621c                HAL_I2CEx_ConfigDigitalFilter
 .text.HAL_PCD_IRQHandler
                0x08006274      0x69c ../DaisyExamples/libDaisy/build\libdaisy.a(stm32h7xx_hal_pcd.o)
                0x08006274                HAL_PCD_IRQHandler
 .text.HAL_PCD_SetAddress
                0x08006910       0x2c ../DaisyExamples/libDaisy/build\libdaisy.a(stm32h7xx_hal_pcd.o)
                0x08006910                HAL_PCD_SetAddress
 .text.HAL_PCD_EP_Open
                0x0800693c       0x7c ../DaisyExamples/libDaisy/build\libdaisy.a(stm32h7xx_hal_pcd.o)
                0x0800693c                HAL_PCD_EP_Open
 .text.HAL_PCD_EP_Receive
                0x080069b8       0x50 ../DaisyExamples/libDaisy/build\libdaisy.a(stm32h7xx_hal_pcd.o)
                0x080069b8                HAL_PCD_EP_Receive
 .text.HAL_PCD_EP_Transmit
                0x08006a08       0x50 ../DaisyExamples/libDaisy/build\libdaisy.a(stm32h7xx_hal_pcd.o)
                0x08006a08                HAL_PCD_EP_Transmit
 .text.HAL_PCD_EP_SetStall
                0x08006a58       0x88 ../DaisyExamples/libDaisy/build\libdaisy.a(stm32h7xx_hal_pcd.o)
                0x08006a58                HAL_PCD_EP_SetStall
 .text.HAL_PCD_EP_ClrStall
                0x08006ae0       0x78 ../DaisyExamples/libDaisy/build\libdaisy.a(stm32h7xx_hal_pcd.o)
                0x08006ae0                HAL_PCD_EP_ClrStall
 .text.HAL_PCDEx_LPM_Callback
                0x08006b58        0x4 ../DaisyExamples/libDaisy/build\libdaisy.a(stm32h7xx_hal_pcd_ex.o)
                0x08006b58                HAL_PCDEx_LPM_Callback
 .text.HAL_PWREx_ConfigSupply
                0x08006b5c       0x4c ../DaisyExamples/libDaisy/build\libdaisy.a(stm32h7xx_hal_pwr_ex.o)
                0x08006b5c                HAL_PWREx_ConfigSupply
 .text.HAL_PWREx_EnableUSBVoltageDetector
                0x08006ba8       0x10 ../DaisyExamples/libDaisy/build\libdaisy.a(stm32h7xx_hal_pwr_ex.o)
                0x08006ba8                HAL_PWREx_EnableUSBVoltageDetector
 .text.QSPI_Config
                0x08006bb8      0x174 ../DaisyExamples/libDaisy/build\libdaisy.a(stm32h7xx_hal_qspi.o)
 .text.HAL_QSPI_Init
                0x08006d2c       0xd8 ../DaisyExamples/libDaisy/build\libdaisy.a(stm32h7xx_hal_qspi.o)
                0x08006d2c                HAL_QSPI_Init
 .text.HAL_QSPI_DeInit
                0x08006e04       0x3c ../DaisyExamples/libDaisy/build\libdaisy.a(stm32h7xx_hal_qspi.o)
                0x08006e04                HAL_QSPI_DeInit
 .text.HAL_QSPI_Command
                0x08006e40       0xd4 ../DaisyExamples/libDaisy/build\libdaisy.a(stm32h7xx_hal_qspi.o)
                0x08006e40                HAL_QSPI_Command
 .text.HAL_QSPI_Transmit
                0x08006f14       0xfc ../DaisyExamples/libDaisy/build\libdaisy.a(stm32h7xx_hal_qspi.o)
                0x08006f14                HAL_QSPI_Transmit
 .text.HAL_QSPI_Receive
                0x08007010      0x108 ../DaisyExamples/libDaisy/build\libdaisy.a(stm32h7xx_hal_qspi.o)
                0x08007010                HAL_QSPI_Receive
 .text.HAL_QSPI_AutoPolling
                0x08007118       0xf0 ../DaisyExamples/libDaisy/build\libdaisy.a(stm32h7xx_hal_qspi.o)
                0x08007118                HAL_QSPI_AutoPolling
 .text.HAL_QSPI_MemoryMapped
                0x08007208       0xc0 ../DaisyExamples/libDaisy/build\libdaisy.a(stm32h7xx_hal_qspi.o)
                0x08007208                HAL_QSPI_MemoryMapped
 .text.HAL_QSPI_ErrorCallback
                0x080072c8        0x4 ../DaisyExamples/libDaisy/build\libdaisy.a(stm32h7xx_hal_qspi.o)
                0x080072c8                HAL_QSPI_ErrorCallback
 .text.QSPI_DMAAbortCplt
                0x080072cc       0x38 ../DaisyExamples/libDaisy/build\libdaisy.a(stm32h7xx_hal_qspi.o)
 .text.HAL_QSPI_AbortCpltCallback
                0x08007304        0x4 ../DaisyExamples/libDaisy/build\libdaisy.a(stm32h7xx_hal_qspi.o)
                0x08007304                HAL_QSPI_AbortCpltCallback
 .text.HAL_QSPI_CmdCpltCallback
                0x08007308        0x4 ../DaisyExamples/libDaisy/build\libdaisy.a(stm32h7xx_hal_qspi.o)
                0x08007308                HAL_QSPI_CmdCpltCallback
 .text.HAL_QSPI_RxCpltCallback
                0x0800730c        0x4 ../DaisyExamples/libDaisy/build\libdaisy.a(stm32h7xx_hal_qspi.o)
                0x0800730c                HAL_QSPI_RxCpltCallback
 .text.HAL_QSPI_TxCpltCallback
                0x08007310        0x4 ../DaisyExamples/libDaisy/build\libdaisy.a(stm32h7xx_hal_qspi.o)
                0x08007310                HAL_QSPI_TxCpltCallback
 .text.HAL_QSPI_FifoThresholdCallback
                0x08007314        0x4 ../DaisyExamples/libDaisy/build\libdaisy.a(stm32h7xx_hal_qspi.o)
                0x08007314                HAL_QSPI_FifoThresholdCallback
 .text.HAL_QSPI_StatusMatchCallback
                0x08007318        0x4 ../DaisyExamples/libDaisy/build\libdaisy.a(stm32h7xx_hal_qspi.o)
                0x08007318                HAL_QSPI_StatusMatchCallback
 .text.HAL_QSPI_TimeOutCallback
                0x0800731c        0x4 ../DaisyExamples/libDaisy/build\libdaisy.a(stm32h7xx_hal_qspi.o)
                0x0800731c                HAL_QSPI_TimeOutCallback
 .text.HAL_QSPI_IRQHandler
                0x08007320      0x210 ../DaisyExamples/libDaisy/build\libdaisy.a(stm32h7xx_hal_qspi.o)
                0x08007320                HAL_QSPI_IRQHandler
 .text.HAL_RCC_OscConfig
                0x08007530      0x51c ../DaisyExamples/libDaisy/build\libdaisy.a(stm32h7xx_hal_rcc.o)
                0x08007530                HAL_RCC_OscConfig
 .text.HAL_RCC_GetSysClockFreq
                0x08007a4c      0x140 ../DaisyExamples/libDaisy/build\libdaisy.a(stm32h7xx_hal_rcc.o)
                0x08007a4c                HAL_RCC_GetSysClockFreq
 .text.HAL_RCC_ClockConfig
                0x08007b8c      0x234 ../DaisyExamples/libDaisy/build\libdaisy.a(stm32h7xx_hal_rcc.o)
                0x08007b8c                HAL_RCC_ClockConfig
 .text.HAL_RCC_GetHCLKFreq
                0x08007dc0       0x2c ../DaisyExamples/libDaisy/build\libdaisy.a(stm32h7xx_hal_rcc.o)
                0x08007dc0                HAL_RCC_GetHCLKFreq
 .text.HAL_RCC_GetPCLK1Freq
                0x08007dec       0x38 ../DaisyExamples/libDaisy/build\libdaisy.a(stm32h7xx_hal_rcc.o)
                0x08007dec                HAL_RCC_GetPCLK1Freq
 .text.HAL_RCC_GetPCLK2Freq
                0x08007e24       0x38 ../DaisyExamples/libDaisy/build\libdaisy.a(stm32h7xx_hal_rcc.o)
                0x08007e24                HAL_RCC_GetPCLK2Freq
 .text.RCCEx_PLL2_Config
                0x08007e5c       0xf4 ../DaisyExamples/libDaisy/build\libdaisy.a(stm32h7xx_hal_rcc_ex.o)
 .text.RCCEx_PLL3_Config
                0x08007f50       0xf4 ../DaisyExamples/libDaisy/build\libdaisy.a(stm32h7xx_hal_rcc_ex.o)
 .text.HAL_RCCEx_PeriphCLKConfig
                0x08008044      0xa7c ../DaisyExamples/libDaisy/build\libdaisy.a(stm32h7xx_hal_rcc_ex.o)
                0x08008044                HAL_RCCEx_PeriphCLKConfig
 .text.HAL_RCCEx_GetD3PCLK1Freq
                0x08008ac0       0x24 ../DaisyExamples/libDaisy/build\libdaisy.a(stm32h7xx_hal_rcc_ex.o)
                0x08008ac0                HAL_RCCEx_GetD3PCLK1Freq
 .text.HAL_RCCEx_GetPLL2ClockFreq
                0x08008ae4      0x17c ../DaisyExamples/libDaisy/build\libdaisy.a(stm32h7xx_hal_rcc_ex.o)
                0x08008ae4                HAL_RCCEx_GetPLL2ClockFreq
 .text.HAL_RCCEx_GetPLL3ClockFreq
                0x08008c60      0x17c ../DaisyExamples/libDaisy/build\libdaisy.a(stm32h7xx_hal_rcc_ex.o)
                0x08008c60                HAL_RCCEx_GetPLL3ClockFreq
 .text.HAL_RCCEx_GetPLL1ClockFreq
                0x08008ddc      0x17c ../DaisyExamples/libDaisy/build\libdaisy.a(stm32h7xx_hal_rcc_ex.o)
                0x08008ddc                HAL_RCCEx_GetPLL1ClockFreq
 .text.HAL_RCCEx_GetPeriphCLKFreq
                0x08008f58      0x198 ../DaisyExamples/libDaisy/build\libdaisy.a(stm32h7xx_hal_rcc_ex.o)
                0x08008f58                HAL_RCCEx_GetPeriphCLKFreq
 .text.HAL_RCCEx_GetD1SysClockFreq
                0x080090f0       0x2c ../DaisyExamples/libDaisy/build\libdaisy.a(stm32h7xx_hal_rcc_ex.o)
                0x080090f0                HAL_RCCEx_GetD1SysClockFreq
 .text.HAL_SAI_Init.part.0
                0x0800911c      0x348 ../DaisyExamples/libDaisy/build\libdaisy.a(stm32h7xx_hal_sai.o)
 .text.HAL_SAI_InitProtocol
                0x08009464      0x178 ../DaisyExamples/libDaisy/build\libdaisy.a(stm32h7xx_hal_sai.o)
                0x08009464                HAL_SAI_InitProtocol
 .text.HAL_SAI_Transmit_DMA
                0x080095dc      0x124 ../DaisyExamples/libDaisy/build\libdaisy.a(stm32h7xx_hal_sai.o)
                0x080095dc                HAL_SAI_Transmit_DMA
 .text.HAL_SAI_Receive_DMA
                0x08009700       0xd0 ../DaisyExamples/libDaisy/build\libdaisy.a(stm32h7xx_hal_sai.o)
                0x08009700                HAL_SAI_Receive_DMA
 .text.HAL_SAI_TxCpltCallback
                0x080097d0        0x4 ../DaisyExamples/libDaisy/build\libdaisy.a(stm32h7xx_hal_sai.o)
                0x080097d0                HAL_SAI_TxCpltCallback
 .text.SAI_DMATxCplt
                0x080097d4       0x64 ../DaisyExamples/libDaisy/build\libdaisy.a(stm32h7xx_hal_sai.o)
 .text.HAL_SAI_TxHalfCpltCallback
                0x08009838        0x4 ../DaisyExamples/libDaisy/build\libdaisy.a(stm32h7xx_hal_sai.o)
                0x08009838                HAL_SAI_TxHalfCpltCallback
 .text.SAI_DMATxHalfCplt
                0x0800983c        0xc ../DaisyExamples/libDaisy/build\libdaisy.a(stm32h7xx_hal_sai.o)
 .text.SAI_DMARxCplt
                0x08009848       0x64 ../DaisyExamples/libDaisy/build\libdaisy.a(stm32h7xx_hal_sai.o)
 .text.SAI_DMARxHalfCplt
                0x080098ac        0xc ../DaisyExamples/libDaisy/build\libdaisy.a(stm32h7xx_hal_sai.o)
 .text.HAL_SAI_ErrorCallback
                0x080098b8        0x4 ../DaisyExamples/libDaisy/build\libdaisy.a(stm32h7xx_hal_sai.o)
                0x080098b8                HAL_SAI_ErrorCallback
 .text.SAI_DMAError
                0x080098bc       0x6c ../DaisyExamples/libDaisy/build\libdaisy.a(stm32h7xx_hal_sai.o)
 .text.HAL_SDRAM_Init
                0x08009928       0x54 ../DaisyExamples/libDaisy/build\libdaisy.a(stm32h7xx_hal_sdram.o)
                0x08009928                HAL_SDRAM_Init
 .text.HAL_SDRAM_SendCommand
                0x0800997c       0x40 ../DaisyExamples/libDaisy/build\libdaisy.a(stm32h7xx_hal_sdram.o)
                0x0800997c                HAL_SDRAM_SendCommand
 .text.HAL_SDRAM_ProgramRefreshRate
                0x080099bc       0x30 ../DaisyExamples/libDaisy/build\libdaisy.a(stm32h7xx_hal_sdram.o)
                0x080099bc                HAL_SDRAM_ProgramRefreshRate
 .text.FMC_SDRAM_Init
                0x080099ec       0x7c ../DaisyExamples/libDaisy/build\libdaisy.a(stm32h7xx_ll_fmc.o)
                0x080099ec                FMC_SDRAM_Init
 .text.FMC_SDRAM_Timing_Init
                0x08009a68       0x98 ../DaisyExamples/libDaisy/build\libdaisy.a(stm32h7xx_ll_fmc.o)
                0x08009a68                FMC_SDRAM_Timing_Init
 .text.FMC_SDRAM_SendCommand
                0x08009b00       0x28 ../DaisyExamples/libDaisy/build\libdaisy.a(stm32h7xx_ll_fmc.o)
                0x08009b00                FMC_SDRAM_SendCommand
 .text.FMC_SDRAM_ProgramRefreshRate
                0x08009b28       0x1c ../DaisyExamples/libDaisy/build\libdaisy.a(stm32h7xx_ll_fmc.o)
                0x08009b28                FMC_SDRAM_ProgramRefreshRate
 .text.USB_SetTurnaroundTime
                0x08009b44      0x104 ../DaisyExamples/libDaisy/build\libdaisy.a(stm32h7xx_ll_usb.o)
                0x08009b44                USB_SetTurnaroundTime
 .text.USB_FlushTxFifo
                0x08009c48       0x34 ../DaisyExamples/libDaisy/build\libdaisy.a(stm32h7xx_ll_usb.o)
                0x08009c48                USB_FlushTxFifo
 .text.USB_GetDevSpeed
                0x08009c7c       0x24 ../DaisyExamples/libDaisy/build\libdaisy.a(stm32h7xx_ll_usb.o)
                0x08009c7c                USB_GetDevSpeed
 .text.USB_ActivateEndpoint
                0x08009ca0       0x90 ../DaisyExamples/libDaisy/build\libdaisy.a(stm32h7xx_ll_usb.o)
                0x08009ca0                USB_ActivateEndpoint
 .text.USB_EPStartXfer
                0x08009d30      0x230 ../DaisyExamples/libDaisy/build\libdaisy.a(stm32h7xx_ll_usb.o)
                0x08009d30                USB_EPStartXfer
 .text.USB_EP0StartXfer
                0x08009f60      0x174 ../DaisyExamples/libDaisy/build\libdaisy.a(stm32h7xx_ll_usb.o)
                0x08009f60                USB_EP0StartXfer
 .text.USB_WritePacket
                0x0800a0d4       0x2c ../DaisyExamples/libDaisy/build\libdaisy.a(stm32h7xx_ll_usb.o)
                0x0800a0d4                USB_WritePacket
 .text.USB_ReadPacket
                0x0800a100       0x20 ../DaisyExamples/libDaisy/build\libdaisy.a(stm32h7xx_ll_usb.o)
                0x0800a100                USB_ReadPacket
 .text.USB_EPSetStall
                0x0800a120       0x68 ../DaisyExamples/libDaisy/build\libdaisy.a(stm32h7xx_ll_usb.o)
                0x0800a120                USB_EPSetStall
 .text.USB_EPClearStall
                0x0800a188       0x58 ../DaisyExamples/libDaisy/build\libdaisy.a(stm32h7xx_ll_usb.o)
                0x0800a188                USB_EPClearStall
 .text.USB_SetDevAddress
                0x0800a1e0       0x24 ../DaisyExamples/libDaisy/build\libdaisy.a(stm32h7xx_ll_usb.o)
                0x0800a1e0                USB_SetDevAddress
 .text.USB_ReadInterrupts
                0x0800a204       0x14 ../DaisyExamples/libDaisy/build\libdaisy.a(stm32h7xx_ll_usb.o)
                0x0800a204                USB_ReadInterrupts
 .text.USB_ReadDevAllOutEpInterrupt
                0x0800a218       0x1c ../DaisyExamples/libDaisy/build\libdaisy.a(stm32h7xx_ll_usb.o)
                0x0800a218                USB_ReadDevAllOutEpInterrupt
 .text.USB_ReadDevAllInEpInterrupt
                0x0800a234       0x1c ../DaisyExamples/libDaisy/build\libdaisy.a(stm32h7xx_ll_usb.o)
                0x0800a234                USB_ReadDevAllInEpInterrupt
 .text.USB_ReadDevOutEPInterrupt
                0x0800a250       0x1c ../DaisyExamples/libDaisy/build\libdaisy.a(stm32h7xx_ll_usb.o)
                0x0800a250                USB_ReadDevOutEPInterrupt
 .text.USB_ReadDevInEPInterrupt
                0x0800a26c       0x38 ../DaisyExamples/libDaisy/build\libdaisy.a(stm32h7xx_ll_usb.o)
                0x0800a26c                USB_ReadDevInEPInterrupt
 .text.USB_GetMode
                0x0800a2a4        0x8 ../DaisyExamples/libDaisy/build\libdaisy.a(stm32h7xx_ll_usb.o)
                0x0800a2a4                USB_GetMode
 .text.USB_ActivateSetup
                0x0800a2ac       0x38 ../DaisyExamples/libDaisy/build\libdaisy.a(stm32h7xx_ll_usb.o)
                0x0800a2ac                USB_ActivateSetup
 .text.USB_EP0_OutStart
                0x0800a2e4       0x58 ../DaisyExamples/libDaisy/build\libdaisy.a(stm32h7xx_ll_usb.o)
                0x0800a2e4                USB_EP0_OutStart
 .text.USB_InitFSLSPClkSel
                0x0800a33c       0x44 ../DaisyExamples/libDaisy/build\libdaisy.a(stm32h7xx_ll_usb.o)
                0x0800a33c                USB_InitFSLSPClkSel
 .text.USB_HC_ReadInterrupt
                0x0800a380        0x8 ../DaisyExamples/libDaisy/build\libdaisy.a(stm32h7xx_ll_usb.o)
                0x0800a380                USB_HC_ReadInterrupt
 .text.USB_HC_Halt
                0x0800a388       0xc0 ../DaisyExamples/libDaisy/build\libdaisy.a(stm32h7xx_ll_usb.o)
                0x0800a388                USB_HC_Halt
 .text.USB_StopHost
                0x0800a448      0x2ec ../DaisyExamples/libDaisy/build\libdaisy.a(stm32h7xx_ll_usb.o)
                0x0800a448                USB_StopHost
 .text.USBD_SetClassConfig
                0x0800a734       0x14 ../DaisyExamples/libDaisy/build\libdaisy.a(usbd_core.o)
                0x0800a734                USBD_SetClassConfig
 .text.USBD_ClrClassConfig
                0x0800a748       0x10 ../DaisyExamples/libDaisy/build\libdaisy.a(usbd_core.o)
                0x0800a748                USBD_ClrClassConfig
 .text.USBD_LL_SetupStage
                0x0800a758       0x5c ../DaisyExamples/libDaisy/build\libdaisy.a(usbd_core.o)
                0x0800a758                USBD_LL_SetupStage
 .text.USBD_LL_DataOutStage
                0x0800a7b4       0x7c ../DaisyExamples/libDaisy/build\libdaisy.a(usbd_core.o)
                0x0800a7b4                USBD_LL_DataOutStage
 .text.USBD_LL_DataInStage
                0x0800a830       0xcc ../DaisyExamples/libDaisy/build\libdaisy.a(usbd_core.o)
                0x0800a830                USBD_LL_DataInStage
 .text.USBD_LL_Reset
                0x0800a8fc       0x50 ../DaisyExamples/libDaisy/build\libdaisy.a(usbd_core.o)
                0x0800a8fc                USBD_LL_Reset
 .text.USBD_LL_SetSpeed
                0x0800a94c        0x8 ../DaisyExamples/libDaisy/build\libdaisy.a(usbd_core.o)
                0x0800a94c                USBD_LL_SetSpeed
 .text.USBD_LL_Suspend
                0x0800a954       0x14 ../DaisyExamples/libDaisy/build\libdaisy.a(usbd_core.o)
                0x0800a954                USBD_LL_Suspend
 .text.USBD_LL_Resume
                0x0800a968       0x10 ../DaisyExamples/libDaisy/build\libdaisy.a(usbd_core.o)
                0x0800a968                USBD_LL_Resume
 .text.USBD_LL_SOF
                0x0800a978       0x1c ../DaisyExamples/libDaisy/build\libdaisy.a(usbd_core.o)
                0x0800a978                USBD_LL_SOF
 .text.USBD_LL_IsoINIncomplete
                0x0800a994        0x4 ../DaisyExamples/libDaisy/build\libdaisy.a(usbd_core.o)
                0x0800a994                USBD_LL_IsoINIncomplete
 .text.USBD_LL_IsoOUTIncomplete
                0x0800a998        0x4 ../DaisyExamples/libDaisy/build\libdaisy.a(usbd_core.o)
                0x0800a998                USBD_LL_IsoOUTIncomplete
 .text.USBD_LL_DevConnected
                0x0800a99c        0x4 ../DaisyExamples/libDaisy/build\libdaisy.a(usbd_core.o)
                0x0800a99c                USBD_LL_DevConnected
 .text.USBD_LL_DevDisconnected
                0x0800a9a0       0x18 ../DaisyExamples/libDaisy/build\libdaisy.a(usbd_core.o)
                0x0800a9a0                USBD_LL_DevDisconnected
 .text.USBD_StdDevReq
                0x0800a9b8      0x304 ../DaisyExamples/libDaisy/build\libdaisy.a(usbd_ctlreq.o)
                0x0800a9b8                USBD_StdDevReq
 .text.USBD_StdItfReq
                0x0800acbc       0x68 ../DaisyExamples/libDaisy/build\libdaisy.a(usbd_ctlreq.o)
                0x0800acbc                USBD_StdItfReq
 .text.USBD_StdEPReq
                0x0800ad24      0x13c ../DaisyExamples/libDaisy/build\libdaisy.a(usbd_ctlreq.o)
                0x0800ad24                USBD_StdEPReq
 .text.USBD_ParseSetupRequest
                0x0800ae60       0x28 ../DaisyExamples/libDaisy/build\libdaisy.a(usbd_ctlreq.o)
                0x0800ae60                USBD_ParseSetupRequest
 .text.USBD_CtlSendData
                0x0800ae88       0x1c ../DaisyExamples/libDaisy/build\libdaisy.a(usbd_ioreq.o)
                0x0800ae88                USBD_CtlSendData
 .text.USBD_CtlContinueSendData
                0x0800aea4       0x14 ../DaisyExamples/libDaisy/build\libdaisy.a(usbd_ioreq.o)
                0x0800aea4                USBD_CtlContinueSendData
 .text.USBD_CtlContinueRx
                0x0800aeb8       0x14 ../DaisyExamples/libDaisy/build\libdaisy.a(usbd_ioreq.o)
                0x0800aeb8                USBD_CtlContinueRx
 .text.USBD_CtlSendStatus
                0x0800aecc       0x18 ../DaisyExamples/libDaisy/build\libdaisy.a(usbd_ioreq.o)
                0x0800aecc                USBD_CtlSendStatus
 .text.USBD_CtlReceiveStatus
                0x0800aee4       0x18 ../DaisyExamples/libDaisy/build\libdaisy.a(usbd_ioreq.o)
                0x0800aee4                USBD_CtlReceiveStatus
 .text.USBH_LL_IncTimer
                0x0800aefc       0x20 ../DaisyExamples/libDaisy/build\libdaisy.a(usbh_core.o)
                0x0800aefc                USBH_LL_IncTimer
 .text.USBH_LL_PortEnabled
                0x0800af1c        0x8 ../DaisyExamples/libDaisy/build\libdaisy.a(usbh_core.o)
                0x0800af1c                USBH_LL_PortEnabled
 .text.USBH_LL_PortDisabled
                0x0800af24        0x8 ../DaisyExamples/libDaisy/build\libdaisy.a(usbh_core.o)
                0x0800af24                USBH_LL_PortDisabled
 .text.USBH_LL_Connect
                0x0800af2c       0x18 ../DaisyExamples/libDaisy/build\libdaisy.a(usbh_core.o)
                0x0800af2c                USBH_LL_Connect
 .text.USBH_LL_Disconnect
                0x0800af44       0x2c ../DaisyExamples/libDaisy/build\libdaisy.a(usbh_core.o)
                0x0800af44                USBH_LL_Disconnect
 .text.USBH_FreePipe
                0x0800af70       0x18 ../DaisyExamples/libDaisy/build\libdaisy.a(usbh_pipes.o)
                0x0800af70                USBH_FreePipe
 .text._ZN5daisy6Random4InitEv
                0x0800af88       0x3c ../DaisyExamples/libDaisy/build\libdaisy.a(rng.o)
                0x0800af88                daisy::Random::Init()
 .text._ZN5daisy9SpiHandle4Impl7InitDmaEv
                0x0800afc4       0xec ../DaisyExamples/libDaisy/build\libdaisy.a(spi.o)
                0x0800afc4                daisy::SpiHandle::Impl::InitDma()
 .text._ZN5daisy9SpiHandle4Impl10StartDmaTxEPhjPFvPvEPFvS3_NS0_6ResultEES3_
                0x0800b0b0       0xc8 ../DaisyExamples/libDaisy/build\libdaisy.a(spi.o)
                0x0800b0b0                daisy::SpiHandle::Impl::StartDmaTx(unsigned char*, unsigned int, void (*)(void*), void (*)(void*, daisy::SpiHandle::Result), void*)
 .text._ZN5daisy9SpiHandle4Impl10StartDmaRxEPhjPFvPvEPFvS3_NS0_6ResultEES3_
                0x0800b178       0xc8 ../DaisyExamples/libDaisy/build\libdaisy.a(spi.o)
                0x0800b178                daisy::SpiHandle::Impl::StartDmaRx(unsigned char*, unsigned int, void (*)(void*), void (*)(void*, daisy::SpiHandle::Result), void*)
 .text._ZN5daisy9SpiHandle4Impl12StartDmaRxTxEPhS2_jPFvPvEPFvS3_NS0_6ResultEES3_
                0x0800b240       0xcc ../DaisyExamples/libDaisy/build\libdaisy.a(spi.o)
                0x0800b240                daisy::SpiHandle::Impl::StartDmaRxTx(unsigned char*, unsigned char*, unsigned int, void (*)(void*), void (*)(void*, daisy::SpiHandle::Result), void*)
 .text._ZN5daisy9SpiHandle4Impl8InitPinsEv
                0x0800b30c      0x274 ../DaisyExamples/libDaisy/build\libdaisy.a(spi.o)
                0x0800b30c                daisy::SpiHandle::Impl::InitPins()
 .text.HAL_SPI_MspInit
                0x0800b580      0x1a8 ../DaisyExamples/libDaisy/build\libdaisy.a(spi.o)
                0x0800b580                HAL_SPI_MspInit
 .text.dsy_spi_global_init
                0x0800b728       0x80 ../DaisyExamples/libDaisy/build\libdaisy.a(spi.o)
                0x0800b728                dsy_spi_global_init
 .text.SPI1_IRQHandler
                0x0800b7a8        0xc ../DaisyExamples/libDaisy/build\libdaisy.a(spi.o)
                0x0800b7a8                SPI1_IRQHandler
 .text.SPI2_IRQHandler
                0x0800b7b4        0xc ../DaisyExamples/libDaisy/build\libdaisy.a(spi.o)
                0x0800b7b4                SPI2_IRQHandler
 .text.SPI3_IRQHandler
                0x0800b7c0        0xc ../DaisyExamples/libDaisy/build\libdaisy.a(spi.o)
                0x0800b7c0                SPI3_IRQHandler
 .text.SPI4_IRQHandler
                0x0800b7cc        0xc ../DaisyExamples/libDaisy/build\libdaisy.a(spi.o)
                0x0800b7cc                SPI4_IRQHandler
 .text.SPI5_IRQHandler
                0x0800b7d8        0xc ../DaisyExamples/libDaisy/build\libdaisy.a(spi.o)
                0x0800b7d8                SPI5_IRQHandler
 .text.DMA2_Stream2_IRQHandler
                0x0800b7e4       0x34 ../DaisyExamples/libDaisy/build\libdaisy.a(spi.o)
                0x0800b7e4                DMA2_Stream2_IRQHandler
 .text.DMA2_Stream3_IRQHandler
                0x0800b818       0x38 ../DaisyExamples/libDaisy/build\libdaisy.a(spi.o)
                0x0800b818                DMA2_Stream3_IRQHandler
 .text.HAL_SPI_TxCpltCallback
                0x0800b850       0xc4 ../DaisyExamples/libDaisy/build\libdaisy.a(spi.o)
                0x0800b850                HAL_SPI_TxCpltCallback
 .text.HAL_SPI_RxCpltCallback
                0x0800b914       0xc4 ../DaisyExamples/libDaisy/build\libdaisy.a(spi.o)
                0x0800b914                HAL_SPI_RxCpltCallback
 .text.HAL_SPI_TxRxCpltCallback
                0x0800b9d8       0xc4 ../DaisyExamples/libDaisy/build\libdaisy.a(spi.o)
                0x0800b9d8                HAL_SPI_TxRxCpltCallback
 .text.HAL_SPI_ErrorCallback
                0x0800ba9c       0xc8 ../DaisyExamples/libDaisy/build\libdaisy.a(spi.o)
                0x0800ba9c                HAL_SPI_ErrorCallback
 .text.startup._GLOBAL__sub_I__Z19MapInstanceToHandleP11SPI_TypeDef
                0x0800bb64      0x1b0 ../DaisyExamples/libDaisy/build\libdaisy.a(spi.o)
 .text.HAL_TIM_Base_MspInit
                0x0800bd14      0x1e0 ../DaisyExamples/libDaisy/build\libdaisy.a(tim.o)
                0x0800bd14                HAL_TIM_Base_MspInit
 .text.HAL_TIM_PeriodElapsedCallback
                0x0800bef4       0x44 ../DaisyExamples/libDaisy/build\libdaisy.a(tim.o)
                0x0800bef4                HAL_TIM_PeriodElapsedCallback
 .text.TIM2_IRQHandler
                0x0800bf38        0xc ../DaisyExamples/libDaisy/build\libdaisy.a(tim.o)
                0x0800bf38                TIM2_IRQHandler
 .text.TIM3_IRQHandler
                0x0800bf44        0xc ../DaisyExamples/libDaisy/build\libdaisy.a(tim.o)
                0x0800bf44                TIM3_IRQHandler
 .text.TIM4_IRQHandler
                0x0800bf50        0xc ../DaisyExamples/libDaisy/build\libdaisy.a(tim.o)
                0x0800bf50                TIM4_IRQHandler
 .text.TIM5_IRQHandler
                0x0800bf5c        0xc ../DaisyExamples/libDaisy/build\libdaisy.a(tim.o)
                0x0800bf5c                TIM5_IRQHandler
 .text._ZN5daisy11TimerHandle4InitERKNS0_6ConfigE
                0x0800bf68       0xd0 ../DaisyExamples/libDaisy/build\libdaisy.a(tim.o)
                0x0800bf68                daisy::TimerHandle::Init(daisy::TimerHandle::Config const&)
 .text._ZN5daisy11TimerHandle5StartEv
                0x0800c038       0x24 ../DaisyExamples/libDaisy/build\libdaisy.a(tim.o)
                0x0800c038                daisy::TimerHandle::Start()
 .text.startup._GLOBAL__sub_I__ZN5daisy11TimerHandle4Impl4InitERKNS0_6ConfigE
                0x0800c05c       0x38 ../DaisyExamples/libDaisy/build\libdaisy.a(tim.o)
 .text._ZN5daisy11UartHandler4Impl7InitDmaEbb
                0x0800c094      0x164 ../DaisyExamples/libDaisy/build\libdaisy.a(uart.o)
                0x0800c094                daisy::UartHandler::Impl::InitDma(bool, bool)
 .text._ZN5daisy11UartHandler4Impl10HandleFifoEv
                0x0800c1f8       0xec ../DaisyExamples/libDaisy/build\libdaisy.a(uart.o)
                0x0800c1f8                daisy::UartHandler::Impl::HandleFifo()
 .text._ZN5daisy11UartHandler4Impl10StartDmaTxEPhjPFvPvEPFvS3_NS0_6ResultEES3_
                0x0800c2e4       0xcc ../DaisyExamples/libDaisy/build\libdaisy.a(uart.o)
                0x0800c2e4                daisy::UartHandler::Impl::StartDmaTx(unsigned char*, unsigned int, void (*)(void*), void (*)(void*, daisy::UartHandler::Result), void*)
 .text._ZN5daisy11UartHandler4Impl10StartDmaRxEPhjPFvPvEPFvS3_NS0_6ResultEES3_
                0x0800c3b0       0xcc ../DaisyExamples/libDaisy/build\libdaisy.a(uart.o)
                0x0800c3b0                daisy::UartHandler::Impl::StartDmaRx(unsigned char*, unsigned int, void (*)(void*), void (*)(void*, daisy::UartHandler::Result), void*)
 .text._ZN5daisy11UartHandler4Impl19DmaTransferFinishedEP20__UART_HandleTypeDefNS0_6ResultE
                0x0800c47c       0xc0 ../DaisyExamples/libDaisy/build\libdaisy.a(uart.o)
                0x0800c47c                daisy::UartHandler::Impl::DmaTransferFinished(__UART_HandleTypeDef*, daisy::UartHandler::Result)
 .text._ZN5daisy11UartHandler4Impl8InitPinsEv
                0x0800c53c      0x150 ../DaisyExamples/libDaisy/build\libdaisy.a(uart.o)
                0x0800c53c                daisy::UartHandler::Impl::InitPins()
 .text.HAL_UART_MspInit
                0x0800c68c      0x210 ../DaisyExamples/libDaisy/build\libdaisy.a(uart.o)
                0x0800c68c                HAL_UART_MspInit
 .text.dsy_uart_global_init
                0x0800c89c      0x110 ../DaisyExamples/libDaisy/build\libdaisy.a(uart.o)
                0x0800c89c                dsy_uart_global_init
 .text.USART1_IRQHandler
                0x0800c9ac       0x30 ../DaisyExamples/libDaisy/build\libdaisy.a(uart.o)
                0x0800c9ac                USART1_IRQHandler
 .text.USART2_IRQHandler
                0x0800c9dc       0x34 ../DaisyExamples/libDaisy/build\libdaisy.a(uart.o)
                0x0800c9dc                USART2_IRQHandler
 .text.USART3_IRQHandler
                0x0800ca10       0x34 ../DaisyExamples/libDaisy/build\libdaisy.a(uart.o)
                0x0800ca10                USART3_IRQHandler
 .text.UART4_IRQHandler
                0x0800ca44       0x34 ../DaisyExamples/libDaisy/build\libdaisy.a(uart.o)
                0x0800ca44                UART4_IRQHandler
 .text.UART5_IRQHandler
                0x0800ca78       0x34 ../DaisyExamples/libDaisy/build\libdaisy.a(uart.o)
                0x0800ca78                UART5_IRQHandler
 .text.USART6_IRQHandler
                0x0800caac       0x34 ../DaisyExamples/libDaisy/build\libdaisy.a(uart.o)
                0x0800caac                USART6_IRQHandler
 .text.UART7_IRQHandler
                0x0800cae0       0x30 ../DaisyExamples/libDaisy/build\libdaisy.a(uart.o)
                0x0800cae0                UART7_IRQHandler
 .text.UART8_IRQHandler
                0x0800cb10       0x34 ../DaisyExamples/libDaisy/build\libdaisy.a(uart.o)
                0x0800cb10                UART8_IRQHandler
 .text.LPUART1_IRQHandler
                0x0800cb44       0x34 ../DaisyExamples/libDaisy/build\libdaisy.a(uart.o)
                0x0800cb44                LPUART1_IRQHandler
 .text.DMA1_Stream5_IRQHandler
                0x0800cb78       0x34 ../DaisyExamples/libDaisy/build\libdaisy.a(uart.o)
                0x0800cb78                DMA1_Stream5_IRQHandler
 .text.DMA2_Stream4_IRQHandler
                0x0800cbac       0x34 ../DaisyExamples/libDaisy/build\libdaisy.a(uart.o)
                0x0800cbac                DMA2_Stream4_IRQHandler
 .text.HAL_UART_TxCpltCallback
                0x0800cbe0        0x8 ../DaisyExamples/libDaisy/build\libdaisy.a(uart.o)
                0x0800cbe0                HAL_UART_TxCpltCallback
 .text.HAL_UART_RxCpltCallback
                0x0800cbe8        0x8 ../DaisyExamples/libDaisy/build\libdaisy.a(uart.o)
                0x0800cbe8                HAL_UART_RxCpltCallback
 .text.HAL_UART_ErrorCallback
                0x0800cbf0        0x8 ../DaisyExamples/libDaisy/build\libdaisy.a(uart.o)
                0x0800cbf0                HAL_UART_ErrorCallback
 .text.startup._GLOBAL__sub_I__Z19MapInstanceToHandleP13USART_TypeDef
                0x0800cbf8      0x190 ../DaisyExamples/libDaisy/build\libdaisy.a(uart.o)
 .text.dsy_dma_init
                0x0800cd88      0x100 ../DaisyExamples/libDaisy/build\libdaisy.a(dma.o)
                0x0800cd88                dsy_dma_init
 .text.HAL_MDMA_Abort_IT
                0x0800ce88       0x2c ../DaisyExamples/libDaisy/build\libdaisy.a(stm32h7xx_hal_mdma.o)
                0x0800ce88                HAL_MDMA_Abort_IT
 .text.SPI_CloseTransfer
                0x0800ceb4       0xb8 ../DaisyExamples/libDaisy/build\libdaisy.a(stm32h7xx_hal_spi.o)
 .text.HAL_SPI_Init
                0x0800cf6c      0x15c ../DaisyExamples/libDaisy/build\libdaisy.a(stm32h7xx_hal_spi.o)
                0x0800cf6c                HAL_SPI_Init
 .text.HAL_SPI_Transmit_DMA
                0x0800d0c8      0x170 ../DaisyExamples/libDaisy/build\libdaisy.a(stm32h7xx_hal_spi.o)
                0x0800d0c8                HAL_SPI_Transmit_DMA
 .text.HAL_SPI_TransmitReceive_DMA
                0x0800d238      0x218 ../DaisyExamples/libDaisy/build\libdaisy.a(stm32h7xx_hal_spi.o)
                0x0800d238                HAL_SPI_TransmitReceive_DMA
 .text.HAL_SPI_Receive_DMA
                0x0800d450      0x1b4 ../DaisyExamples/libDaisy/build\libdaisy.a(stm32h7xx_hal_spi.o)
                0x0800d450                HAL_SPI_Receive_DMA
 .text.SPI_DMATransmitCplt
                0x0800d604       0x28 ../DaisyExamples/libDaisy/build\libdaisy.a(stm32h7xx_hal_spi.o)
 .text.SPI_DMAReceiveCplt
                0x0800d62c       0x28 ../DaisyExamples/libDaisy/build\libdaisy.a(stm32h7xx_hal_spi.o)
 .text.SPI_DMATransmitReceiveCplt
                0x0800d654       0x28 ../DaisyExamples/libDaisy/build\libdaisy.a(stm32h7xx_hal_spi.o)
 .text.HAL_SPI_TxHalfCpltCallback
                0x0800d67c        0x4 ../DaisyExamples/libDaisy/build\libdaisy.a(stm32h7xx_hal_spi.o)
                0x0800d67c                HAL_SPI_TxHalfCpltCallback
 .text.SPI_DMAHalfTransmitCplt
                0x0800d680        0xc ../DaisyExamples/libDaisy/build\libdaisy.a(stm32h7xx_hal_spi.o)
 .text.HAL_SPI_RxHalfCpltCallback
                0x0800d68c        0x4 ../DaisyExamples/libDaisy/build\libdaisy.a(stm32h7xx_hal_spi.o)
                0x0800d68c                HAL_SPI_RxHalfCpltCallback
 .text.SPI_DMAHalfReceiveCplt
                0x0800d690        0xc ../DaisyExamples/libDaisy/build\libdaisy.a(stm32h7xx_hal_spi.o)
 .text.HAL_SPI_TxRxHalfCpltCallback
                0x0800d69c        0x4 ../DaisyExamples/libDaisy/build\libdaisy.a(stm32h7xx_hal_spi.o)
                0x0800d69c                HAL_SPI_TxRxHalfCpltCallback
 .text.SPI_DMAHalfTransmitReceiveCplt
                0x0800d6a0        0xc ../DaisyExamples/libDaisy/build\libdaisy.a(stm32h7xx_hal_spi.o)
 .text.SPI_DMAError
                0x0800d6ac       0xd8 ../DaisyExamples/libDaisy/build\libdaisy.a(stm32h7xx_hal_spi.o)
 .text.HAL_SPI_IRQHandler
                0x0800d784      0x23c ../DaisyExamples/libDaisy/build\libdaisy.a(stm32h7xx_hal_spi.o)
                0x0800d784                HAL_SPI_IRQHandler
 .text.SPI_DMAAbortOnError
                0x0800d9c0       0x1c ../DaisyExamples/libDaisy/build\libdaisy.a(stm32h7xx_hal_spi.o)
 .text.HAL_SPI_GetState
                0x0800d9dc        0x8 ../DaisyExamples/libDaisy/build\libdaisy.a(stm32h7xx_hal_spi.o)
                0x0800d9dc                HAL_SPI_GetState
 .text.HAL_TIM_Base_Init
                0x0800d9e4      0x140 ../DaisyExamples/libDaisy/build\libdaisy.a(stm32h7xx_hal_tim.o)
                0x0800d9e4                HAL_TIM_Base_Init
 .text.HAL_TIM_Base_Start
                0x0800db24       0x34 ../DaisyExamples/libDaisy/build\libdaisy.a(stm32h7xx_hal_tim.o)
                0x0800db24                HAL_TIM_Base_Start
 .text.HAL_TIM_Base_Start_IT
                0x0800db58       0x2c ../DaisyExamples/libDaisy/build\libdaisy.a(stm32h7xx_hal_tim.o)
                0x0800db58                HAL_TIM_Base_Start_IT
 .text.HAL_TIM_ConfigClockSource
                0x0800db84      0x17c ../DaisyExamples/libDaisy/build\libdaisy.a(stm32h7xx_hal_tim.o)
                0x0800db84                HAL_TIM_ConfigClockSource
 .text.HAL_TIM_OC_DelayElapsedCallback
                0x0800dd00        0x4 ../DaisyExamples/libDaisy/build\libdaisy.a(stm32h7xx_hal_tim.o)
                0x0800dd00                HAL_TIM_OC_DelayElapsedCallback
 .text.HAL_TIM_IC_CaptureCallback
                0x0800dd04        0x4 ../DaisyExamples/libDaisy/build\libdaisy.a(stm32h7xx_hal_tim.o)
                0x0800dd04                HAL_TIM_IC_CaptureCallback
 .text.HAL_TIM_PWM_PulseFinishedCallback
                0x0800dd08        0x4 ../DaisyExamples/libDaisy/build\libdaisy.a(stm32h7xx_hal_tim.o)
                0x0800dd08                HAL_TIM_PWM_PulseFinishedCallback
 .text.HAL_TIM_TriggerCallback
                0x0800dd0c        0x4 ../DaisyExamples/libDaisy/build\libdaisy.a(stm32h7xx_hal_tim.o)
                0x0800dd0c                HAL_TIM_TriggerCallback
 .text.HAL_TIM_IRQHandler
                0x0800dd10      0x170 ../DaisyExamples/libDaisy/build\libdaisy.a(stm32h7xx_hal_tim.o)
                0x0800dd10                HAL_TIM_IRQHandler
 .text.HAL_TIMEx_MasterConfigSynchronization
                0x0800de80       0x64 ../DaisyExamples/libDaisy/build\libdaisy.a(stm32h7xx_hal_tim_ex.o)
                0x0800de80                HAL_TIMEx_MasterConfigSynchronization
 .text.HAL_TIMEx_CommutCallback
                0x0800dee4        0x4 ../DaisyExamples/libDaisy/build\libdaisy.a(stm32h7xx_hal_tim_ex.o)
                0x0800dee4                HAL_TIMEx_CommutCallback
 .text.HAL_TIMEx_BreakCallback
                0x0800dee8        0x4 ../DaisyExamples/libDaisy/build\libdaisy.a(stm32h7xx_hal_tim_ex.o)
                0x0800dee8                HAL_TIMEx_BreakCallback
 .text.HAL_TIMEx_Break2Callback
                0x0800deec        0x4 ../DaisyExamples/libDaisy/build\libdaisy.a(stm32h7xx_hal_tim_ex.o)
                0x0800deec                HAL_TIMEx_Break2Callback
 .text.HAL_UART_Transmit_DMA
                0x0800def0       0xa4 ../DaisyExamples/libDaisy/build\libdaisy.a(stm32h7xx_hal_uart.o)
                0x0800def0                HAL_UART_Transmit_DMA
 .text.HAL_UART_Receive_DMA
                0x0800df94       0xac ../DaisyExamples/libDaisy/build\libdaisy.a(stm32h7xx_hal_uart.o)
                0x0800df94                HAL_UART_Receive_DMA
 .text.UART_DMATransmitCplt
                0x0800e040       0x2c ../DaisyExamples/libDaisy/build\libdaisy.a(stm32h7xx_hal_uart.o)
 .text.HAL_UART_TxHalfCpltCallback
                0x0800e06c        0x4 ../DaisyExamples/libDaisy/build\libdaisy.a(stm32h7xx_hal_uart.o)
                0x0800e06c                HAL_UART_TxHalfCpltCallback
 .text.UART_DMATxHalfCplt
                0x0800e070        0xc ../DaisyExamples/libDaisy/build\libdaisy.a(stm32h7xx_hal_uart.o)
 .text.UART_DMAReceiveCplt
                0x0800e07c       0x38 ../DaisyExamples/libDaisy/build\libdaisy.a(stm32h7xx_hal_uart.o)
 .text.HAL_UART_RxHalfCpltCallback
                0x0800e0b4        0x4 ../DaisyExamples/libDaisy/build\libdaisy.a(stm32h7xx_hal_uart.o)
                0x0800e0b4                HAL_UART_RxHalfCpltCallback
 .text.UART_DMARxHalfCplt
                0x0800e0b8        0xc ../DaisyExamples/libDaisy/build\libdaisy.a(stm32h7xx_hal_uart.o)
 .text.UART_DMAError
                0x0800e0c4       0x78 ../DaisyExamples/libDaisy/build\libdaisy.a(stm32h7xx_hal_uart.o)
 .text.HAL_UART_IRQHandler
                0x0800e13c      0x1d0 ../DaisyExamples/libDaisy/build\libdaisy.a(stm32h7xx_hal_uart.o)
                0x0800e13c                HAL_UART_IRQHandler
 .text.UART_DMAAbortOnError
                0x0800e30c       0x14 ../DaisyExamples/libDaisy/build\libdaisy.a(stm32h7xx_hal_uart.o)
 .text.HAL_UART_GetState
                0x0800e320        0xc ../DaisyExamples/libDaisy/build\libdaisy.a(stm32h7xx_hal_uart.o)
                0x0800e320                HAL_UART_GetState
 .text.UART_SetConfig
                0x0800e32c     0x14b8 ../DaisyExamples/libDaisy/build\libdaisy.a(stm32h7xx_hal_uart.o)
                0x0800e32c                UART_SetConfig
 .text.UART_AdvFeatureConfig
                0x0800f7e4       0xb0 ../DaisyExamples/libDaisy/build\libdaisy.a(stm32h7xx_hal_uart.o)
                0x0800f7e4                UART_AdvFeatureConfig
 .text.UART_CheckIdleState
                0x0800f894       0x84 ../DaisyExamples/libDaisy/build\libdaisy.a(stm32h7xx_hal_uart.o)
                0x0800f894                UART_CheckIdleState
 .text.HAL_UART_Init
                0x0800f918       0x68 ../DaisyExamples/libDaisy/build\libdaisy.a(stm32h7xx_hal_uart.o)
                0x0800f918                HAL_UART_Init
 .text.HAL_UARTEx_WakeupCallback
                0x0800f980        0x4 ../DaisyExamples/libDaisy/build\libdaisy.a(stm32h7xx_hal_uart_ex.o)
                0x0800f980                HAL_UARTEx_WakeupCallback
 .text.HAL_UARTEx_RxFifoFullCallback
                0x0800f984        0x4 ../DaisyExamples/libDaisy/build\libdaisy.a(stm32h7xx_hal_uart_ex.o)
                0x0800f984                HAL_UARTEx_RxFifoFullCallback
 .text.HAL_UARTEx_TxFifoEmptyCallback
                0x0800f988        0x4 ../DaisyExamples/libDaisy/build\libdaisy.a(stm32h7xx_hal_uart_ex.o)
                0x0800f988                HAL_UARTEx_TxFifoEmptyCallback
 .text.__aeabi_atexit
                0x0800f98c        0xa c:/program files/daisytoolchain/bin/../lib/gcc/arm-none-eabi/10.2.1/../../../../arm-none-eabi/lib/thumb/v7e-m+dp/hard\libstdc++_nano.a(atexit_arm.o)
                0x0800f98c                __aeabi_atexit
 *fill*         0x0800f996        0x2 
 .text.__cxa_atexit
                0x0800f998       0x1c c:/program files/daisytoolchain/bin/../lib/gcc/arm-none-eabi/10.2.1/../../../../arm-none-eabi/lib/thumb/v7e-m+dp/hard\libc_nano.a(lib_a-cxa_atexit.o)
                0x0800f998                __cxa_atexit
 .text.__libc_init_array
                0x0800f9b4       0x48 c:/program files/daisytoolchain/bin/../lib/gcc/arm-none-eabi/10.2.1/../../../../arm-none-eabi/lib/thumb/v7e-m+dp/hard\libc_nano.a(lib_a-init.o)
                0x0800f9b4                __libc_init_array
 .text.memcpy   0x0800f9fc       0x1c c:/program files/daisytoolchain/bin/../lib/gcc/arm-none-eabi/10.2.1/../../../../arm-none-eabi/lib/thumb/v7e-m+dp/hard\libc_nano.a(lib_a-memcpy-stub.o)
                0x0800f9fc                memcpy
 .text.memset   0x0800fa18       0x10 c:/program files/daisytoolchain/bin/../lib/gcc/arm-none-eabi/10.2.1/../../../../arm-none-eabi/lib/thumb/v7e-m+dp/hard\libc_nano.a(lib_a-memset.o)
                0x0800fa18                memset
 *(.rodata)
 .rodata        0x0800fa28       0x10 ../DaisyExamples/libDaisy/build\libdaisy.a(i2c.o)
 .rodata        0x0800fa38       0x10 ../DaisyExamples/libDaisy/build\libdaisy.a(tim.o)
 .rodata        0x0800fa48       0x12 ../DaisyExamples/libDaisy/build\libdaisy.a(uart.o)
 *(.rodata*)
 *fill*         0x0800fa5a        0x2 
 .rodata._ZN5daisy4seedL2D7E
                0x0800fa5c        0x2 build/Loop.o
 *fill*         0x0800fa5e        0x2 
 .rodata._ZN5daisy4seedL2D8E
                0x0800fa60        0x2 build/Loop.o
 *fill*         0x0800fa62        0x2 
 .rodata._ZN5daisy4seedL2D9E
                0x0800fa64        0x2 build/Loop.o
 *fill*         0x0800fa66        0x2 
 .rodata._ZN5daisy4seedL3D13E
                0x0800fa68        0x2 build/Loop.o
 *fill*         0x0800fa6a        0x2 
 .rodata._ZN5daisy4seedL3D14E
                0x0800fa6c        0x2 build/Loop.o
 *fill*         0x0800fa6e        0x2 
 .rodata._ZN5daisy4seedL3D15E
                0x0800fa70        0x2 build/Loop.o
 *fill*         0x0800fa72        0x2 
 .rodata._ZN5daisy4seedL3D20E
                0x0800fa74        0x2 build/Loop.o
 *fill*         0x0800fa76        0x2 
 .rodata._ZN5daisy4seedL3D21E
                0x0800fa78        0x2 build/Loop.o
 *fill*         0x0800fa7a        0x2 
 .rodata._ZN5daisy4seedL3D22E
                0x0800fa7c        0x2 build/Loop.o
 *fill*         0x0800fa7e        0x2 
 .rodata._ZN5daisy4seedL3D23E
                0x0800fa80        0x2 build/Loop.o
 *fill*         0x0800fa82        0x2 
 .rodata._ZN5daisy4seedL3D24E
                0x0800fa84        0x2 build/Loop.o
 *fill*         0x0800fa86        0x2 
 .rodata._ZN5daisy4seedL3D25E
                0x0800fa88        0x2 build/Loop.o
 *fill*         0x0800fa8a        0x2 
 .rodata._ZN5daisy4seedL3D26E
                0x0800fa8c        0x2 build/Loop.o
 *fill*         0x0800fa8e        0x2 
 .rodata._ZN5daisy4seedL3D27E
                0x0800fa90        0x2 build/Loop.o
 *fill*         0x0800fa92        0x2 
 .rodata._ZN5daisy4seedL3D28E
                0x0800fa94        0x2 build/Loop.o
 *fill*         0x0800fa96        0x2 
 .rodata.CSWTCH.35
                0x0800fa98        0x3 ../DaisyExamples/libDaisy/build\libdaisy.a(sai.o)
 *fill*         0x0800fa9b        0x1 
 .rodata.CSWTCH.36
                0x0800fa9c        0xc ../DaisyExamples/libDaisy/build\libdaisy.a(sai.o)
 .rodata.CSWTCH.44
                0x0800faa8       0x14 ../DaisyExamples/libDaisy/build\libdaisy.a(sai.o)
 .rodata.D1CorePrescTable
                0x0800fabc       0x10 ../DaisyExamples/libDaisy/build\libdaisy.a(system_stm32h7xx.o)
                0x0800fabc                D1CorePrescTable
 .rodata.CSWTCH.24
                0x0800facc        0x4 ../DaisyExamples/libDaisy/build\libdaisy.a(usbd_conf.o)
 .rodata.CSWTCH.19
                0x0800fad0        0x4 ../DaisyExamples/libDaisy/build\libdaisy.a(usbh_conf.o)
 .rodata.gpio_hal_pin_map
                0x0800fad4       0x20 ../DaisyExamples/libDaisy/build\libdaisy.a(hal_map.o)
 .rodata.gpio_hal_port_map
                0x0800faf4       0x30 ../DaisyExamples/libDaisy/build\libdaisy.a(hal_map.o)
 .rodata.flagBitshiftOffset.0
                0x0800fb24        0x8 ../DaisyExamples/libDaisy/build\libdaisy.a(stm32h7xx_hal_dma.o)
 .rodata._ZL13pins_none_spi
                0x0800fb2c        0x3 ../DaisyExamples/libDaisy/build\libdaisy.a(spi.o)
 *fill*         0x0800fb2f        0x1 
 .rodata._ZL16pins_periphs_spi
                0x0800fb30       0x60 ../DaisyExamples/libDaisy/build\libdaisy.a(spi.o)
 .rodata.CSWTCH.418
                0x0800fb90       0x29 ../DaisyExamples/libDaisy/build\libdaisy.a(stm32h7xx_hal_uart.o)
 *fill*         0x0800fbb9        0x3 
 .rodata.CSWTCH.419
                0x0800fbbc        0x6 ../DaisyExamples/libDaisy/build\libdaisy.a(stm32h7xx_hal_uart.o)
 *fill*         0x0800fbc2        0x2 
 .rodata.CSWTCH.426
                0x0800fbc4        0x6 ../DaisyExamples/libDaisy/build\libdaisy.a(stm32h7xx_hal_uart.o)
 *(.glue_7)
 .glue_7        0x0800fbca        0x0 linker stubs
 *(.glue_7t)
 .glue_7t       0x0800fbca        0x0 linker stubs
 *(.init)
 *fill*         0x0800fbca        0x2 
 .init          0x0800fbcc        0x4 c:/program files/daisytoolchain/bin/../lib/gcc/arm-none-eabi/10.2.1/thumb/v7e-m+dp/hard/crti.o
                0x0800fbcc                _init
 .init          0x0800fbd0        0x8 c:/program files/daisytoolchain/bin/../lib/gcc/arm-none-eabi/10.2.1/thumb/v7e-m+dp/hard/crtn.o
 *(.fini)
 .fini          0x0800fbd8        0x4 c:/program files/daisytoolchain/bin/../lib/gcc/arm-none-eabi/10.2.1/thumb/v7e-m+dp/hard/crti.o
                0x0800fbd8                _fini
 .fini          0x0800fbdc        0x8 c:/program files/daisytoolchain/bin/../lib/gcc/arm-none-eabi/10.2.1/thumb/v7e-m+dp/hard/crtn.o
                0x0800fbe4                . = ALIGN (0x4)
                0x0800fbe4                _etext = .

.eh_frame       0x0800fbe4        0x0
 .eh_frame      0x0800fbe4        0x0 c:/program files/daisytoolchain/bin/../lib/gcc/arm-none-eabi/10.2.1/thumb/v7e-m+dp/hard/crtbegin.o

.vfp11_veneer   0x0800fbe4        0x0
 .vfp11_veneer  0x0800fbe4        0x0 linker stubs

.v4_bx          0x0800fbe4        0x0
 .v4_bx         0x0800fbe4        0x0 linker stubs

.iplt           0x0800fbe4        0x0
 .iplt          0x0800fbe4        0x0 c:/program files/daisytoolchain/bin/../lib/gcc/arm-none-eabi/10.2.1/thumb/v7e-m+dp/hard/crtbegin.o

.ARM.extab      0x0800fbe4        0x0
                0x0800fbe4                . = ALIGN (0x4)
 *(.ARM.extab)
 *(.gnu.linkonce.armextab.*)
                0x0800fbe4                . = ALIGN (0x4)

.exidx          0x0800fbe4        0x8
                0x0800fbe4                . = ALIGN (0x4)
                [!provide]                PROVIDE (__exidx_start = .)
 *(.ARM.exidx*)
 .ARM.exidx     0x0800fbe4        0x8 c:/program files/daisytoolchain/bin/../lib/gcc/arm-none-eabi/10.2.1/thumb/v7e-m+dp/hard\libgcc.a(_udivmoddi4.o)
                0x0800fbec                . = ALIGN (0x4)
                [!provide]                PROVIDE (__exidx_end = .)

.rel.dyn        0x0800fbec        0x0
 .rel.iplt      0x0800fbec        0x0 c:/program files/daisytoolchain/bin/../lib/gcc/arm-none-eabi/10.2.1/thumb/v7e-m+dp/hard/crtbegin.o

.ARM.attributes
                0x0800fbec       0x2e
 *(.ARM.attributes)
 .ARM.attributes
                0x0800fbec       0x1e c:/program files/daisytoolchain/bin/../lib/gcc/arm-none-eabi/10.2.1/thumb/v7e-m+dp/hard/crti.o
 .ARM.attributes
                0x0800fc0a       0x32 c:/program files/daisytoolchain/bin/../lib/gcc/arm-none-eabi/10.2.1/thumb/v7e-m+dp/hard/crtbegin.o
 .ARM.attributes
                0x0800fc3c       0x32 build/startup_stm32h750xx.o
 .ARM.attributes
                0x0800fc6e       0x32 build/Loop.o
 .ARM.attributes
                0x0800fca0       0x32 build/button.o
 .ARM.attributes
                0x0800fcd2       0x32 build/dualLedButton.o
 .ARM.attributes
                0x0800fd04       0x32 build/track.o
 .ARM.attributes
                0x0800fd36       0x32 ../DaisyExamples/libDaisy/build\libdaisy.a(daisy_seed.o)
 .ARM.attributes
                0x0800fd68       0x32 ../DaisyExamples/libDaisy/build\libdaisy.a(codec_ak4556.o)
 .ARM.attributes
                0x0800fd9a       0x32 ../DaisyExamples/libDaisy/build\libdaisy.a(codec_wm8731.o)
 .ARM.attributes
                0x0800fdcc       0x32 ../DaisyExamples/libDaisy/build\libdaisy.a(sdram.o)
 .ARM.attributes
                0x0800fdfe       0x32 ../DaisyExamples/libDaisy/build\libdaisy.a(audio.o)
 .ARM.attributes
                0x0800fe30       0x32 ../DaisyExamples/libDaisy/build\libdaisy.a(gpio.o)
 .ARM.attributes
                0x0800fe62       0x32 ../DaisyExamples/libDaisy/build\libdaisy.a(i2c.o)
 .ARM.attributes
                0x0800fe94       0x32 ../DaisyExamples/libDaisy/build\libdaisy.a(qspi.o)
 .ARM.attributes
                0x0800fec6       0x32 ../DaisyExamples/libDaisy/build\libdaisy.a(sai.o)
 .ARM.attributes
                0x0800fef8       0x32 ../DaisyExamples/libDaisy/build\libdaisy.a(system.o)
 .ARM.attributes
                0x0800ff2a       0x32 ../DaisyExamples/libDaisy/build\libdaisy.a(system_stm32h7xx.o)
 .ARM.attributes
                0x0800ff5c       0x32 ../DaisyExamples/libDaisy/build\libdaisy.a(usbd_conf.o)
 .ARM.attributes
                0x0800ff8e       0x32 ../DaisyExamples/libDaisy/build\libdaisy.a(usbh_conf.o)
 .ARM.attributes
                0x0800ffc0       0x32 ../DaisyExamples/libDaisy/build\libdaisy.a(hal_map.o)
 .ARM.attributes
                0x0800fff2       0x32 ../DaisyExamples/libDaisy/build\libdaisy.a(stm32h7xx_hal.o)
 .ARM.attributes
                0x08010024       0x32 ../DaisyExamples/libDaisy/build\libdaisy.a(stm32h7xx_hal_cortex.o)
 .ARM.attributes
                0x08010056       0x32 ../DaisyExamples/libDaisy/build\libdaisy.a(stm32h7xx_hal_dma.o)
 .ARM.attributes
                0x08010088       0x32 ../DaisyExamples/libDaisy/build\libdaisy.a(stm32h7xx_hal_gpio.o)
 .ARM.attributes
                0x080100ba       0x32 ../DaisyExamples/libDaisy/build\libdaisy.a(stm32h7xx_hal_hcd.o)
 .ARM.attributes
                0x080100ec       0x32 ../DaisyExamples/libDaisy/build\libdaisy.a(stm32h7xx_hal_i2c.o)
 .ARM.attributes
                0x0801011e       0x32 ../DaisyExamples/libDaisy/build\libdaisy.a(stm32h7xx_hal_i2c_ex.o)
 .ARM.attributes
                0x08010150       0x32 ../DaisyExamples/libDaisy/build\libdaisy.a(stm32h7xx_hal_pcd.o)
 .ARM.attributes
                0x08010182       0x32 ../DaisyExamples/libDaisy/build\libdaisy.a(stm32h7xx_hal_pcd_ex.o)
 .ARM.attributes
                0x080101b4       0x32 ../DaisyExamples/libDaisy/build\libdaisy.a(stm32h7xx_hal_pwr_ex.o)
 .ARM.attributes
                0x080101e6       0x32 ../DaisyExamples/libDaisy/build\libdaisy.a(stm32h7xx_hal_qspi.o)
 .ARM.attributes
                0x08010218       0x32 ../DaisyExamples/libDaisy/build\libdaisy.a(stm32h7xx_hal_rcc.o)
 .ARM.attributes
                0x0801024a       0x32 ../DaisyExamples/libDaisy/build\libdaisy.a(stm32h7xx_hal_rcc_ex.o)
 .ARM.attributes
                0x0801027c       0x32 ../DaisyExamples/libDaisy/build\libdaisy.a(stm32h7xx_hal_sai.o)
 .ARM.attributes
                0x080102ae       0x32 ../DaisyExamples/libDaisy/build\libdaisy.a(stm32h7xx_hal_sdram.o)
 .ARM.attributes
                0x080102e0       0x32 ../DaisyExamples/libDaisy/build\libdaisy.a(stm32h7xx_ll_fmc.o)
 .ARM.attributes
                0x08010312       0x32 ../DaisyExamples/libDaisy/build\libdaisy.a(stm32h7xx_ll_usb.o)
 .ARM.attributes
                0x08010344       0x32 ../DaisyExamples/libDaisy/build\libdaisy.a(usbd_core.o)
 .ARM.attributes
                0x08010376       0x32 ../DaisyExamples/libDaisy/build\libdaisy.a(usbd_ctlreq.o)
 .ARM.attributes
                0x080103a8       0x32 ../DaisyExamples/libDaisy/build\libdaisy.a(usbd_ioreq.o)
 .ARM.attributes
                0x080103da       0x32 ../DaisyExamples/libDaisy/build\libdaisy.a(usbh_core.o)
 .ARM.attributes
                0x0801040c       0x32 ../DaisyExamples/libDaisy/build\libdaisy.a(usbh_pipes.o)
 .ARM.attributes
                0x0801043e       0x32 ../DaisyExamples/libDaisy/build\libdaisy.a(rng.o)
 .ARM.attributes
                0x08010470       0x32 ../DaisyExamples/libDaisy/build\libdaisy.a(spi.o)
 .ARM.attributes
                0x080104a2       0x32 ../DaisyExamples/libDaisy/build\libdaisy.a(tim.o)
 .ARM.attributes