Archive member included to satisfy reference by file (symbol)

../DaisyExamples/libDaisy/build\libdaisy.a(daisy_seed.o)
                              build/Loop.o (daisy::DaisySeed::SetAudioBlockSize(unsigned int))
../DaisyExamples/libDaisy/build\libdaisy.a(codec_ak4556.o)
                              ../DaisyExamples/libDaisy/build\libdaisy.a(daisy_seed.o) (daisy::Ak4556::Init(dsy_gpio_pin))
../DaisyExamples/libDaisy/build\libdaisy.a(codec_wm8731.o)
                              ../DaisyExamples/libDaisy/build\libdaisy.a(daisy_seed.o) (daisy::Wm8731::Init(daisy::Wm8731::Config const&, daisy::I2CHandle))
../DaisyExamples/libDaisy/build\libdaisy.a(sdram.o)
                              ../DaisyExamples/libDaisy/build\libdaisy.a(daisy_seed.o) (SdramHandle::Init())
../DaisyExamples/libDaisy/build\libdaisy.a(audio.o)
                              ../DaisyExamples/libDaisy/build\libdaisy.a(daisy_seed.o) (daisy::AudioHandle::Init(daisy::AudioHandle::Config const&, daisy::SaiHandle))
../DaisyExamples/libDaisy/build\libdaisy.a(gpio.o)
                              build/Loop.o (daisy::GPIO::Init(daisy::Pin, daisy::GPIO::Mode, daisy::GPIO::Pull, daisy::GPIO::Speed))
../DaisyExamples/libDaisy/build\libdaisy.a(i2c.o)
                              ../DaisyExamples/libDaisy/build\libdaisy.a(daisy_seed.o) (daisy::I2CHandle::Init(daisy::I2CHandle::Config const&))
../DaisyExamples/libDaisy/build\libdaisy.a(qspi.o)
                              ../DaisyExamples/libDaisy/build\libdaisy.a(daisy_seed.o) (daisy::QSPIHandle::Init(daisy::QSPIHandle::Config const&))
../DaisyExamples/libDaisy/build\libdaisy.a(sai.o)
                              ../DaisyExamples/libDaisy/build\libdaisy.a(daisy_seed.o) (daisy::SaiHandle::Init(daisy::SaiHandle::Config const&))
../DaisyExamples/libDaisy/build\libdaisy.a(system.o)
                              ../DaisyExamples/libDaisy/build\libdaisy.a(daisy_seed.o) (daisy::System::DeInit())
../DaisyExamples/libDaisy/build\libdaisy.a(system_stm32h7xx.o)
                              build/startup_stm32h750xx.o (SystemInit)
../DaisyExamples/libDaisy/build\libdaisy.a(usbd_conf.o)
                              ../DaisyExamples/libDaisy/build\libdaisy.a(system.o) (hpcd_USB_OTG_HS)
../DaisyExamples/libDaisy/build\libdaisy.a(usbh_conf.o)
                              ../DaisyExamples/libDaisy/build\libdaisy.a(system.o) (hhcd_USB_OTG_HS)
../DaisyExamples/libDaisy/build\libdaisy.a(hal_map.o)
                              ../DaisyExamples/libDaisy/build\libdaisy.a(gpio.o) (dsy_hal_map_get_port)
../DaisyExamples/libDaisy/build\libdaisy.a(stm32h7xx_hal.o)
                              ../DaisyExamples/libDaisy/build\libdaisy.a(system.o) (HAL_Init)
../DaisyExamples/libDaisy/build\libdaisy.a(stm32h7xx_hal_cortex.o)
                              ../DaisyExamples/libDaisy/build\libdaisy.a(stm32h7xx_hal.o) (HAL_NVIC_SetPriorityGrouping)
../DaisyExamples/libDaisy/build\libdaisy.a(stm32h7xx_hal_dma.o)
                              ../DaisyExamples/libDaisy/build\libdaisy.a(i2c.o) (HAL_DMA_Init)
../DaisyExamples/libDaisy/build\libdaisy.a(stm32h7xx_hal_gpio.o)
                              ../DaisyExamples/libDaisy/build\libdaisy.a(sdram.o) (HAL_GPIO_Init)
../DaisyExamples/libDaisy/build\libdaisy.a(stm32h7xx_hal_hcd.o)
                              ../DaisyExamples/libDaisy/build\libdaisy.a(usbh_conf.o) (HAL_HCD_HC_Init)
../DaisyExamples/libDaisy/build\libdaisy.a(stm32h7xx_hal_i2c.o)
                              ../DaisyExamples/libDaisy/build\libdaisy.a(i2c.o) (HAL_I2C_Init)
../DaisyExamples/libDaisy/build\libdaisy.a(stm32h7xx_hal_i2c_ex.o)
                              ../DaisyExamples/libDaisy/build\libdaisy.a(i2c.o) (HAL_I2CEx_ConfigAnalogFilter)
../DaisyExamples/libDaisy/build\libdaisy.a(stm32h7xx_hal_pcd.o)
                              ../DaisyExamples/libDaisy/build\libdaisy.a(usbd_conf.o) (HAL_PCD_Init)
../DaisyExamples/libDaisy/build\libdaisy.a(stm32h7xx_hal_pcd_ex.o)
                              ../DaisyExamples/libDaisy/build\libdaisy.a(usbd_conf.o) (HAL_PCDEx_SetTxFiFo)
../DaisyExamples/libDaisy/build\libdaisy.a(stm32h7xx_hal_pwr_ex.o)
                              ../DaisyExamples/libDaisy/build\libdaisy.a(system.o) (HAL_PWREx_ConfigSupply)
../DaisyExamples/libDaisy/build\libdaisy.a(stm32h7xx_hal_qspi.o)
                              ../DaisyExamples/libDaisy/build\libdaisy.a(qspi.o) (HAL_QSPI_Init)
../DaisyExamples/libDaisy/build\libdaisy.a(stm32h7xx_hal_rcc.o)
                              ../DaisyExamples/libDaisy/build\libdaisy.a(system.o) (HAL_RCC_OscConfig)
../DaisyExamples/libDaisy/build\libdaisy.a(stm32h7xx_hal_rcc_ex.o)
                              ../DaisyExamples/libDaisy/build\libdaisy.a(system.o) (HAL_RCCEx_PeriphCLKConfig)
../DaisyExamples/libDaisy/build\libdaisy.a(stm32h7xx_hal_sai.o)
                              ../DaisyExamples/libDaisy/build\libdaisy.a(sai.o) (HAL_SAI_InitProtocol)
../DaisyExamples/libDaisy/build\libdaisy.a(stm32h7xx_hal_sdram.o)
[...]
Memory Configuration

Name             Origin             Length             Attributes
FLASH            0x08000000         0x00020000         xr
DTCMRAM          0x20000000         0x00020000         xrw
SRAM             0x24000000         0x00080000         xrw
RAM_D2           0x30000000         0x00048000         xrw
RAM_D3           0x38000000         0x00010000         xrw
ITCMRAM          0x00000000         0x00010000         xrw
SDRAM            0xc0000000         0x04000000         xrw
QSPIFLASH        0x90000000         0x00800000         xr
*default*        0x00000000         0xffffffff

Linker script and memory map

LOAD c:/program files/daisytoolchain/bin/../lib/gcc/arm-none-eabi/10.2.1/thumb/v7e-m+dp/hard/crti.o
LOAD c:/program files/daisytoolchain/bin/../lib/gcc/arm-none-eabi/10.2.1/thumb/v7e-m+dp/hard/crtbegin.o
LOAD c:/program files/daisytoolchain/bin/../lib/gcc/arm-none-eabi/10.2.1/../../../../arm-none-eabi/lib/thumb/v7e-m+dp/hard/crt0.o
LOAD build/startup_stm32h750xx.o
LOAD build/Loop.o
LOAD ../DaisyExamples/libDaisy/build\libdaisy.a
LOAD c:/program files/daisytoolchain/bin/../lib/gcc/arm-none-eabi/10.2.1/../../../../arm-none-eabi/lib/thumb/v7e-m+dp/hard\libnosys.a
LOAD ../DaisyExamples/DaisySP/build\libdaisysp.a
LOAD c:/program files/daisytoolchain/bin/../lib/gcc/arm-none-eabi/10.2.1/../../../../arm-none-eabi/lib/thumb/v7e-m+dp/hard\libstdc++_nano.a
LOAD c:/program files/daisytoolchain/bin/../lib/gcc/arm-none-eabi/10.2.1/../../../../arm-none-eabi/lib/thumb/v7e-m+dp/hard\libm.a
LOAD c:/program files/daisytoolchain/bin/../lib/gcc/arm-none-eabi/10.2.1/../../../../arm-none-eabi/lib/thumb/v7e-m+dp/hard\libc_nano.a
START GROUP
LOAD c:/program files/daisytoolchain/bin/../lib/gcc/arm-none-eabi/10.2.1/thumb/v7e-m+dp/hard\libgcc.a
LOAD c:/program files/daisytoolchain/bin/../lib/gcc/arm-none-eabi/10.2.1/../../../../arm-none-eabi/lib/thumb/v7e-m+dp/hard\libc_nano.a
END GROUP
START GROUP
LOAD c:/program files/daisytoolchain/bin/../lib/gcc/arm-none-eabi/10.2.1/thumb/v7e-m+dp/hard\libgcc.a
LOAD c:/program files/daisytoolchain/bin/../lib/gcc/arm-none-eabi/10.2.1/../../../../arm-none-eabi/lib/thumb/v7e-m+dp/hard\libc_nano.a
LOAD c:/program files/daisytoolchain/bin/../lib/gcc/arm-none-eabi/10.2.1/../../../../arm-none-eabi/lib/thumb/v7e-m+dp/hard\libnosys.a
END GROUP
START GROUP
LOAD c:/program files/daisytoolchain/bin/../lib/gcc/arm-none-eabi/10.2.1/thumb/v7e-m+dp/hard\libgcc.a
LOAD c:/program files/daisytoolchain/bin/../lib/gcc/arm-none-eabi/10.2.1/../../../../arm-none-eabi/lib/thumb/v7e-m+dp/hard\libc_nano.a
LOAD c:/program files/daisytoolchain/bin/../lib/gcc/arm-none-eabi/10.2.1/../../../../arm-none-eabi/lib/thumb/v7e-m+dp/hard\libnosys.a
END GROUP
LOAD c:/program files/daisytoolchain/bin/../lib/gcc/arm-none-eabi/10.2.1/thumb/v7e-m+dp/hard/crtend.o
LOAD c:/program files/daisytoolchain/bin/../lib/gcc/arm-none-eabi/10.2.1/thumb/v7e-m+dp/hard/crtn.o
                0x20020000                _estack = 0x20020000

.isr_vector     0x08000000      0x298
                0x08000000                . = ALIGN (0x4)
 *(.isr_vector)
 .isr_vector    0x08000000      0x298 build/startup_stm32h750xx.o
                0x08000000                g_pfnVectors
                0x08000298                . = ALIGN (0x4)

.text           0x08000298     0xe4c0
                0x08000298                . = ALIGN (0x4)
                0x08000298                _stext = .
 *(.text)
 .text          0x08000298       0x40 c:/program files/daisytoolchain/bin/../lib/gcc/arm-none-eabi/10.2.1/thumb/v7e-m+dp/hard/crtbegin.o
 .text          0x080002d8       0x30 c:/program files/daisytoolchain/bin/../lib/gcc/arm-none-eabi/10.2.1/thumb/v7e-m+dp/hard\libgcc.a(_aeabi_uldivmod.o)
                0x080002d8                __aeabi_uldivmod
 .text          0x08000308      0x2d0 c:/program files/daisytoolchain/bin/../lib/gcc/arm-none-eabi/10.2.1/thumb/v7e-m+dp/hard\libgcc.a(_udivmoddi4.o)
                0x08000308                __udivmoddi4
 .text          0x080005d8        0x4 c:/program files/daisytoolchain/bin/../lib/gcc/arm-none-eabi/10.2.1/thumb/v7e-m+dp/hard\libgcc.a(_dvmd_tls.o)
                0x080005d8                __aeabi_idiv0
                0x080005d8                __aeabi_ldiv0
 *(.text*)
 .text.Default_Handler
                0x080005dc        0x4 build/startup_stm32h750xx.o
                0x080005dc                RTC_Alarm_IRQHandler
                0x080005dc                HASH_RNG_IRQHandler
                0x080005dc                EXTI2_IRQHandler
                0x080005dc                TIM8_CC_IRQHandler
                0x080005dc                HRTIM1_Master_IRQHandler
                0x080005dc                DebugMon_Handler
                0x080005dc                TIM1_CC_IRQHandler
                0x080005dc                BDMA_Channel6_IRQHandler
                0x080005dc                DMA2_Stream5_IRQHandler
                0x080005dc                HRTIM1_FLT_IRQHandler
                0x080005dc                JPEG_IRQHandler
                0x080005dc                BDMA_Channel1_IRQHandler
                0x080005dc                HRTIM1_TIMD_IRQHandler
                0x080005dc                TAMP_STAMP_IRQHandler
                0x080005dc                PendSV_Handler
                0x080005dc                NMI_Handler
                0x080005dc                EXTI3_IRQHandler
                0x080005dc                LPTIM4_IRQHandler
                0x080005dc                TIM8_TRG_COM_TIM14_IRQHandler
                0x080005dc                LPTIM2_IRQHandler
                0x080005dc                DFSDM1_FLT1_IRQHandler
                0x080005dc                DMAMUX2_OVR_IRQHandler
                0x080005dc                TIM8_UP_TIM13_IRQHandler
                0x080005dc                I2C3_ER_IRQHandler
                0x080005dc                DFSDM1_FLT2_IRQHandler
                0x080005dc                MDMA_IRQHandler
                0x080005dc                LPTIM3_IRQHandler
                0x080005dc                HSEM1_IRQHandler
                0x080005dc                EXTI0_IRQHandler
                0x080005dc                DMA1_Stream2_IRQHandler
                0x080005dc                FPU_IRQHandler
                0x080005dc                OTG_HS_WKUP_IRQHandler
                0x080005dc                FDCAN1_IT1_IRQHandler
                0x080005dc                UsageFault_Handler
                0x080005dc                LTDC_ER_IRQHandler
                0x080005dc                HRTIM1_TIME_IRQHandler
                0x080005dc                TIM6_DAC_IRQHandler
                0x080005dc                DCMI_IRQHandler
                0x080005dc                HRTIM1_TIMC_IRQHandler
                0x080005dc                SAI2_IRQHandler
                0x080005dc                DFSDM1_FLT3_IRQHandler
                0x080005dc                TIM17_IRQHandler
                0x080005dc                CRYP_IRQHandler
                0x080005dc                BDMA_Channel7_IRQHandler
                0x080005dc                LPTIM5_IRQHandler
                0x080005dc                ADC3_IRQHandler
                0x080005dc                DMA2_Stream0_IRQHandler
                0x080005dc                BDMA_Channel2_IRQHandler
                0x080005dc                DMAMUX1_OVR_IRQHandler
                0x080005dc                TIM16_IRQHandler
                0x080005dc                BDMA_Channel5_IRQHandler
                0x080005dc                RCC_IRQHandler
                0x080005dc                TIM8_BRK_TIM12_IRQHandler
                0x080005dc                TIM1_TRG_COM_IRQHandler
                0x080005dc                Default_Handler
                0x080005dc                ECC_IRQHandler
                0x080005dc                CEC_IRQHandler
                0x080005dc                EXTI15_10_IRQHandler
                0x080005dc                BDMA_Channel0_IRQHandler
                0x080005dc                ADC_IRQHandler
                0x080005dc                DMA1_Stream7_IRQHandler
                0x080005dc                HRTIM1_TIMA_IRQHandler
                0x080005dc                TIM7_IRQHandler
                0x080005dc                SDMMC1_IRQHandler
                0x080005dc                DMA2_Stream7_IRQHandler
                0x080005dc                TIM15_IRQHandler
                0x080005dc                PVD_AVD_IRQHandler
                0x080005dc                EXTI9_5_IRQHandler
                0x080005dc                RTC_WKUP_IRQHandler
                0x080005dc                LTDC_IRQHandler
                0x080005dc                SAI3_IRQHandler
                0x080005dc                ETH_WKUP_IRQHandler
                0x080005dc                SPDIF_RX_IRQHandler
                0x080005dc                MemManage_Handler
                0x080005dc                SVC_Handler
                0x080005dc                CRS_IRQHandler
                0x080005dc                EXTI4_IRQHandler
                0x080005dc                HRTIM1_TIMB_IRQHandler
                0x080005dc                FDCAN2_IT1_IRQHandler
                0x080005dc                ETH_IRQHandler
                0x080005dc                TIM1_UP_IRQHandler
                0x080005dc                BDMA_Channel4_IRQHandler
                0x080005dc                WWDG_IRQHandler
                0x080005dc                SPI6_IRQHandler
                0x080005dc                I2C4_EV_IRQHandler
                0x080005dc                MDIOS_IRQHandler
                0x080005dc                FDCAN2_IT0_IRQHandler
                0x080005dc                FDCAN1_IT0_IRQHandler
                0x080005dc                OTG_FS_WKUP_IRQHandler
                0x080005dc                DMA2D_IRQHandler
                0x080005dc                TIM1_BRK_IRQHandler
                0x080005dc                EXTI1_IRQHandler
                0x080005dc                SDMMC2_IRQHandler
                0x080005dc                OTG_FS_EP1_OUT_IRQHandler
                0x080005dc                BDMA_Channel3_IRQHandler
                0x080005dc                MDIOS_WKUP_IRQHandler
                0x080005dc                DFSDM1_FLT0_IRQHandler
                0x080005dc                SAI4_IRQHandler
                0x080005dc                I2C2_ER_IRQHandler
                0x080005dc                DMA2_Stream1_IRQHandler
                0x080005dc                FLASH_IRQHandler
                0x080005dc                BusFault_Handler
                0x080005dc                OTG_FS_IRQHandler
                0x080005dc                WAKEUP_PIN_IRQHandler
                0x080005dc                OTG_FS_EP1_IN_IRQHandler
                0x080005dc                I2C1_ER_IRQHandler
                0x080005dc                FMC_IRQHandler
                0x080005dc                FDCAN_CAL_IRQHandler
                0x080005dc                SWPMI1_IRQHandler
                0x080005dc                COMP1_IRQHandler
                0x080005dc                LPTIM1_IRQHandler
                0x080005dc                I2C4_ER_IRQHandler
                0x080005dc                DMA2_Stream6_IRQHandler
                0x080005dc                SAI1_IRQHandler
 .text.Reset_Handler
                0x080005e0       0x44 build/startup_stm32h750xx.o
                0x080005e0                Reset_Handler
 .text._ZN5daisy9DaisySeedD2Ev
                0x08000624        0x4 build/Loop.o
                0x08000624                daisy::DaisySeed::~DaisySeed()
                0x08000624                daisy::DaisySeed::~DaisySeed()
 .text.startup.main
                0x08000628      0x1f4 build/Loop.o
                0x08000628                main
 .text.startup._GLOBAL__sub_I__Z13AudioCallbackPKfPfj
                0x0800081c       0xf8 build/Loop.o
 .text._ZN5daisy9DaisySeed17SetAudioBlockSizeEj
                0x08000914       0x38 ../DaisyExamples/libDaisy/build\libdaisy.a(daisy_seed.o)
                0x08000914                daisy::DaisySeed::SetAudioBlockSize(unsigned int)
 .text._ZN5daisy9DaisySeed14ConfigureAudioEv
                0x0800094c       0xd0 ../DaisyExamples/libDaisy/build\libdaisy.a(daisy_seed.o)
                0x0800094c                daisy::DaisySeed::ConfigureAudio()
 .text._ZN5daisy9DaisySeed4InitEb
                0x08000a1c       0xf0 ../DaisyExamples/libDaisy/build\libdaisy.a(daisy_seed.o)
                0x08000a1c                daisy::DaisySeed::Init(bool)
 .text._ZN5daisy6Ak45564InitE12dsy_gpio_pin
                0x08000b0c       0x44 ../DaisyExamples/libDaisy/build\libdaisy.a(codec_ak4556.o)
                0x08000b0c                daisy::Ak4556::Init(dsy_gpio_pin)
 .text._ZN5daisy6Wm873120WriteControlRegisterEht
                0x08000b50       0x3c ../DaisyExamples/libDaisy/build\libdaisy.a(codec_wm8731.o)
                0x08000b50                daisy::Wm8731::WriteControlRegister(unsigned char, unsigned short)
 .text._ZN5daisy6Wm87314InitERKNS0_6ConfigENS_9I2CHandleE
                0x08000b8c      0x1bc ../DaisyExamples/libDaisy/build\libdaisy.a(codec_wm8731.o)
                0x08000b8c                daisy::Wm8731::Init(daisy::Wm8731::Config const&, daisy::I2CHandle)
 .text._ZN11SdramHandle10DeviceInitEv
                0x08000d48       0x98 ../DaisyExamples/libDaisy/build\libdaisy.a(sdram.o)
                0x08000d48                SdramHandle::DeviceInit()
 .text._ZN11SdramHandle4InitEv
                0x08000de0       0x7c ../DaisyExamples/libDaisy/build\libdaisy.a(sdram.o)
                0x08000de0                SdramHandle::Init()
 .text.HAL_SDRAM_MspInit
                0x08000e5c      0x1a8 ../DaisyExamples/libDaisy/build\libdaisy.a(sdram.o)
                0x08000e5c                HAL_SDRAM_MspInit
 .text._ZN5daisy11AudioHandle4InitERKNS0_6ConfigENS_9SaiHandleE
                0x08001004       0x70 ../DaisyExamples/libDaisy/build\libdaisy.a(audio.o)
                0x08001004                daisy::AudioHandle::Init(daisy::AudioHandle::Config const&, daisy::SaiHandle)
 .text._ZNK5daisy11AudioHandle9GetConfigEv
                0x08001074        0x8 ../DaisyExamples/libDaisy/build\libdaisy.a(audio.o)
                0x08001074                daisy::AudioHandle::GetConfig() const
 .text._ZN5daisy11AudioHandle12SetBlockSizeEj
                0x0800107c       0x1c ../DaisyExamples/libDaisy/build\libdaisy.a(audio.o)
                0x0800107c                daisy::AudioHandle::SetBlockSize(unsigned int)
 .text._ZN5daisy11AudioHandle13GetSampleRateEv
                0x08001098        0x8 ../DaisyExamples/libDaisy/build\libdaisy.a(audio.o)
                0x08001098                daisy::AudioHandle::GetSampleRate()
 .text.startup._GLOBAL__sub_I__ZN5daisy11AudioHandle4Impl4InitENS0_6ConfigENS_9SaiHandleE
                0x080010a0       0x24 ../DaisyExamples/libDaisy/build\libdaisy.a(audio.o)
 .text._ZN5daisy4GPIO4InitENS_3PinENS0_4ModeENS0_4PullENS0_5SpeedE
                0x080010c4      0x1cc ../DaisyExamples/libDaisy/build\libdaisy.a(gpio.o)
                0x080010c4                daisy::GPIO::Init(daisy::Pin, daisy::GPIO::Mode, daisy::GPIO::Pull, daisy::GPIO::Speed)
 .text._ZN5daisy4GPIO4ReadEv
                0x08001290       0x18 ../DaisyExamples/libDaisy/build\libdaisy.a(gpio.o)
                0x08001290                daisy::GPIO::Read()
 .text._ZN5daisy4GPIO5WriteEb
                0x080012a8       0x14 ../DaisyExamples/libDaisy/build\libdaisy.a(gpio.o)
                0x080012a8                daisy::GPIO::Write(bool)
 .text.dsy_gpio_init
                0x080012bc      0x1b8 ../DaisyExamples/libDaisy/build\libdaisy.a(gpio.o)
                0x080012bc                dsy_gpio_init
 .text.dsy_gpio_read
                0x08001474       0x1c ../DaisyExamples/libDaisy/build\libdaisy.a(gpio.o)
                0x08001474                dsy_gpio_read
 .text.dsy_gpio_write
                0x08001490       0x24 ../DaisyExamples/libDaisy/build\libdaisy.a(gpio.o)
                0x08001490                dsy_gpio_write
 .text._ZN5daisy9I2CHandle4Impl8InitPinsEv
                0x080014b4       0x58 ../DaisyExamples/libDaisy/build\libdaisy.a(i2c.o)
                0x080014b4                daisy::I2CHandle::Impl::InitPins()
 .text.HAL_I2C_MspInit
                0x0800150c      0x1b4 ../DaisyExamples/libDaisy/build\libdaisy.a(i2c.o)
                0x0800150c                HAL_I2C_MspInit
 .text.dsy_i2c_global_init
                0x080016c0       0x78 ../DaisyExamples/libDaisy/build\libdaisy.a(i2c.o)
                0x080016c0                dsy_i2c_global_init
 .text.DMA1_Stream6_IRQHandler
                0x08001738       0x34 ../DaisyExamples/libDaisy/build\libdaisy.a(i2c.o)
                0x08001738                DMA1_Stream6_IRQHandler
 .text.I2C1_EV_IRQHandler
                0x0800176c        0xc ../DaisyExamples/libDaisy/build\libdaisy.a(i2c.o)
                0x0800176c                I2C1_EV_IRQHandler
 .text.I2C2_EV_IRQHandler
                0x08001778        0xc ../DaisyExamples/libDaisy/build\libdaisy.a(i2c.o)
                0x08001778                I2C2_EV_IRQHandler
 .text.I2C3_EV_IRQHandler
                0x08001784        0xc ../DaisyExamples/libDaisy/build\libdaisy.a(i2c.o)
                0x08001784                I2C3_EV_IRQHandler
 .text._ZN5daisy9I2CHandle4InitERKNS0_6ConfigE
                0x08001790      0x12c ../DaisyExamples/libDaisy/build\libdaisy.a(i2c.o)
                0x08001790                daisy::I2CHandle::Init(daisy::I2CHandle::Config const&)
 .text._ZN5daisy9I2CHandle16TransmitBlockingEtPhtm
                0x080018bc       0x50 ../DaisyExamples/libDaisy/build\libdaisy.a(i2c.o)
                0x080018bc                daisy::I2CHandle::TransmitBlocking(unsigned short, unsigned char*, unsigned short, unsigned long)
 .text.startup._GLOBAL__sub_I__ZN5daisy9I2CHandle4Impl10GlobalInitEv
                0x0800190c       0x18 ../DaisyExamples/libDaisy/build\libdaisy.a(i2c.o)
 .text._ZN5daisy10QSPIHandle4Impl11WriteEnableEv
                0x08001924       0x8c ../DaisyExamples/libDaisy/build\libdaisy.a(qspi.o)
                0x08001924                daisy::QSPIHandle::Impl::WriteEnable()
 .text._ZN5daisy10QSPIHandle4Impl17DummyCyclesConfigENS0_6Config6DeviceE
                0x080019b0      0x118 ../DaisyExamples/libDaisy/build\libdaisy.a(qspi.o)
                0x080019b0                daisy::QSPIHandle::Impl::DummyCyclesConfig(daisy::QSPIHandle::Config::Device)
 .text._ZN5daisy10QSPIHandle4Impl10QuadEnableEv
                0x08001ac8      0x158 ../DaisyExamples/libDaisy/build\libdaisy.a(qspi.o)
                0x08001ac8                daisy::QSPIHandle::Impl::QuadEnable()
 .text._ZN5daisy10QSPIHandle4InitERKNS0_6ConfigE
                0x08001c20      0x198 ../DaisyExamples/libDaisy/build\libdaisy.a(qspi.o)
                0x08001c20                daisy::QSPIHandle::Init(daisy::QSPIHandle::Config const&)
 .text.HAL_QSPI_MspInit
                0x08001db8      0x11c ../DaisyExamples/libDaisy/build\libdaisy.a(qspi.o)
                0x08001db8                HAL_QSPI_MspInit
 .text.HAL_QSPI_MspDeInit
                0x08001ed4       0x54 ../DaisyExamples/libDaisy/build\libdaisy.a(qspi.o)
                0x08001ed4                HAL_QSPI_MspDeInit
 .text.QUADSPI_IRQHandler
                0x08001f28        0xc ../DaisyExamples/libDaisy/build\libdaisy.a(qspi.o)
                0x08001f28                QUADSPI_IRQHandler
 .text.startup._GLOBAL__sub_I__ZN5daisy10QSPIHandle4Impl4InitERKNS0_6ConfigE
                0x08001f34       0x28 ../DaisyExamples/libDaisy/build\libdaisy.a(qspi.o)
 .text._ZN5daisy9SaiHandle4Impl7InitDmaENS1_15PeripheralBlockE
                0x08001f5c       0xa0 ../DaisyExamples/libDaisy/build\libdaisy.a(sai.o)
                0x08001f5c                daisy::SaiHandle::Impl::InitDma(daisy::SaiHandle::Impl::PeripheralBlock)
 .text._ZN5daisy9SaiHandle4Impl8InitPinsEv
                0x08001ffc       0xa8 ../DaisyExamples/libDaisy/build\libdaisy.a(sai.o)
                0x08001ffc                daisy::SaiHandle::Impl::InitPins()
 .text.HAL_SAI_MspInit
                0x080020a4      0x164 ../DaisyExamples/libDaisy/build\libdaisy.a(sai.o)
                0x080020a4                HAL_SAI_MspInit
 .text.DMA1_Stream0_IRQHandler
                0x08002208        0xc ../DaisyExamples/libDaisy/build\libdaisy.a(sai.o)
                0x08002208                DMA1_Stream0_IRQHandler
 .text.DMA1_Stream1_IRQHandler
                0x08002214        0xc ../DaisyExamples/libDaisy/build\libdaisy.a(sai.o)
                0x08002214                DMA1_Stream1_IRQHandler
 .text.DMA1_Stream3_IRQHandler
                0x08002220        0xc ../DaisyExamples/libDaisy/build\libdaisy.a(sai.o)
                0x08002220                DMA1_Stream3_IRQHandler
 .text.DMA1_Stream4_IRQHandler
                0x0800222c        0xc ../DaisyExamples/libDaisy/build\libdaisy.a(sai.o)
                0x0800222c                DMA1_Stream4_IRQHandler
 .text._ZN5daisy9SaiHandle4InitERKNS0_6ConfigE
                0x08002238      0x1f0 ../DaisyExamples/libDaisy/build\libdaisy.a(sai.o)
                0x08002238                daisy::SaiHandle::Init(daisy::SaiHandle::Config const&)
 .text._ZNK5daisy9SaiHandle9GetConfigEv
                0x08002428        0x4 ../DaisyExamples/libDaisy/build\libdaisy.a(sai.o)
                0x08002428                daisy::SaiHandle::GetConfig() const
 .text._ZN5daisy9SaiHandle13GetSampleRateEv
                0x0800242c       0x24 ../DaisyExamples/libDaisy/build\libdaisy.a(sai.o)
                0x0800242c                daisy::SaiHandle::GetSampleRate()
 .text._ZN5daisy11TimerHandleD2Ev
                0x08002450        0x4 ../DaisyExamples/libDaisy/build\libdaisy.a(system.o)
                0x08002450                daisy::TimerHandle::~TimerHandle()
                0x08002450                daisy::TimerHandle::~TimerHandle()
 .text.SysTick_Handler
                0x08002454       0x10 ../DaisyExamples/libDaisy/build\libdaisy.a(system.o)
                0x08002454                SysTick_Handler
 .text.OTG_HS_EP1_OUT_IRQHandler
                0x08002464       0x24 ../DaisyExamples/libDaisy/build\libdaisy.a(system.o)
                0x08002464                OTG_HS_EP1_OUT_IRQHandler
 .text.OTG_HS_EP1_IN_IRQHandler
                0x08002488       0x24 ../DaisyExamples/libDaisy/build\libdaisy.a(system.o)
                0x08002488                OTG_HS_EP1_IN_IRQHandler
 .text.OTG_HS_IRQHandler
                0x080024ac       0x24 ../DaisyExamples/libDaisy/build\libdaisy.a(system.o)
                0x080024ac                OTG_HS_IRQHandler
 .text.HardFault_Handler
                0x080024d0       0xe0 ../DaisyExamples/libDaisy/build\libdaisy.a(system.o)
                0x080024d0                HardFault_Handler
 .text._ZN5daisy6System5DelayEm
                0x080025b0        0x4 ../DaisyExamples/libDaisy/build\libdaisy.a(system.o)
                0x080025b0                daisy::System::Delay(unsigned long)
 .text._ZN5daisy6System15ConfigureClocksEv
                0x080025b4      0x194 ../DaisyExamples/libDaisy/build\libdaisy.a(system.o)
                0x080025b4                daisy::System::ConfigureClocks()
 .text._ZN5daisy6System4InitERKNS0_6ConfigE
                0x08002748      0x140 ../DaisyExamples/libDaisy/build\libdaisy.a(system.o)
                0x08002748                daisy::System::Init(daisy::System::Config const&)
 .text._ZN5daisy6System12GetPClk1FreqEv
                0x08002888        0x4 ../DaisyExamples/libDaisy/build\libdaisy.a(system.o)
                0x08002888                daisy::System::GetPClk1Freq()
 .text._ZN5daisy6System22GetProgramMemoryRegionEv
                0x0800288c       0x78 ../DaisyExamples/libDaisy/build\libdaisy.a(system.o)
                0x0800288c                daisy::System::GetProgramMemoryRegion()
 .text.startup._GLOBAL__sub_I_SysTick_Handler
                0x08002904       0x1c ../DaisyExamples/libDaisy/build\libdaisy.a(system.o)
 .text.SystemInit
                0x08002920       0x9c ../DaisyExamples/libDaisy/build\libdaisy.a(system_stm32h7xx.o)
                0x08002920                SystemInit
 .text.HAL_PCD_SetupStageCallback
                0x080029bc        0xc ../DaisyExamples/libDaisy/build\libdaisy.a(usbd_conf.o)
                0x080029bc                HAL_PCD_SetupStageCallback
 .text.HAL_PCD_DataOutStageCallback
                0x080029c8       0x14 ../DaisyExamples/libDaisy/build\libdaisy.a(usbd_conf.o)
                0x080029c8                HAL_PCD_DataOutStageCallback
 .text.HAL_PCD_DataInStageCallback
                0x080029dc       0x14 ../DaisyExamples/libDaisy/build\libdaisy.a(usbd_conf.o)
                0x080029dc                HAL_PCD_DataInStageCallback
 .text.HAL_PCD_SOFCallback
                0x080029f0        0x8 ../DaisyExamples/libDaisy/build\libdaisy.a(usbd_conf.o)
                0x080029f0                HAL_PCD_SOFCallback
 .text.HAL_PCD_ResetCallback
                0x080029f8       0x24 ../DaisyExamples/libDaisy/build\libdaisy.a(usbd_conf.o)
                0x080029f8                HAL_PCD_ResetCallback
 .text.HAL_PCD_SuspendCallback
                0x08002a1c       0x30 ../DaisyExamples/libDaisy/build\libdaisy.a(usbd_conf.o)
                0x08002a1c                HAL_PCD_SuspendCallback
 .text.HAL_PCD_ResumeCallback
                0x08002a4c        0x8 ../DaisyExamples/libDaisy/build\libdaisy.a(usbd_conf.o)
                0x08002a4c                HAL_PCD_ResumeCallback
 .text.HAL_PCD_ISOOUTIncompleteCallback
                0x08002a54        0x8 ../DaisyExamples/libDaisy/build\libdaisy.a(usbd_conf.o)
                0x08002a54                HAL_PCD_ISOOUTIncompleteCallback
 .text.HAL_PCD_ISOINIncompleteCallback
                0x08002a5c        0x8 ../DaisyExamples/libDaisy/build\libdaisy.a(usbd_conf.o)
                0x08002a5c                HAL_PCD_ISOINIncompleteCallback
 .text.HAL_PCD_ConnectCallback
                0x08002a64        0x8 ../DaisyExamples/libDaisy/build\libdaisy.a(usbd_conf.o)
                0x08002a64                HAL_PCD_ConnectCallback
 .text.HAL_PCD_DisconnectCallback
                0x08002a6c        0x8 ../DaisyExamples/libDaisy/build\libdaisy.a(usbd_conf.o)
                0x08002a6c                HAL_PCD_DisconnectCallback
 .text.USBD_LL_OpenEP
                0x08002a74       0x24 ../DaisyExamples/libDaisy/build\libdaisy.a(usbd_conf.o)
                0x08002a74                USBD_LL_OpenEP
 .text.USBD_LL_StallEP
                0x08002a98       0x1c ../DaisyExamples/libDaisy/build\libdaisy.a(usbd_conf.o)
                0x08002a98                USBD_LL_StallEP
 .text.USBD_LL_ClearStallEP
                0x08002ab4       0x1c ../DaisyExamples/libDaisy/build\libdaisy.a(usbd_conf.o)
                0x08002ab4                USBD_LL_ClearStallEP
 .text.USBD_LL_IsStallEP
                0x08002ad0       0x28 ../DaisyExamples/libDaisy/build\libdaisy.a(usbd_conf.o)
                0x08002ad0                USBD_LL_IsStallEP
 .text.USBD_LL_SetUSBAddress
                0x08002af8       0x1c ../DaisyExamples/libDaisy/build\libdaisy.a(usbd_conf.o)
                0x08002af8                USBD_LL_SetUSBAddress
 .text.USBD_LL_Transmit
                0x08002b14       0x1c ../DaisyExamples/libDaisy/build\libdaisy.a(usbd_conf.o)
                0x08002b14                USBD_LL_Transmit
 .text.USBD_LL_PrepareReceive
                0x08002b30       0x1c ../DaisyExamples/libDaisy/build\libdaisy.a(usbd_conf.o)
                0x08002b30                USBD_LL_PrepareReceive
 .text.HAL_HCD_SOF_Callback
                0x08002b4c        0x8 ../DaisyExamples/libDaisy/build\libdaisy.a(usbh_conf.o)
                0x08002b4c                HAL_HCD_SOF_Callback
 .text.HAL_HCD_Connect_Callback
                0x08002b54        0x8 ../DaisyExamples/libDaisy/build\libdaisy.a(usbh_conf.o)
                0x08002b54                HAL_HCD_Connect_Callback
 .text.HAL_HCD_Disconnect_Callback
                0x08002b5c        0x8 ../DaisyExamples/libDaisy/build\libdaisy.a(usbh_conf.o)
                0x08002b5c                HAL_HCD_Disconnect_Callback
 .text.HAL_HCD_HC_NotifyURBChange_Callback
                0x08002b64        0x4 ../DaisyExamples/libDaisy/build\libdaisy.a(usbh_conf.o)
                0x08002b64                HAL_HCD_HC_NotifyURBChange_Callback
 .text.HAL_HCD_PortEnabled_Callback
                0x08002b68        0x8 ../DaisyExamples/libDaisy/build\libdaisy.a(usbh_conf.o)
                0x08002b68                HAL_HCD_PortEnabled_Callback
 .text.HAL_HCD_PortDisabled_Callback
                0x08002b70        0x8 ../DaisyExamples/libDaisy/build\libdaisy.a(usbh_conf.o)
                0x08002b70                HAL_HCD_PortDisabled_Callback
 .text.USBH_LL_Stop
                0x08002b78       0x1c ../DaisyExamples/libDaisy/build\libdaisy.a(usbh_conf.o)
                0x08002b78                USBH_LL_Stop
 .text.dsy_hal_map_get_port
                0x08002b94       0x10 ../DaisyExamples/libDaisy/build\libdaisy.a(hal_map.o)
                0x08002b94                dsy_hal_map_get_port
 .text.dsy_hal_map_get_pin
                0x08002ba4       0x10 ../DaisyExamples/libDaisy/build\libdaisy.a(hal_map.o)
                0x08002ba4                dsy_hal_map_get_pin
 .text.dsy_hal_map_gpio_clk_enable
                0x08002bb4      0x150 ../DaisyExamples/libDaisy/build\libdaisy.a(hal_map.o)
                0x08002bb4                dsy_hal_map_gpio_clk_enable
 .text.HAL_MspInit
                0x08002d04        0x4 ../DaisyExamples/libDaisy/build\libdaisy.a(stm32h7xx_hal.o)
                0x08002d04                HAL_MspInit
 .text.HAL_InitTick
                0x08002d08       0x4c ../DaisyExamples/libDaisy/build\libdaisy.a(stm32h7xx_hal.o)
                0x08002d08                HAL_InitTick
 .text.HAL_Init
                0x08002d54       0x60 ../DaisyExamples/libDaisy/build\libdaisy.a(stm32h7xx_hal.o)
                0x08002d54                HAL_Init
 .text.HAL_IncTick
                0x08002db4       0x18 ../DaisyExamples/libDaisy/build\libdaisy.a(stm32h7xx_hal.o)
                0x08002db4                HAL_IncTick
 .text.HAL_GetTick
                0x08002dcc        0xc ../DaisyExamples/libDaisy/build\libdaisy.a(stm32h7xx_hal.o)
                0x08002dcc                HAL_GetTick
 .text.HAL_Delay
                0x08002dd8       0x24 ../DaisyExamples/libDaisy/build\libdaisy.a(stm32h7xx_hal.o)
                0x08002dd8                HAL_Delay
 .text.HAL_GetREVID
                0x08002dfc        0xc ../DaisyExamples/libDaisy/build\libdaisy.a(stm32h7xx_hal.o)
                0x08002dfc                HAL_GetREVID
 .text.HAL_NVIC_SetPriorityGrouping
                0x08002e08       0x24 ../DaisyExamples/libDaisy/build\libdaisy.a(stm32h7xx_hal_cortex.o)
                0x08002e08                HAL_NVIC_SetPriorityGrouping
 .text.HAL_NVIC_SetPriority
                0x08002e2c       0x7c ../DaisyExamples/libDaisy/build\libdaisy.a(stm32h7xx_hal_cortex.o)
                0x08002e2c                HAL_NVIC_SetPriority
 .text.HAL_NVIC_EnableIRQ
                0x08002ea8       0x1c ../DaisyExamples/libDaisy/build\libdaisy.a(stm32h7xx_hal_cortex.o)
                0x08002ea8                HAL_NVIC_EnableIRQ
 .text.HAL_NVIC_DisableIRQ
                0x08002ec4       0x28 ../DaisyExamples/libDaisy/build\libdaisy.a(stm32h7xx_hal_cortex.o)
                0x08002ec4                HAL_NVIC_DisableIRQ
 .text.HAL_SYSTICK_Config
                0x08002eec       0x2c ../DaisyExamples/libDaisy/build\libdaisy.a(stm32h7xx_hal_cortex.o)
                0x08002eec                HAL_SYSTICK_Config
 .text.HAL_MPU_Disable
                0x08002f18       0x1c ../DaisyExamples/libDaisy/build\libdaisy.a(stm32h7xx_hal_cortex.o)
                0x08002f18                HAL_MPU_Disable
 .text.HAL_MPU_Enable
                0x08002f34       0x20 ../DaisyExamples/libDaisy/build\libdaisy.a(stm32h7xx_hal_cortex.o)
                0x08002f34                HAL_MPU_Enable
 .text.HAL_MPU_ConfigRegion
                0x08002f54       0x64 ../DaisyExamples/libDaisy/build\libdaisy.a(stm32h7xx_hal_cortex.o)
                0x08002f54                HAL_MPU_ConfigRegion
 .text.HAL_SYSTICK_Callback
                0x08002fb8        0x4 ../DaisyExamples/libDaisy/build\libdaisy.a(stm32h7xx_hal_cortex.o)
                0x08002fb8                HAL_SYSTICK_Callback
 .text.HAL_SYSTICK_IRQHandler
                0x08002fbc        0x8 ../DaisyExamples/libDaisy/build\libdaisy.a(stm32h7xx_hal_cortex.o)
                0x08002fbc                HAL_SYSTICK_IRQHandler
 .text.DMA_CalcBaseAndBitshift
                0x08002fc4       0xf4 ../DaisyExamples/libDaisy/build\libdaisy.a(stm32h7xx_hal_dma.o)
 .text.DMA_CalcDMAMUXChannelBaseAndMask
                0x080030b8       0xd8 ../DaisyExamples/libDaisy/build\libdaisy.a(stm32h7xx_hal_dma.o)
 .text.HAL_DMA_Init
                0x08003190      0x37c ../DaisyExamples/libDaisy/build\libdaisy.a(stm32h7xx_hal_dma.o)
                0x08003190                HAL_DMA_Init
 .text.HAL_DMA_Start_IT
                0x0800350c      0x240 ../DaisyExamples/libDaisy/build\libdaisy.a(stm32h7xx_hal_dma.o)
                0x0800350c                HAL_DMA_Start_IT
 .text.HAL_DMA_Abort_IT
                0x0800374c      0x134 ../DaisyExamples/libDaisy/build\libdaisy.a(stm32h7xx_hal_dma.o)
                0x0800374c                HAL_DMA_Abort_IT
 .text.HAL_DMA_IRQHandler
                0x08003880      0x6a0 ../DaisyExamples/libDaisy/build\libdaisy.a(stm32h7xx_hal_dma.o)
                0x08003880                HAL_DMA_IRQHandler
 .text.HAL_DMA_GetError
                0x08003f20        0x4 ../DaisyExamples/libDaisy/build\libdaisy.a(stm32h7xx_hal_dma.o)
                0x08003f20                HAL_DMA_GetError
 .text.HAL_GPIO_Init
                0x08003f24      0x280 ../DaisyExamples/libDaisy/build\libdaisy.a(stm32h7xx_hal_gpio.o)
                0x08003f24                HAL_GPIO_Init
 .text.HAL_GPIO_DeInit
                0x080041a4      0x190 ../DaisyExamples/libDaisy/build\libdaisy.a(stm32h7xx_hal_gpio.o)
                0x080041a4                HAL_GPIO_DeInit
 .text.HAL_GPIO_ReadPin
                0x08004334        0xc ../DaisyExamples/libDaisy/build\libdaisy.a(stm32h7xx_hal_gpio.o)
                0x08004334                HAL_GPIO_ReadPin
 .text.HAL_GPIO_WritePin
                0x08004340        0x8 ../DaisyExamples/libDaisy/build\libdaisy.a(stm32h7xx_hal_gpio.o)
                0x08004340                HAL_GPIO_WritePin
 .text.HAL_HCD_IRQHandler
                0x08004348      0x780 ../DaisyExamples/libDaisy/build\libdaisy.a(stm32h7xx_hal_hcd.o)
                0x08004348                HAL_HCD_IRQHandler
 .text.HAL_HCD_Stop
                0x08004ac8       0x28 ../DaisyExamples/libDaisy/build\libdaisy.a(stm32h7xx_hal_hcd.o)
                0x08004ac8                HAL_HCD_Stop
 .text.I2C_WaitOnTXISFlagUntilTimeout
                0x08004af0       0xb8 ../DaisyExamples/libDaisy/build\libdaisy.a(stm32h7xx_hal_i2c.o)
 .text.I2C_WaitOnSTOPFlagUntilTimeout
                0x08004ba8       0xac ../DaisyExamples/libDaisy/build\libdaisy.a(stm32h7xx_hal_i2c.o)
 .text.HAL_I2C_Init
                0x08004c54       0xac ../DaisyExamples/libDaisy/build\libdaisy.a(stm32h7xx_hal_i2c.o)
                0x08004c54                HAL_I2C_Init
 .text.HAL_I2C_Master_Transmit
                0x08004d00      0x1a8 ../DaisyExamples/libDaisy/build\libdaisy.a(stm32h7xx_hal_i2c.o)
                0x08004d00                HAL_I2C_Master_Transmit
 .text.HAL_I2C_Slave_Transmit
                0x08004ea8      0x1c8 ../DaisyExamples/libDaisy/build\libdaisy.a(stm32h7xx_hal_i2c.o)
                0x08004ea8                HAL_I2C_Slave_Transmit
 .text.HAL_I2C_EV_IRQHandler
                0x08005070       0x10 ../DaisyExamples/libDaisy/build\libdaisy.a(stm32h7xx_hal_i2c.o)
                0x08005070                HAL_I2C_EV_IRQHandler
 .text.HAL_I2C_GetState
                0x08005080        0x8 ../DaisyExamples/libDaisy/build\libdaisy.a(stm32h7xx_hal_i2c.o)
                0x08005080                HAL_I2C_GetState
 .text.HAL_I2CEx_ConfigAnalogFilter
                0x08005088       0x54 ../DaisyExamples/libDaisy/build\libdaisy.a(stm32h7xx_hal_i2c_ex.o)
                0x08005088                HAL_I2CEx_ConfigAnalogFilter
 .text.HAL_I2CEx_ConfigDigitalFilter
                0x080050dc       0x58 ../DaisyExamples/libDaisy/build\libdaisy.a(stm32h7xx_hal_i2c_ex.o)
                0x080050dc                HAL_I2CEx_ConfigDigitalFilter
 .text.HAL_PCD_IRQHandler
                0x08005134      0x69c ../DaisyExamples/libDaisy/build\libdaisy.a(stm32h7xx_hal_pcd.o)
                0x08005134                HAL_PCD_IRQHandler
 .text.HAL_PCD_SetAddress
                0x080057d0       0x2c ../DaisyExamples/libDaisy/build\libdaisy.a(stm32h7xx_hal_pcd.o)
                0x080057d0                HAL_PCD_SetAddress
 .text.HAL_PCD_EP_Open
                0x080057fc       0x7c ../DaisyExamples/libDaisy/build\libdaisy.a(stm32h7xx_hal_pcd.o)
                0x080057fc                HAL_PCD_EP_Open
 .text.HAL_PCD_EP_Receive
                0x08005878       0x50 ../DaisyExamples/libDaisy/build\libdaisy.a(stm32h7xx_hal_pcd.o)
                0x08005878                HAL_PCD_EP_Receive
 .text.HAL_PCD_EP_Transmit
                0x080058c8       0x50 ../DaisyExamples/libDaisy/build\libdaisy.a(stm32h7xx_hal_pcd.o)
                0x080058c8                HAL_PCD_EP_Transmit
 .text.HAL_PCD_EP_SetStall
                0x08005918       0x88 ../DaisyExamples/libDaisy/build\libdaisy.a(stm32h7xx_hal_pcd.o)
                0x08005918                HAL_PCD_EP_SetStall
 .text.HAL_PCD_EP_ClrStall
                0x080059a0       0x78 ../DaisyExamples/libDaisy/build\libdaisy.a(stm32h7xx_hal_pcd.o)
                0x080059a0                HAL_PCD_EP_ClrStall
 .text.HAL_PCDEx_LPM_Callback
                0x08005a18        0x4 ../DaisyExamples/libDaisy/build\libdaisy.a(stm32h7xx_hal_pcd_ex.o)
                0x08005a18                HAL_PCDEx_LPM_Callback
 .text.HAL_PWREx_ConfigSupply
                0x08005a1c       0x4c ../DaisyExamples/libDaisy/build\libdaisy.a(stm32h7xx_hal_pwr_ex.o)
                0x08005a1c                HAL_PWREx_ConfigSupply
 .text.HAL_PWREx_EnableUSBVoltageDetector
                0x08005a68       0x10 ../DaisyExamples/libDaisy/build\libdaisy.a(stm32h7xx_hal_pwr_ex.o)
                0x08005a68                HAL_PWREx_EnableUSBVoltageDetector
 .text.QSPI_Config
                0x08005a78      0x174 ../DaisyExamples/libDaisy/build\libdaisy.a(stm32h7xx_hal_qspi.o)
 .text.HAL_QSPI_Init
                0x08005bec       0xd8 ../DaisyExamples/libDaisy/build\libdaisy.a(stm32h7xx_hal_qspi.o)
                0x08005bec                HAL_QSPI_Init
 .text.HAL_QSPI_DeInit
                0x08005cc4       0x3c ../DaisyExamples/libDaisy/build\libdaisy.a(stm32h7xx_hal_qspi.o)
                0x08005cc4                HAL_QSPI_DeInit
 .text.HAL_QSPI_Command
                0x08005d00       0xd4 ../DaisyExamples/libDaisy/build\libdaisy.a(stm32h7xx_hal_qspi.o)
                0x08005d00                HAL_QSPI_Command
 .text.HAL_QSPI_Transmit
                0x08005dd4       0xfc ../DaisyExamples/libDaisy/build\libdaisy.a(stm32h7xx_hal_qspi.o)
                0x08005dd4                HAL_QSPI_Transmit
 .text.HAL_QSPI_Receive
                0x08005ed0      0x108 ../DaisyExamples/libDaisy/build\libdaisy.a(stm32h7xx_hal_qspi.o)
                0x08005ed0                HAL_QSPI_Receive
 .text.HAL_QSPI_AutoPolling
                0x08005fd8       0xf0 ../DaisyExamples/libDaisy/build\libdaisy.a(stm32h7xx_hal_qspi.o)
                0x08005fd8                HAL_QSPI_AutoPolling
 .text.HAL_QSPI_MemoryMapped
                0x080060c8       0xc0 ../DaisyExamples/libDaisy/build\libdaisy.a(stm32h7xx_hal_qspi.o)
                0x080060c8                HAL_QSPI_MemoryMapped
 .text.HAL_QSPI_ErrorCallback
                0x08006188        0x4 ../DaisyExamples/libDaisy/build\libdaisy.a(stm32h7xx_hal_qspi.o)
                0x08006188                HAL_QSPI_ErrorCallback
 .text.QSPI_DMAAbortCplt
                0x0800618c       0x38 ../DaisyExamples/libDaisy/build\libdaisy.a(stm32h7xx_hal_qspi.o)
 .text.HAL_QSPI_AbortCpltCallback
                0x080061c4        0x4 ../DaisyExamples/libDaisy/build\libdaisy.a(stm32h7xx_hal_qspi.o)
                0x080061c4                HAL_QSPI_AbortCpltCallback
 .text.HAL_QSPI_CmdCpltCallback
                0x080061c8        0x4 ../DaisyExamples/libDaisy/build\libdaisy.a(stm32h7xx_hal_qspi.o)
                0x080061c8                HAL_QSPI_CmdCpltCallback
 .text.HAL_QSPI_RxCpltCallback
                0x080061cc        0x4 ../DaisyExamples/libDaisy/build\libdaisy.a(stm32h7xx_hal_qspi.o)
                0x080061cc                HAL_QSPI_RxCpltCallback
 .text.HAL_QSPI_TxCpltCallback
                0x080061d0        0x4 ../DaisyExamples/libDaisy/build\libdaisy.a(stm32h7xx_hal_qspi.o)
                0x080061d0                HAL_QSPI_TxCpltCallback
 .text.HAL_QSPI_FifoThresholdCallback
                0x080061d4        0x4 ../DaisyExamples/libDaisy/build\libdaisy.a(stm32h7xx_hal_qspi.o)
                0x080061d4                HAL_QSPI_FifoThresholdCallback
 .text.HAL_QSPI_StatusMatchCallback
                0x080061d8        0x4 ../DaisyExamples/libDaisy/build\libdaisy.a(stm32h7xx_hal_qspi.o)
                0x080061d8                HAL_QSPI_StatusMatchCallback
 .text.HAL_QSPI_TimeOutCallback
                0x080061dc        0x4 ../DaisyExamples/libDaisy/build\libdaisy.a(stm32h7xx_hal_qspi.o)
                0x080061dc                HAL_QSPI_TimeOutCallback
 .text.HAL_QSPI_IRQHandler
                0x080061e0      0x210 ../DaisyExamples/libDaisy/build\libdaisy.a(stm32h7xx_hal_qspi.o)
                0x080061e0                HAL_QSPI_IRQHandler
 .text.HAL_RCC_OscConfig
                0x080063f0      0x51c ../DaisyExamples/libDaisy/build\libdaisy.a(stm32h7xx_hal_rcc.o)
                0x080063f0                HAL_RCC_OscConfig
 .text.HAL_RCC_GetSysClockFreq
                0x0800690c      0x140 ../DaisyExamples/libDaisy/build\libdaisy.a(stm32h7xx_hal_rcc.o)
                0x0800690c                HAL_RCC_GetSysClockFreq
 .text.HAL_RCC_ClockConfig
                0x08006a4c      0x234 ../DaisyExamples/libDaisy/build\libdaisy.a(stm32h7xx_hal_rcc.o)
                0x08006a4c                HAL_RCC_ClockConfig
 .text.HAL_RCC_GetHCLKFreq
                0x08006c80       0x2c ../DaisyExamples/libDaisy/build\libdaisy.a(stm32h7xx_hal_rcc.o)
                0x08006c80                HAL_RCC_GetHCLKFreq
 .text.HAL_RCC_GetPCLK1Freq
                0x08006cac       0x38 ../DaisyExamples/libDaisy/build\libdaisy.a(stm32h7xx_hal_rcc.o)
                0x08006cac                HAL_RCC_GetPCLK1Freq
 .text.HAL_RCC_GetPCLK2Freq
                0x08006ce4       0x38 ../DaisyExamples/libDaisy/build\libdaisy.a(stm32h7xx_hal_rcc.o)
                0x08006ce4                HAL_RCC_GetPCLK2Freq
 .text.RCCEx_PLL2_Config
                0x08006d1c       0xf4 ../DaisyExamples/libDaisy/build\libdaisy.a(stm32h7xx_hal_rcc_ex.o)
 .text.RCCEx_PLL3_Config
                0x08006e10       0xf4 ../DaisyExamples/libDaisy/build\libdaisy.a(stm32h7xx_hal_rcc_ex.o)
 .text.HAL_RCCEx_PeriphCLKConfig
                0x08006f04      0xa7c ../DaisyExamples/libDaisy/build\libdaisy.a(stm32h7xx_hal_rcc_ex.o)
                0x08006f04                HAL_RCCEx_PeriphCLKConfig
 .text.HAL_RCCEx_GetD3PCLK1Freq
                0x08007980       0x24 ../DaisyExamples/libDaisy/build\libdaisy.a(stm32h7xx_hal_rcc_ex.o)
                0x08007980                HAL_RCCEx_GetD3PCLK1Freq
 .text.HAL_RCCEx_GetPLL2ClockFreq
                0x080079a4      0x17c ../DaisyExamples/libDaisy/build\libdaisy.a(stm32h7xx_hal_rcc_ex.o)
                0x080079a4                HAL_RCCEx_GetPLL2ClockFreq
 .text.HAL_RCCEx_GetPLL3ClockFreq
                0x08007b20      0x17c ../DaisyExamples/libDaisy/build\libdaisy.a(stm32h7xx_hal_rcc_ex.o)
                0x08007b20                HAL_RCCEx_GetPLL3ClockFreq
 .text.HAL_RCCEx_GetPLL1ClockFreq
                0x08007c9c      0x17c ../DaisyExamples/libDaisy/build\libdaisy.a(stm32h7xx_hal_rcc_ex.o)
                0x08007c9c                HAL_RCCEx_GetPLL1ClockFreq
 .text.HAL_RCCEx_GetPeriphCLKFreq
                0x08007e18      0x198 ../DaisyExamples/libDaisy/build\libdaisy.a(stm32h7xx_hal_rcc_ex.o)
                0x08007e18                HAL_RCCEx_GetPeriphCLKFreq
 .text.HAL_RCCEx_GetD1SysClockFreq
                0x08007fb0       0x2c ../DaisyExamples/libDaisy/build\libdaisy.a(stm32h7xx_hal_rcc_ex.o)
                0x08007fb0                HAL_RCCEx_GetD1SysClockFreq
 .text.HAL_SAI_Init.part.0
                0x08007fdc      0x348 ../DaisyExamples/libDaisy/build\libdaisy.a(stm32h7xx_hal_sai.o)
 .text.HAL_SAI_InitProtocol
                0x08008324      0x178 ../DaisyExamples/libDaisy/build\libdaisy.a(stm32h7xx_hal_sai.o)
                0x08008324                HAL_SAI_InitProtocol
 .text.HAL_SDRAM_Init
                0x0800849c       0x54 ../DaisyExamples/libDaisy/build\libdaisy.a(stm32h7xx_hal_sdram.o)
                0x0800849c                HAL_SDRAM_Init
 .text.HAL_SDRAM_SendCommand
                0x080084f0       0x40 ../DaisyExamples/libDaisy/build\libdaisy.a(stm32h7xx_hal_sdram.o)
                0x080084f0                HAL_SDRAM_SendCommand
 .text.HAL_SDRAM_ProgramRefreshRate
                0x08008530       0x30 ../DaisyExamples/libDaisy/build\libdaisy.a(stm32h7xx_hal_sdram.o)
                0x08008530                HAL_SDRAM_ProgramRefreshRate
 .text.FMC_SDRAM_Init
                0x08008560       0x7c ../DaisyExamples/libDaisy/build\libdaisy.a(stm32h7xx_ll_fmc.o)
                0x08008560                FMC_SDRAM_Init
 .text.FMC_SDRAM_Timing_Init
                0x080085dc       0x98 ../DaisyExamples/libDaisy/build\libdaisy.a(stm32h7xx_ll_fmc.o)
                0x080085dc                FMC_SDRAM_Timing_Init
 .text.FMC_SDRAM_SendCommand
                0x08008674       0x28 ../DaisyExamples/libDaisy/build\libdaisy.a(stm32h7xx_ll_fmc.o)
                0x08008674                FMC_SDRAM_SendCommand
 .text.FMC_SDRAM_ProgramRefreshRate
                0x0800869c       0x1c ../DaisyExamples/libDaisy/build\libdaisy.a(stm32h7xx_ll_fmc.o)
                0x0800869c                FMC_SDRAM_ProgramRefreshRate
 .text.USB_SetTurnaroundTime
                0x080086b8      0x104 ../DaisyExamples/libDaisy/build\libdaisy.a(stm32h7xx_ll_usb.o)
                0x080086b8                USB_SetTurnaroundTime
 .text.USB_FlushTxFifo
                0x080087bc       0x34 ../DaisyExamples/libDaisy/build\libdaisy.a(stm32h7xx_ll_usb.o)
                0x080087bc                USB_FlushTxFifo
 .text.USB_GetDevSpeed
                0x080087f0       0x24 ../DaisyExamples/libDaisy/build\libdaisy.a(stm32h7xx_ll_usb.o)
                0x080087f0                USB_GetDevSpeed
 .text.USB_ActivateEndpoint
                0x08008814       0x90 ../DaisyExamples/libDaisy/build\libdaisy.a(stm32h7xx_ll_usb.o)
                0x08008814                USB_ActivateEndpoint
 .text.USB_EPStartXfer
                0x080088a4      0x230 ../DaisyExamples/libDaisy/build\libdaisy.a(stm32h7xx_ll_usb.o)
                0x080088a4                USB_EPStartXfer
 .text.USB_EP0StartXfer
                0x08008ad4      0x174 ../DaisyExamples/libDaisy/build\libdaisy.a(stm32h7xx_ll_usb.o)
                0x08008ad4                USB_EP0StartXfer
 .text.USB_WritePacket
                0x08008c48       0x2c ../DaisyExamples/libDaisy/build\libdaisy.a(stm32h7xx_ll_usb.o)
                0x08008c48                USB_WritePacket
 .text.USB_ReadPacket
                0x08008c74       0x20 ../DaisyExamples/libDaisy/build\libdaisy.a(stm32h7xx_ll_usb.o)
                0x08008c74                USB_ReadPacket
 .text.USB_EPSetStall
                0x08008c94       0x68 ../DaisyExamples/libDaisy/build\libdaisy.a(stm32h7xx_ll_usb.o)
                0x08008c94                USB_EPSetStall
 .text.USB_EPClearStall
                0x08008cfc       0x58 ../DaisyExamples/libDaisy/build\libdaisy.a(stm32h7xx_ll_usb.o)
                0x08008cfc                USB_EPClearStall
 .text.USB_SetDevAddress
                0x08008d54       0x24 ../DaisyExamples/libDaisy/build\libdaisy.a(stm32h7xx_ll_usb.o)
                0x08008d54                USB_SetDevAddress
 .text.USB_ReadInterrupts
                0x08008d78       0x14 ../DaisyExamples/libDaisy/build\libdaisy.a(stm32h7xx_ll_usb.o)
                0x08008d78                USB_ReadInterrupts
 .text.USB_ReadDevAllOutEpInterrupt
                0x08008d8c       0x1c ../DaisyExamples/libDaisy/build\libdaisy.a(stm32h7xx_ll_usb.o)
                0x08008d8c                USB_ReadDevAllOutEpInterrupt
 .text.USB_ReadDevAllInEpInterrupt
                0x08008da8       0x1c ../DaisyExamples/libDaisy/build\libdaisy.a(stm32h7xx_ll_usb.o)
                0x08008da8                USB_ReadDevAllInEpInterrupt
 .text.USB_ReadDevOutEPInterrupt
                0x08008dc4       0x1c ../DaisyExamples/libDaisy/build\libdaisy.a(stm32h7xx_ll_usb.o)
                0x08008dc4                USB_ReadDevOutEPInterrupt
 .text.USB_ReadDevInEPInterrupt
                0x08008de0       0x38 ../DaisyExamples/libDaisy/build\libdaisy.a(stm32h7xx_ll_usb.o)
                0x08008de0                USB_ReadDevInEPInterrupt
 .text.USB_GetMode
                0x08008e18        0x8 ../DaisyExamples/libDaisy/build\libdaisy.a(stm32h7xx_ll_usb.o)
                0x08008e18                USB_GetMode
 .text.USB_ActivateSetup
                0x08008e20       0x38 ../DaisyExamples/libDaisy/build\libdaisy.a(stm32h7xx_ll_usb.o)
                0x08008e20                USB_ActivateSetup
 .text.USB_EP0_OutStart
                0x08008e58       0x58 ../DaisyExamples/libDaisy/build\libdaisy.a(stm32h7xx_ll_usb.o)
                0x08008e58                USB_EP0_OutStart
 .text.USB_InitFSLSPClkSel
                0x08008eb0       0x44 ../DaisyExamples/libDaisy/build\libdaisy.a(stm32h7xx_ll_usb.o)
                0x08008eb0                USB_InitFSLSPClkSel
 .text.USB_HC_ReadInterrupt
                0x08008ef4        0x8 ../DaisyExamples/libDaisy/build\libdaisy.a(stm32h7xx_ll_usb.o)
                0x08008ef4                USB_HC_ReadInterrupt
 .text.USB_HC_Halt
                0x08008efc       0xc0 ../DaisyExamples/libDaisy/build\libdaisy.a(stm32h7xx_ll_usb.o)
                0x08008efc                USB_HC_Halt
 .text.USB_StopHost
                0x08008fbc      0x2ec ../DaisyExamples/libDaisy/build\libdaisy.a(stm32h7xx_ll_usb.o)
                0x08008fbc                USB_StopHost
 .text.USBD_SetClassConfig
                0x080092a8       0x14 ../DaisyExamples/libDaisy/build\libdaisy.a(usbd_core.o)
                0x080092a8                USBD_SetClassConfig
 .text.USBD_ClrClassConfig
                0x080092bc       0x10 ../DaisyExamples/libDaisy/build\libdaisy.a(usbd_core.o)
                0x080092bc                USBD_ClrClassConfig
 .text.USBD_LL_SetupStage
                0x080092cc       0x5c ../DaisyExamples/libDaisy/build\libdaisy.a(usbd_core.o)
                0x080092cc                USBD_LL_SetupStage
 .text.USBD_LL_DataOutStage
                0x08009328       0x7c ../DaisyExamples/libDaisy/build\libdaisy.a(usbd_core.o)
                0x08009328                USBD_LL_DataOutStage
 .text.USBD_LL_DataInStage
                0x080093a4       0xcc ../DaisyExamples/libDaisy/build\libdaisy.a(usbd_core.o)
                0x080093a4                USBD_LL_DataInStage
 .text.USBD_LL_Reset
                0x08009470       0x50 ../DaisyExamples/libDaisy/build\libdaisy.a(usbd_core.o)
                0x08009470                USBD_LL_Reset
 .text.USBD_LL_SetSpeed
                0x080094c0        0x8 ../DaisyExamples/libDaisy/build\libdaisy.a(usbd_core.o)
                0x080094c0                USBD_LL_SetSpeed
 .text.USBD_LL_Suspend
                0x080094c8       0x14 ../DaisyExamples/libDaisy/build\libdaisy.a(usbd_core.o)
                0x080094c8                USBD_LL_Suspend
 .text.USBD_LL_Resume
                0x080094dc       0x10 ../DaisyExamples/libDaisy/build\libdaisy.a(usbd_core.o)
                0x080094dc                USBD_LL_Resume
 .text.USBD_LL_SOF
                0x080094ec       0x1c ../DaisyExamples/libDaisy/build\libdaisy.a(usbd_core.o)
                0x080094ec                USBD_LL_SOF
 .text.USBD_LL_IsoINIncomplete
                0x08009508        0x4 ../DaisyExamples/libDaisy/build\libdaisy.a(usbd_core.o)
                0x08009508                USBD_LL_IsoINIncomplete
 .text.USBD_LL_IsoOUTIncomplete
                0x0800950c        0x4 ../DaisyExamples/libDaisy/build\libdaisy.a(usbd_core.o)
                0x0800950c                USBD_LL_IsoOUTIncomplete
 .text.USBD_LL_DevConnected
                0x08009510        0x4 ../DaisyExamples/libDaisy/build\libdaisy.a(usbd_core.o)
                0x08009510                USBD_LL_DevConnected
 .text.USBD_LL_DevDisconnected
                0x08009514       0x18 ../DaisyExamples/libDaisy/build\libdaisy.a(usbd_core.o)
                0x08009514                USBD_LL_DevDisconnected
 .text.USBD_StdDevReq
                0x0800952c      0x304 ../DaisyExamples/libDaisy/build\libdaisy.a(usbd_ctlreq.o)
                0x0800952c                USBD_StdDevReq
 .text.USBD_StdItfReq
                0x08009830       0x68 ../DaisyExamples/libDaisy/build\libdaisy.a(usbd_ctlreq.o)
                0x08009830                USBD_StdItfReq
 .text.USBD_StdEPReq
                0x08009898      0x13c ../DaisyExamples/libDaisy/build\libdaisy.a(usbd_ctlreq.o)
                0x08009898                USBD_StdEPReq
 .text.USBD_ParseSetupRequest
                0x080099d4       0x28 ../DaisyExamples/libDaisy/build\libdaisy.a(usbd_ctlreq.o)
                0x080099d4                USBD_ParseSetupRequest
 .text.USBD_CtlSendData
                0x080099fc       0x1c ../DaisyExamples/libDaisy/build\libdaisy.a(usbd_ioreq.o)
                0x080099fc                USBD_CtlSendData
 .text.USBD_CtlContinueSendData
                0x08009a18       0x14 ../DaisyExamples/libDaisy/build\libdaisy.a(usbd_ioreq.o)
                0x08009a18                USBD_CtlContinueSendData
 .text.USBD_CtlContinueRx
                0x08009a2c       0x14 ../DaisyExamples/libDaisy/build\libdaisy.a(usbd_ioreq.o)
                0x08009a2c                USBD_CtlContinueRx
 .text.USBD_CtlSendStatus
                0x08009a40       0x18 ../DaisyExamples/libDaisy/build\libdaisy.a(usbd_ioreq.o)
                0x08009a40                USBD_CtlSendStatus
 .text.USBD_CtlReceiveStatus
                0x08009a58       0x18 ../DaisyExamples/libDaisy/build\libdaisy.a(usbd_ioreq.o)
                0x08009a58                USBD_CtlReceiveStatus
 .text.USBH_LL_IncTimer
                0x08009a70       0x20 ../DaisyExamples/libDaisy/build\libdaisy.a(usbh_core.o)
                0x08009a70                USBH_LL_IncTimer
 .text.USBH_LL_PortEnabled
                0x08009a90        0x8 ../DaisyExamples/libDaisy/build\libdaisy.a(usbh_core.o)
                0x08009a90                USBH_LL_PortEnabled
 .text.USBH_LL_PortDisabled
                0x08009a98        0x8 ../DaisyExamples/libDaisy/build\libdaisy.a(usbh_core.o)
                0x08009a98                USBH_LL_PortDisabled
 .text.USBH_LL_Connect
                0x08009aa0       0x18 ../DaisyExamples/libDaisy/build\libdaisy.a(usbh_core.o)
                0x08009aa0                USBH_LL_Connect
 .text.USBH_LL_Disconnect
                0x08009ab8       0x2c ../DaisyExamples/libDaisy/build\libdaisy.a(usbh_core.o)
                0x08009ab8                USBH_LL_Disconnect
 .text.USBH_FreePipe
                0x08009ae4       0x18 ../DaisyExamples/libDaisy/build\libdaisy.a(usbh_pipes.o)
                0x08009ae4                USBH_FreePipe
 .text._ZN5daisy6Random4InitEv
                0x08009afc       0x3c ../DaisyExamples/libDaisy/build\libdaisy.a(rng.o)
                0x08009afc                daisy::Random::Init()
 .text._ZN5daisy9SpiHandle4Impl7InitDmaEv
                0x08009b38       0xec ../DaisyExamples/libDaisy/build\libdaisy.a(spi.o)
                0x08009b38                daisy::SpiHandle::Impl::InitDma()
 .text._ZN5daisy9SpiHandle4Impl10StartDmaTxEPhjPFvPvEPFvS3_NS0_6ResultEES3_
                0x08009c24       0xc8 ../DaisyExamples/libDaisy/build\libdaisy.a(spi.o)
                0x08009c24                daisy::SpiHandle::Impl::StartDmaTx(unsigned char*, unsigned int, void (*)(void*), void (*)(void*, daisy::SpiHandle::Result), void*)
 .text._ZN5daisy9SpiHandle4Impl10StartDmaRxEPhjPFvPvEPFvS3_NS0_6ResultEES3_
                0x08009cec       0xc8 ../DaisyExamples/libDaisy/build\libdaisy.a(spi.o)
                0x08009cec                daisy::SpiHandle::Impl::StartDmaRx(unsigned char*, unsigned int, void (*)(void*), void (*)(void*, daisy::SpiHandle::Result), void*)
 .text._ZN5daisy9SpiHandle4Impl12StartDmaRxTxEPhS2_jPFvPvEPFvS3_NS0_6ResultEES3_
                0x08009db4       0xcc ../DaisyExamples/libDaisy/build\libdaisy.a(spi.o)
                0x08009db4                daisy::SpiHandle::Impl::StartDmaRxTx(unsigned char*, unsigned char*, unsigned int, void (*)(void*), void (*)(void*, daisy::SpiHandle::Result), void*)
 .text._ZN5daisy9SpiHandle4Impl8InitPinsEv
                0x08009e80      0x274 ../DaisyExamples/libDaisy/build\libdaisy.a(spi.o)
                0x08009e80                daisy::SpiHandle::Impl::InitPins()
 .text.HAL_SPI_MspInit
                0x0800a0f4      0x1a8 ../DaisyExamples/libDaisy/build\libdaisy.a(spi.o)
                0x0800a0f4                HAL_SPI_MspInit
 .text.dsy_spi_global_init
                0x0800a29c       0x80 ../DaisyExamples/libDaisy/build\libdaisy.a(spi.o)
                0x0800a29c                dsy_spi_global_init
 .text.SPI1_IRQHandler
                0x0800a31c        0xc ../DaisyExamples/libDaisy/build\libdaisy.a(spi.o)
                0x0800a31c                SPI1_IRQHandler
 .text.SPI2_IRQHandler
                0x0800a328        0xc ../DaisyExamples/libDaisy/build\libdaisy.a(spi.o)
                0x0800a328                SPI2_IRQHandler
 .text.SPI3_IRQHandler
                0x0800a334        0xc ../DaisyExamples/libDaisy/build\libdaisy.a(spi.o)
                0x0800a334                SPI3_IRQHandler
 .text.SPI4_IRQHandler
                0x0800a340        0xc ../DaisyExamples/libDaisy/build\libdaisy.a(spi.o)
                0x0800a340                SPI4_IRQHandler
 .text.SPI5_IRQHandler
                0x0800a34c        0xc ../DaisyExamples/libDaisy/build\libdaisy.a(spi.o)
                0x0800a34c                SPI5_IRQHandler
 .text.DMA2_Stream2_IRQHandler
                0x0800a358       0x34 ../DaisyExamples/libDaisy/build\libdaisy.a(spi.o)
                0x0800a358                DMA2_Stream2_IRQHandler
 .text.DMA2_Stream3_IRQHandler
                0x0800a38c       0x38 ../DaisyExamples/libDaisy/build\libdaisy.a(spi.o)
                0x0800a38c                DMA2_Stream3_IRQHandler
 .text.HAL_SPI_TxCpltCallback
                0x0800a3c4       0xc4 ../DaisyExamples/libDaisy/build\libdaisy.a(spi.o)
                0x0800a3c4                HAL_SPI_TxCpltCallback
 .text.HAL_SPI_RxCpltCallback
                0x0800a488       0xc4 ../DaisyExamples/libDaisy/build\libdaisy.a(spi.o)
                0x0800a488                HAL_SPI_RxCpltCallback
 .text.HAL_SPI_TxRxCpltCallback
                0x0800a54c       0xc4 ../DaisyExamples/libDaisy/build\libdaisy.a(spi.o)
                0x0800a54c                HAL_SPI_TxRxCpltCallback
 .text.HAL_SPI_ErrorCallback
                0x0800a610       0xc8 ../DaisyExamples/libDaisy/build\libdaisy.a(spi.o)
                0x0800a610                HAL_SPI_ErrorCallback
 .text.startup._GLOBAL__sub_I__Z19MapInstanceToHandleP11SPI_TypeDef
                0x0800a6d8      0x1b0 ../DaisyExamples/libDaisy/build\libdaisy.a(spi.o)
 .text.HAL_TIM_Base_MspInit
                0x0800a888      0x1e0 ../DaisyExamples/libDaisy/build\libdaisy.a(tim.o)
                0x0800a888                HAL_TIM_Base_MspInit
 .text.HAL_TIM_PeriodElapsedCallback
                0x0800aa68       0x44 ../DaisyExamples/libDaisy/build\libdaisy.a(tim.o)
                0x0800aa68                HAL_TIM_PeriodElapsedCallback
 .text.TIM2_IRQHandler
                0x0800aaac        0xc ../DaisyExamples/libDaisy/build\libdaisy.a(tim.o)
                0x0800aaac                TIM2_IRQHandler
 .text.TIM3_IRQHandler
                0x0800aab8        0xc ../DaisyExamples/libDaisy/build\libdaisy.a(tim.o)
                0x0800aab8                TIM3_IRQHandler
 .text.TIM4_IRQHandler
                0x0800aac4        0xc ../DaisyExamples/libDaisy/build\libdaisy.a(tim.o)
                0x0800aac4                TIM4_IRQHandler
 .text.TIM5_IRQHandler
                0x0800aad0        0xc ../DaisyExamples/libDaisy/build\libdaisy.a(tim.o)
                0x0800aad0                TIM5_IRQHandler
 .text._ZN5daisy11TimerHandle4InitERKNS0_6ConfigE
                0x0800aadc       0xd0 ../DaisyExamples/libDaisy/build\libdaisy.a(tim.o)
                0x0800aadc                daisy::TimerHandle::Init(daisy::TimerHandle::Config const&)
 .text._ZN5daisy11TimerHandle5StartEv
                0x0800abac       0x24 ../DaisyExamples/libDaisy/build\libdaisy.a(tim.o)
                0x0800abac                daisy::TimerHandle::Start()
 .text.startup._GLOBAL__sub_I__ZN5daisy11TimerHandle4Impl4InitERKNS0_6ConfigE
                0x0800abd0       0x38 ../DaisyExamples/libDaisy/build\libdaisy.a(tim.o)
 .text._ZN5daisy11UartHandler4Impl7InitDmaEbb
                0x0800ac08      0x164 ../DaisyExamples/libDaisy/build\libdaisy.a(uart.o)
                0x0800ac08                daisy::UartHandler::Impl::InitDma(bool, bool)
 .text._ZN5daisy11UartHandler4Impl10HandleFifoEv
                0x0800ad6c       0xec ../DaisyExamples/libDaisy/build\libdaisy.a(uart.o)
                0x0800ad6c                daisy::UartHandler::Impl::HandleFifo()
 .text._ZN5daisy11UartHandler4Impl10StartDmaTxEPhjPFvPvEPFvS3_NS0_6ResultEES3_
                0x0800ae58       0xcc ../DaisyExamples/libDaisy/build\libdaisy.a(uart.o)
                0x0800ae58                daisy::UartHandler::Impl::StartDmaTx(unsigned char*, unsigned int, void (*)(void*), void (*)(void*, daisy::UartHandler::Result), void*)
 .text._ZN5daisy11UartHandler4Impl10StartDmaRxEPhjPFvPvEPFvS3_NS0_6ResultEES3_
                0x0800af24       0xcc ../DaisyExamples/libDaisy/build\libdaisy.a(uart.o)
                0x0800af24                daisy::UartHandler::Impl::StartDmaRx(unsigned char*, unsigned int, void (*)(void*), void (*)(void*, daisy::UartHandler::Result), void*)
 .text._ZN5daisy11UartHandler4Impl19DmaTransferFinishedEP20__UART_HandleTypeDefNS0_6ResultE
                0x0800aff0       0xc0 ../DaisyExamples/libDaisy/build\libdaisy.a(uart.o)
                0x0800aff0                daisy::UartHandler::Impl::DmaTransferFinished(__UART_HandleTypeDef*, daisy::UartHandler::Result)
 .text._ZN5daisy11UartHandler4Impl8InitPinsEv
                0x0800b0b0      0x150 ../DaisyExamples/libDaisy/build\libdaisy.a(uart.o)
                0x0800b0b0                daisy::UartHandler::Impl::InitPins()
 .text.HAL_UART_MspInit
                0x0800b200      0x210 ../DaisyExamples/libDaisy/build\libdaisy.a(uart.o)
                0x0800b200                HAL_UART_MspInit
 .text.dsy_uart_global_init
                0x0800b410      0x110 ../DaisyExamples/libDaisy/build\libdaisy.a(uart.o)
                0x0800b410                dsy_uart_global_init
 .text.USART1_IRQHandler
                0x0800b520       0x30 ../DaisyExamples/libDaisy/build\libdaisy.a(uart.o)
                0x0800b520                USART1_IRQHandler
 .text.USART2_IRQHandler
                0x0800b550       0x34 ../DaisyExamples/libDaisy/build\libdaisy.a(uart.o)
                0x0800b550                USART2_IRQHandler
 .text.USART3_IRQHandler
                0x0800b584       0x34 ../DaisyExamples/libDaisy/build\libdaisy.a(uart.o)
                0x0800b584                USART3_IRQHandler
 .text.UART4_IRQHandler
                0x0800b5b8       0x34 ../DaisyExamples/libDaisy/build\libdaisy.a(uart.o)
                0x0800b5b8                UART4_IRQHandler
 .text.UART5_IRQHandler
                0x0800b5ec       0x34 ../DaisyExamples/libDaisy/build\libdaisy.a(uart.o)
                0x0800b5ec                UART5_IRQHandler
 .text.USART6_IRQHandler
                0x0800b620       0x34 ../DaisyExamples/libDaisy/build\libdaisy.a(uart.o)
                0x0800b620                USART6_IRQHandler
 .text.UART7_IRQHandler
                0x0800b654       0x30 ../DaisyExamples/libDaisy/build\libdaisy.a(uart.o)
                0x0800b654                UART7_IRQHandler
 .text.UART8_IRQHandler
                0x0800b684       0x34 ../DaisyExamples/libDaisy/build\libdaisy.a(uart.o)
                0x0800b684                UART8_IRQHandler
 .text.LPUART1_IRQHandler
                0x0800b6b8       0x34 ../DaisyExamples/libDaisy/build\libdaisy.a(uart.o)
                0x0800b6b8                LPUART1_IRQHandler
 .text.DMA1_Stream5_IRQHandler
                0x0800b6ec       0x34 ../DaisyExamples/libDaisy/build\libdaisy.a(uart.o)
                0x0800b6ec                DMA1_Stream5_IRQHandler
 .text.DMA2_Stream4_IRQHandler
                0x0800b720       0x34 ../DaisyExamples/libDaisy/build\libdaisy.a(uart.o)
                0x0800b720                DMA2_Stream4_IRQHandler
 .text.HAL_UART_TxCpltCallback
                0x0800b754        0x8 ../DaisyExamples/libDaisy/build\libdaisy.a(uart.o)
                0x0800b754                HAL_UART_TxCpltCallback
 .text.HAL_UART_RxCpltCallback
                0x0800b75c        0x8 ../DaisyExamples/libDaisy/build\libdaisy.a(uart.o)
                0x0800b75c                HAL_UART_RxCpltCallback
 .text.HAL_UART_ErrorCallback
                0x0800b764        0x8 ../DaisyExamples/libDaisy/build\libdaisy.a(uart.o)
                0x0800b764                HAL_UART_ErrorCallback
 .text.startup._GLOBAL__sub_I__Z19MapInstanceToHandleP13USART_TypeDef
                0x0800b76c      0x190 ../DaisyExamples/libDaisy/build\libdaisy.a(uart.o)
 .text.dsy_dma_init
                0x0800b8fc      0x100 ../DaisyExamples/libDaisy/build\libdaisy.a(dma.o)
                0x0800b8fc                dsy_dma_init
 .text.HAL_MDMA_Abort_IT
                0x0800b9fc       0x2c ../DaisyExamples/libDaisy/build\libdaisy.a(stm32h7xx_hal_mdma.o)
                0x0800b9fc                HAL_MDMA_Abort_IT
 .text.SPI_CloseTransfer
                0x0800ba28       0xb8 ../DaisyExamples/libDaisy/build\libdaisy.a(stm32h7xx_hal_spi.o)
 .text.HAL_SPI_Init
                0x0800bae0      0x15c ../DaisyExamples/libDaisy/build\libdaisy.a(stm32h7xx_hal_spi.o)
                0x0800bae0                HAL_SPI_Init
 .text.HAL_SPI_Transmit_DMA
                0x0800bc3c      0x170 ../DaisyExamples/libDaisy/build\libdaisy.a(stm32h7xx_hal_spi.o)
                0x0800bc3c                HAL_SPI_Transmit_DMA
 .text.HAL_SPI_TransmitReceive_DMA
                0x0800bdac      0x218 ../DaisyExamples/libDaisy/build\libdaisy.a(stm32h7xx_hal_spi.o)
                0x0800bdac                HAL_SPI_TransmitReceive_DMA
 .text.HAL_SPI_Receive_DMA
                0x0800bfc4      0x1b4 ../DaisyExamples/libDaisy/build\libdaisy.a(stm32h7xx_hal_spi.o)
                0x0800bfc4                HAL_SPI_Receive_DMA
 .text.SPI_DMATransmitCplt
                0x0800c178       0x28 ../DaisyExamples/libDaisy/build\libdaisy.a(stm32h7xx_hal_spi.o)
 .text.SPI_DMAReceiveCplt
                0x0800c1a0       0x28 ../DaisyExamples/libDaisy/build\libdaisy.a(stm32h7xx_hal_spi.o)
 .text.SPI_DMATransmitReceiveCplt
                0x0800c1c8       0x28 ../DaisyExamples/libDaisy/build\libdaisy.a(stm32h7xx_hal_spi.o)
 .text.HAL_SPI_TxHalfCpltCallback
                0x0800c1f0        0x4 ../DaisyExamples/libDaisy/build\libdaisy.a(stm32h7xx_hal_spi.o)
                0x0800c1f0                HAL_SPI_TxHalfCpltCallback
 .text.SPI_DMAHalfTransmitCplt
                0x0800c1f4        0xc ../DaisyExamples/libDaisy/build\libdaisy.a(stm32h7xx_hal_spi.o)
 .text.HAL_SPI_RxHalfCpltCallback
                0x0800c200        0x4 ../DaisyExamples/libDaisy/build\libdaisy.a(stm32h7xx_hal_spi.o)
                0x0800c200                HAL_SPI_RxHalfCpltCallback
 .text.SPI_DMAHalfReceiveCplt
                0x0800c204        0xc ../DaisyExamples/libDaisy/build\libdaisy.a(stm32h7xx_hal_spi.o)
 .text.HAL_SPI_TxRxHalfCpltCallback
                0x0800c210        0x4 ../DaisyExamples/libDaisy/build\libdaisy.a(stm32h7xx_hal_spi.o)
                0x0800c210                HAL_SPI_TxRxHalfCpltCallback
 .text.SPI_DMAHalfTransmitReceiveCplt
                0x0800c214        0xc ../DaisyExamples/libDaisy/build\libdaisy.a(stm32h7xx_hal_spi.o)
 .text.SPI_DMAError
                0x0800c220       0xd8 ../DaisyExamples/libDaisy/build\libdaisy.a(stm32h7xx_hal_spi.o)
 .text.HAL_SPI_IRQHandler
                0x0800c2f8      0x23c ../DaisyExamples/libDaisy/build\libdaisy.a(stm32h7xx_hal_spi.o)
                0x0800c2f8                HAL_SPI_IRQHandler
 .text.SPI_DMAAbortOnError
                0x0800c534       0x1c ../DaisyExamples/libDaisy/build\libdaisy.a(stm32h7xx_hal_spi.o)
 .text.HAL_SPI_GetState
                0x0800c550        0x8 ../DaisyExamples/libDaisy/build\libdaisy.a(stm32h7xx_hal_spi.o)
                0x0800c550                HAL_SPI_GetState
 .text.HAL_TIM_Base_Init
                0x0800c558      0x140 ../DaisyExamples/libDaisy/build\libdaisy.a(stm32h7xx_hal_tim.o)
                0x0800c558                HAL_TIM_Base_Init
 .text.HAL_TIM_Base_Start
                0x0800c698       0x34 ../DaisyExamples/libDaisy/build\libdaisy.a(stm32h7xx_hal_tim.o)
                0x0800c698                HAL_TIM_Base_Start
 .text.HAL_TIM_Base_Start_IT
                0x0800c6cc       0x2c ../DaisyExamples/libDaisy/build\libdaisy.a(stm32h7xx_hal_tim.o)
                0x0800c6cc                HAL_TIM_Base_Start_IT
 .text.HAL_TIM_ConfigClockSource
                0x0800c6f8      0x17c ../DaisyExamples/libDaisy/build\libdaisy.a(stm32h7xx_hal_tim.o)
                0x0800c6f8                HAL_TIM_ConfigClockSource
 .text.HAL_TIM_OC_DelayElapsedCallback
                0x0800c874        0x4 ../DaisyExamples/libDaisy/build\libdaisy.a(stm32h7xx_hal_tim.o)
                0x0800c874                HAL_TIM_OC_DelayElapsedCallback
 .text.HAL_TIM_IC_CaptureCallback
                0x0800c878        0x4 ../DaisyExamples/libDaisy/build\libdaisy.a(stm32h7xx_hal_tim.o)
                0x0800c878                HAL_TIM_IC_CaptureCallback
 .text.HAL_TIM_PWM_PulseFinishedCallback
                0x0800c87c        0x4 ../DaisyExamples/libDaisy/build\libdaisy.a(stm32h7xx_hal_tim.o)
                0x0800c87c                HAL_TIM_PWM_PulseFinishedCallback
 .text.HAL_TIM_TriggerCallback
                0x0800c880        0x4 ../DaisyExamples/libDaisy/build\libdaisy.a(stm32h7xx_hal_tim.o)
                0x0800c880                HAL_TIM_TriggerCallback
 .text.HAL_TIM_IRQHandler
                0x0800c884      0x170 ../DaisyExamples/libDaisy/build\libdaisy.a(stm32h7xx_hal_tim.o)
                0x0800c884                HAL_TIM_IRQHandler
 .text.HAL_TIMEx_MasterConfigSynchronization
                0x0800c9f4       0x64 ../DaisyExamples/libDaisy/build\libdaisy.a(stm32h7xx_hal_tim_ex.o)
                0x0800c9f4                HAL_TIMEx_MasterConfigSynchronization
 .text.HAL_TIMEx_CommutCallback
                0x0800ca58        0x4 ../DaisyExamples/libDaisy/build\libdaisy.a(stm32h7xx_hal_tim_ex.o)
                0x0800ca58                HAL_TIMEx_CommutCallback
 .text.HAL_TIMEx_BreakCallback
                0x0800ca5c        0x4 ../DaisyExamples/libDaisy/build\libdaisy.a(stm32h7xx_hal_tim_ex.o)
                0x0800ca5c                HAL_TIMEx_BreakCallback
 .text.HAL_TIMEx_Break2Callback
                0x0800ca60        0x4 ../DaisyExamples/libDaisy/build\libdaisy.a(stm32h7xx_hal_tim_ex.o)
                0x0800ca60                HAL_TIMEx_Break2Callback
 .text.HAL_UART_Transmit_DMA
                0x0800ca64       0xa4 ../DaisyExamples/libDaisy/build\libdaisy.a(stm32h7xx_hal_uart.o)
                0x0800ca64                HAL_UART_Transmit_DMA
 .text.HAL_UART_Receive_DMA
                0x0800cb08       0xac ../DaisyExamples/libDaisy/build\libdaisy.a(stm32h7xx_hal_uart.o)
                0x0800cb08                HAL_UART_Receive_DMA
 .text.UART_DMATransmitCplt
                0x0800cbb4       0x2c ../DaisyExamples/libDaisy/build\libdaisy.a(stm32h7xx_hal_uart.o)
 .text.HAL_UART_TxHalfCpltCallback
                0x0800cbe0        0x4 ../DaisyExamples/libDaisy/build\libdaisy.a(stm32h7xx_hal_uart.o)
                0x0800cbe0                HAL_UART_TxHalfCpltCallback
 .text.UART_DMATxHalfCplt
                0x0800cbe4        0xc ../DaisyExamples/libDaisy/build\libdaisy.a(stm32h7xx_hal_uart.o)
 .text.UART_DMAReceiveCplt
                0x0800cbf0       0x38 ../DaisyExamples/libDaisy/build\libdaisy.a(stm32h7xx_hal_uart.o)
 .text.HAL_UART_RxHalfCpltCallback
                0x0800cc28        0x4 ../DaisyExamples/libDaisy/build\libdaisy.a(stm32h7xx_hal_uart.o)
                0x0800cc28                HAL_UART_RxHalfCpltCallback
 .text.UART_DMARxHalfCplt
                0x0800cc2c        0xc ../DaisyExamples/libDaisy/build\libdaisy.a(stm32h7xx_hal_uart.o)
 .text.UART_DMAError
                0x0800cc38       0x78 ../DaisyExamples/libDaisy/build\libdaisy.a(stm32h7xx_hal_uart.o)
 .text.HAL_UART_IRQHandler
                0x0800ccb0      0x1d0 ../DaisyExamples/libDaisy/build\libdaisy.a(stm32h7xx_hal_uart.o)
                0x0800ccb0                HAL_UART_IRQHandler
 .text.UART_DMAAbortOnError
                0x0800ce80       0x14 ../DaisyExamples/libDaisy/build\libdaisy.a(stm32h7xx_hal_uart.o)
 .text.HAL_UART_GetState
                0x0800ce94        0xc ../DaisyExamples/libDaisy/build\libdaisy.a(stm32h7xx_hal_uart.o)
                0x0800ce94                HAL_UART_GetState
 .text.UART_SetConfig
                0x0800cea0     0x14b8 ../DaisyExamples/libDaisy/build\libdaisy.a(stm32h7xx_hal_uart.o)
                0x0800cea0                UART_SetConfig
 .text.UART_AdvFeatureConfig
                0x0800e358       0xb0 ../DaisyExamples/libDaisy/build\libdaisy.a(stm32h7xx_hal_uart.o)
                0x0800e358                UART_AdvFeatureConfig
 .text.UART_CheckIdleState
                0x0800e408       0x84 ../DaisyExamples/libDaisy/build\libdaisy.a(stm32h7xx_hal_uart.o)
                0x0800e408                UART_CheckIdleState
 .text.HAL_UART_Init
                0x0800e48c       0x68 ../DaisyExamples/libDaisy/build\libdaisy.a(stm32h7xx_hal_uart.o)
                0x0800e48c                HAL_UART_Init
 .text.HAL_UARTEx_WakeupCallback
                0x0800e4f4        0x4 ../DaisyExamples/libDaisy/build\libdaisy.a(stm32h7xx_hal_uart_ex.o)
                0x0800e4f4                HAL_UARTEx_WakeupCallback
 .text.HAL_UARTEx_RxFifoFullCallback
                0x0800e4f8        0x4 ../DaisyExamples/libDaisy/build\libdaisy.a(stm32h7xx_hal_uart_ex.o)
                0x0800e4f8                HAL_UARTEx_RxFifoFullCallback
 .text.HAL_UARTEx_TxFifoEmptyCallback
                0x0800e4fc        0x4 ../DaisyExamples/libDaisy/build\libdaisy.a(stm32h7xx_hal_uart_ex.o)
                0x0800e4fc                HAL_UARTEx_TxFifoEmptyCallback
 .text.__aeabi_atexit
                0x0800e500        0xa c:/program files/daisytoolchain/bin/../lib/gcc/arm-none-eabi/10.2.1/../../../../arm-none-eabi/lib/thumb/v7e-m+dp/hard\libstdc++_nano.a(atexit_arm.o)
                0x0800e500                __aeabi_atexit
 *fill*         0x0800e50a        0x2 
 .text.__cxa_atexit
                0x0800e50c       0x1c c:/program files/daisytoolchain/bin/../lib/gcc/arm-none-eabi/10.2.1/../../../../arm-none-eabi/lib/thumb/v7e-m+dp/hard\libc_nano.a(lib_a-cxa_atexit.o)
                0x0800e50c                __cxa_atexit
 .text.__libc_init_array
                0x0800e528       0x48 c:/program files/daisytoolchain/bin/../lib/gcc/arm-none-eabi/10.2.1/../../../../arm-none-eabi/lib/thumb/v7e-m+dp/hard\libc_nano.a(lib_a-init.o)
                0x0800e528                __libc_init_array
 .text.memcpy   0x0800e570       0x1c c:/program files/daisytoolchain/bin/../lib/gcc/arm-none-eabi/10.2.1/../../../../arm-none-eabi/lib/thumb/v7e-m+dp/hard\libc_nano.a(lib_a-memcpy-stub.o)
                0x0800e570                memcpy
 .text.memset   0x0800e58c       0x10 c:/program files/daisytoolchain/bin/../lib/gcc/arm-none-eabi/10.2.1/../../../../arm-none-eabi/lib/thumb/v7e-m+dp/hard\libc_nano.a(lib_a-memset.o)
                0x0800e58c                memset
 *(.rodata)
 .rodata        0x0800e59c       0x10 ../DaisyExamples/libDaisy/build\libdaisy.a(i2c.o)
 .rodata        0x0800e5ac       0x10 ../DaisyExamples/libDaisy/build\libdaisy.a(tim.o)
 .rodata        0x0800e5bc       0x12 ../DaisyExamples/libDaisy/build\libdaisy.a(uart.o)
 *(.rodata*)
 *fill*         0x0800e5ce        0x2 
 .rodata._ZN5daisy4seedL2D7E
                0x0800e5d0        0x2 build/Loop.o
 *fill*         0x0800e5d2        0x2 
 .rodata._ZN5daisy4seedL2D8E
                0x0800e5d4        0x2 build/Loop.o
 *fill*         0x0800e5d6        0x2 
 .rodata._ZN5daisy4seedL2D9E
                0x0800e5d8        0x2 build/Loop.o
 *fill*         0x0800e5da        0x2 
 .rodata._ZN5daisy4seedL3D13E
                0x0800e5dc        0x2 build/Loop.o
 *fill*         0x0800e5de        0x2 
 .rodata._ZN5daisy4seedL3D14E
                0x0800e5e0        0x2 build/Loop.o
 *fill*         0x0800e5e2        0x2 
 .rodata._ZN5daisy4seedL3D15E
                0x0800e5e4        0x2 build/Loop.o
 *fill*         0x0800e5e6        0x2 
 .rodata._ZN5daisy4seedL3D20E
                0x0800e5e8        0x2 build/Loop.o
 *fill*         0x0800e5ea        0x2 
 .rodata._ZN5daisy4seedL3D21E
                0x0800e5ec        0x2 build/Loop.o
 *fill*         0x0800e5ee        0x2 
 .rodata._ZN5daisy4seedL3D22E
                0x0800e5f0        0x2 build/Loop.o
 *fill*         0x0800e5f2        0x2 
 .rodata._ZN5daisy4seedL3D23E
                0x0800e5f4        0x2 build/Loop.o
 *fill*         0x0800e5f6        0x2 
 .rodata._ZN5daisy4seedL3D24E
                0x0800e5f8        0x2 build/Loop.o
 *fill*         0x0800e5fa        0x2 
 .rodata._ZN5daisy4seedL3D25E
                0x0800e5fc        0x2 build/Loop.o
 *fill*         0x0800e5fe        0x2 
 .rodata._ZN5daisy4seedL3D26E
                0x0800e600        0x2 build/Loop.o
 *fill*         0x0800e602        0x2 
 .rodata._ZN5daisy4seedL3D27E
                0x0800e604        0x2 build/Loop.o
 *fill*         0x0800e606        0x2 
 .rodata._ZN5daisy4seedL3D28E
                0x0800e608        0x2 build/Loop.o
 *fill*         0x0800e60a        0x2 
 .rodata.CSWTCH.35
                0x0800e60c        0x3 ../DaisyExamples/libDaisy/build\libdaisy.a(sai.o)
 *fill*         0x0800e60f        0x1 
 .rodata.CSWTCH.36
                0x0800e610        0xc ../DaisyExamples/libDaisy/build\libdaisy.a(sai.o)
 .rodata.CSWTCH.44
                0x0800e61c       0x14 ../DaisyExamples/libDaisy/build\libdaisy.a(sai.o)
 .rodata.D1CorePrescTable
                0x0800e630       0x10 ../DaisyExamples/libDaisy/build\libdaisy.a(system_stm32h7xx.o)
                0x0800e630                D1CorePrescTable
 .rodata.CSWTCH.24
                0x0800e640        0x4 ../DaisyExamples/libDaisy/build\libdaisy.a(usbd_conf.o)
 .rodata.CSWTCH.19
                0x0800e644        0x4 ../DaisyExamples/libDaisy/build\libdaisy.a(usbh_conf.o)
 .rodata.gpio_hal_pin_map
                0x0800e648       0x20 ../DaisyExamples/libDaisy/build\libdaisy.a(hal_map.o)
 .rodata.gpio_hal_port_map
                0x0800e668       0x30 ../DaisyExamples/libDaisy/build\libdaisy.a(hal_map.o)
 .rodata.flagBitshiftOffset.0
                0x0800e698        0x8 ../DaisyExamples/libDaisy/build\libdaisy.a(stm32h7xx_hal_dma.o)
 .rodata._ZL13pins_none_spi
                0x0800e6a0        0x3 ../DaisyExamples/libDaisy/build\libdaisy.a(spi.o)
 *fill*         0x0800e6a3        0x1 
 .rodata._ZL16pins_periphs_spi
                0x0800e6a4       0x60 ../DaisyExamples/libDaisy/build\libdaisy.a(spi.o)
 .rodata.CSWTCH.418
                0x0800e704       0x29 ../DaisyExamples/libDaisy/build\libdaisy.a(stm32h7xx_hal_uart.o)
 *fill*         0x0800e72d        0x3 
 .rodata.CSWTCH.419
                0x0800e730        0x6 ../DaisyExamples/libDaisy/build\libdaisy.a(stm32h7xx_hal_uart.o)
 *fill*         0x0800e736        0x2 
 .rodata.CSWTCH.426
                0x0800e738        0x6 ../DaisyExamples/libDaisy/build\libdaisy.a(stm32h7xx_hal_uart.o)
 *(.glue_7)
 .glue_7        0x0800e73e        0x0 linker stubs
 *(.glue_7t)
 .glue_7t       0x0800e73e        0x0 linker stubs
 *(.init)
 *fill*         0x0800e73e        0x2 
 .init          0x0800e740        0x4 c:/program files/daisytoolchain/bin/../lib/gcc/arm-none-eabi/10.2.1/thumb/v7e-m+dp/hard/crti.o
                0x0800e740                _init
 .init          0x0800e744        0x8 c:/program files/daisytoolchain/bin/../lib/gcc/arm-none-eabi/10.2.1/thumb/v7e-m+dp/hard/crtn.o
 *(.fini)
 .fini          0x0800e74c        0x4 c:/program files/daisytoolchain/bin/../lib/gcc/arm-none-eabi/10.2.1/thumb/v7e-m+dp/hard/crti.o
                0x0800e74c                _fini
 .fini          0x0800e750        0x8 c:/program files/daisytoolchain/bin/../lib/gcc/arm-none-eabi/10.2.1/thumb/v7e-m+dp/hard/crtn.o
                0x0800e758                . = ALIGN (0x4)
                0x0800e758                _etext = .

.eh_frame       0x0800e758        0x0
 .eh_frame      0x0800e758        0x0 c:/program files/daisytoolchain/bin/../lib/gcc/arm-none-eabi/10.2.1/thumb/v7e-m+dp/hard/crtbegin.o

.vfp11_veneer   0x0800e758        0x0
 .vfp11_veneer  0x0800e758        0x0 linker stubs

.v4_bx          0x0800e758        0x0
 .v4_bx         0x0800e758        0x0 linker stubs

.iplt           0x0800e758        0x0
 .iplt          0x0800e758        0x0 c:/program files/daisytoolchain/bin/../lib/gcc/arm-none-eabi/10.2.1/thumb/v7e-m+dp/hard/crtbegin.o

.ARM.extab      0x0800e758        0x0
                0x0800e758                . = ALIGN (0x4)
 *(.ARM.extab)
 *(.gnu.linkonce.armextab.*)
                0x0800e758                . = ALIGN (0x4)

.exidx          0x0800e758        0x8
                0x0800e758                . = ALIGN (0x4)
                [!provide]                PROVIDE (__exidx_start = .)
 *(.ARM.exidx*)
 .ARM.exidx     0x0800e758        0x8 c:/program files/daisytoolchain/bin/../lib/gcc/arm-none-eabi/10.2.1/thumb/v7e-m+dp/hard\libgcc.a(_udivmoddi4.o)
                0x0800e760                . = ALIGN (0x4)
                [!provide]                PROVIDE (__exidx_end = .)

.rel.dyn        0x0800e760        0x0
 .rel.iplt      0x0800e760        0x0 c:/program files/daisytoolchain/bin/../lib/gcc/arm-none-eabi/10.2.1/thumb/v7e-m+dp/hard/crtbegin.o

.ARM.attributes
                0x0800e760       0x2e
 *(.ARM.attributes)
 .ARM.attributes
                0x0800e760       0x1e c:/program files/daisytoolchain/bin/../lib/gcc/arm-none-eabi/10.2.1/thumb/v7e-m+dp/hard/crti.o
 .ARM.attributes
                0x0800e77e       0x32 c:/program files/daisytoolchain/bin/../lib/gcc/arm-none-eabi/10.2.1/thumb/v7e-m+dp/hard/crtbegin.o
 .ARM.attributes
                0x0800e7b0       0x32 build/startup_stm32h750xx.o
 .ARM.attributes
                0x0800e7e2       0x32 build/Loop.o
 .ARM.attributes
                0x0800e814       0x32 ../DaisyExamples/libDaisy/build\libdaisy.a(daisy_seed.o)
 .ARM.attributes
                0x0800e846       0x32 ../DaisyExamples/libDaisy/build\libdaisy.a(codec_ak4556.o)
 .ARM.attributes
                0x0800e878       0x32 ../DaisyExamples/libDaisy/build\libdaisy.a(codec_wm8731.o)
 .ARM.attributes
                0x0800e8aa       0x32 ../DaisyExamples/libDaisy/build\libdaisy.a(sdram.o)
 .ARM.attributes
                0x0800e8dc       0x32 ../DaisyExamples/libDaisy/build\libdaisy.a(audio.o)
 .ARM.attributes
                0x0800e90e       0x32 ../DaisyExamples/libDaisy/build\libdaisy.a(gpio.o)
 .ARM.attributes
                0x0800e940       0x32 ../DaisyExamples/libDaisy/build\libdaisy.a(i2c.o)
 .ARM.attributes
                0x0800e972       0x32 ../DaisyExamples/libDaisy/build\libdaisy.a(qspi.o)
 .ARM.attributes
                0x0800e9a4       0x32 ../DaisyExamples/libDaisy/build\libdaisy.a(sai.o)
 .ARM.attributes
                0x0800e9d6       0x32 ../DaisyExamples/libDaisy/build\libdaisy.a(system.o)
 .ARM.attributes
                0x0800ea08       0x32 ../DaisyExamples/libDaisy/build\libdaisy.a(system_stm32h7xx.o)
 .ARM.attributes
                0x0800ea3a       0x32 ../DaisyExamples/libDaisy/build\libdaisy.a(usbd_conf.o)
 .ARM.attributes
                0x0800ea6c       0x32 ../DaisyExamples/libDaisy/build\libdaisy.a(usbh_conf.o)
 .ARM.attributes
                0x0800ea9e       0x32 ../DaisyExamples/libDaisy/build\libdaisy.a(hal_map.o)
 .ARM.attributes
                0x0800ead0       0x32 ../DaisyExamples/libDaisy/build\libdaisy.a(stm32h7xx_hal.o)
 .ARM.attributes
                0x0800eb02       0x32 ../DaisyExamples/libDaisy/build\libdaisy.a(stm32h7xx_hal_cortex.o)
 .ARM.attributes
                0x0800eb34       0x32 ../DaisyExamples/libDaisy/build\libdaisy.a(stm32h7xx_hal_dma.o)
 .ARM.attributes
                0x0800eb66       0x32 ../DaisyExamples/libDaisy/build\libdaisy.a(stm32h7xx_hal_gpio.o)
 .ARM.attributes
                0x0800eb98       0x32 ../DaisyExamples/libDaisy/build\libdaisy.a(stm32h7xx_hal_hcd.o)
 .ARM.attributes
                0x0800ebca       0x32 ../DaisyExamples/libDaisy/build\libdaisy.a(stm32h7xx_hal_i2c.o)
 .ARM.attributes
                0x0800ebfc       0x32 ../DaisyExamples/libDaisy/build\libdaisy.a(stm32h7xx_hal_i2c_ex.o)
 .ARM.attributes
                0x0800ec2e       0x32 ../DaisyExamples/libDaisy/build\libdaisy.a(stm32h7xx_hal_pcd.o)
 .ARM.attributes
                0x0800ec60       0x32 ../DaisyExamples/libDaisy/build\libdaisy.a(stm32h7xx_hal_pcd_ex.o)
 .ARM.attributes
                0x0800ec92       0x32 ../DaisyExamples/libDaisy/build\libdaisy.a(stm32h7xx_hal_pwr_ex.o)
 .ARM.attributes
                0x0800ecc4       0x32 ../DaisyExamples/libDaisy/build\libdaisy.a(stm32h7xx_hal_qspi.o)
 .ARM.attributes
                0x0800ecf6       0x32 ../DaisyExamples/libDaisy/build\libdaisy.a(stm32h7xx_hal_rcc.o)
 .ARM.attributes
                0x0800ed28       0x32 ../DaisyExamples/libDaisy/build\libdaisy.a(stm32h7xx_hal_rcc_ex.o)
 .ARM.attributes
                0x0800ed5a       0x32 ../DaisyExamples/libDaisy/build\libdaisy.a(stm32h7xx_hal_sai.o)
 .ARM.attributes
                0x0800ed8c       0x32 ../DaisyExamples/libDaisy/build\libdaisy.a(stm32h7xx_hal_sdram.o)
 .ARM.attributes
                0x0800edbe       0x32 ../DaisyExamples/libDaisy/build\libdaisy.a(stm32h7xx_ll_fmc.o)
 .ARM.attributes
                0x0800edf0       0x32 ../DaisyExamples/libDaisy/build\libdaisy.a(stm32h7xx_ll_usb.o)
 .ARM.attributes
                0x0800ee22       0x32 ../DaisyExamples/libDaisy/build\libdaisy.a(usbd_core.o)
 .ARM.attributes
                0x0800ee54       0x32 ../DaisyExamples/libDaisy/build\libdaisy.a(usbd_ctlreq.o)
 .ARM.attributes
                0x0800ee86       0x32 ../DaisyExamples/libDaisy/build\libdaisy.a(usbd_ioreq.o)
 .ARM.attributes
                0x0800eeb8       0x32 ../DaisyExamples/libDaisy/build\libdaisy.a(usbh_core.o)
 .ARM.attributes
                0x0800eeea       0x32 ../DaisyExamples/libDaisy/build\libdaisy.a(usbh_pipes.o)
 .ARM.attributes
                0x0800ef1c       0x32 ../DaisyExamples/libDaisy/build\libdaisy.a(rng.o)
 .ARM.attributes
                0x0800ef4e       0x32 ../DaisyExamples/libDaisy/build\libdaisy.a(spi.o)
 .ARM.attributes
                0x0800ef80       0x32 ../DaisyExamples/libDaisy/build\libdaisy.a(tim.o)
 .ARM.attributes
                0x0800efb2       0x32 ../DaisyExamples/libDaisy/build\libdaisy.a(uart.o)
 .ARM.attributes
                0x0800efe4       0x32 ../DaisyExamples/libDaisy/build\libdaisy.a(dma.o)
 .ARM.attributes
                0x0800f016       0x32 ../DaisyExamples/libDaisy/build\libdaisy.a(stm32h7xx_hal_mdma.o)
 .ARM.attributes
                0x0800f048       0x32 ../DaisyExamples/libDaisy/build\libdaisy.a(stm32h7xx_hal_spi.o)
 .ARM.attributes
                0x0800f07a       0x32 ../DaisyExamples/libDaisy/build\libdaisy.a(stm32h7xx_hal_tim.o)
 .ARM.attributes
                0x0800f0ac       0x32 ../DaisyExamples/libDaisy/build\libdaisy.a(stm32h7xx_hal_tim_ex.o)
 .ARM.attributes
                0x0800f0de       0x32 ../DaisyExamples/libDaisy/build\libdaisy.a(stm32h7xx_hal_uart.o)
 .ARM.attributes
                0x0800f110       0x32 ../DaisyExamples/libDaisy/build\libdaisy.a(stm32h7xx_hal_uart_ex.o)
 .ARM.attributes
                0x0800f142       0x32 c:/program files/daisytoolchain/bin/../lib/gcc/arm-none-eabi/10.2.1/../../../../arm-none-eabi/lib/thumb/v7e-m+dp/hard\libstdc++_nano.a(atexit_arm.o)
 .ARM.attributes
                0x0800f174       0x32 c:/program files/daisytoolchain/bin/../lib/gcc/arm-none-eabi/10.2.1/../../../../arm-none-eabi/lib/thumb/v7e-m+dp/hard\libc_nano.a(lib_a-cxa_atexit.o)
 .ARM.attributes
                0x0800f1a6       0x32 c:/program files/daisytoolchain/bin/../lib/gcc/arm-none-eabi/10.2.1/../../../../arm-none-eabi/lib/thumb/v7e-m+dp/hard\libc_nano.a(lib_a-init.o)
 .ARM.attributes
                0x0800f1d8       0x32 c:/program files/daisytoolchain/bin/../lib/gcc/arm-none-eabi/10.2.1/../../../../arm-none-eabi/lib/thumb/v7e-m+dp/hard\libc_nano.a(lib_a-memcpy-stub.o)
 .ARM.attributes
                0x0800f20a       0x32 c:/program files/daisytoolchain/bin/../lib/gcc/arm-none-eabi/10.2.1/../../../../arm-none-eabi/lib/thumb/v7e-m+dp/hard\libc_nano.a(lib_a-memset.o)
 .ARM.attributes
                0x0800f23c       0x1e c:/program files/daisytoolchain/bin/../lib/gcc/arm-none-eabi/10.2.1/thumb/v7e-m+dp/hard\libgcc.a(_aeabi_uldivmod.o)
 .ARM.attributes
                0x0800f25a       0x32 c:/program files/daisytoolchain/bin/../lib/gcc/arm-none-eabi/10.2.1/thumb/v7e-m+dp/hard\libgcc.a(_udivmoddi4.o)
 .ARM.attributes
                0x0800f28c       0x1e c:/program files/daisytoolchain/bin/../lib/gcc/arm-none-eabi/10.2.1/thumb/v7e-m+dp/hard\libgcc.a(_dvmd_tls.o)
 .ARM.attributes
                0x0800f2aa       0x1e c:/program files/daisytoolchain/bin/../lib/gcc/arm-none-eabi/10.2.1/thumb/v7e-m+dp/hard/crtn.o

.preinit_array  0x0800e760        0x0
                0x0800e760                PROVIDE (__preinit_array_start = .)
 *(.preinit_array*)
                0x0800e760                PROVIDE (__preinit_array_end = .)

.init_array     0x0800e760       0x24
                0x0800e760                PROVIDE (__init_array_start = .)
 *(SORT_BY_NAME(.init_array.*))
 *(.init_array*)
 .init_array    0x0800e760        0x4 c:/program files/daisytoolchain/bin/../lib/gcc/arm-none-eabi/10.2.1/thumb/v7e-m+dp/hard/crtbegin.o
 .init_array    0x0800e764        0x4 build/Loop.o
 .init_array    0x0800e768        0x4 ../DaisyExamples/libDaisy/build\libdaisy.a(audio.o)
 .init_array    0x0800e76c        0x4 ../DaisyExamples/libDaisy/build\libdaisy.a(i2c.o)
 .init_array    0x0800e770        0x4 ../DaisyExamples/libDaisy/build\libdaisy.a(qspi.o)
 .init_array    0x0800e774        0x4 ../DaisyExamples/libDaisy/build\libdaisy.a(system.o)
 .init_array    0x0800e778        0x4 ../DaisyExamples/libDaisy/build\libdaisy.a(spi.o)
 .init_array    0x0800e77c        0x4 ../DaisyExamples/libDaisy/build\libdaisy.a(tim.o)
 .init_array    0x0800e780        0x4 ../DaisyExamples/libDaisy/build\libdaisy.a(uart.o)
                0x0800e784                PROVIDE (__init_array_end = .)

.fini_array     0x0800e784        0x4
                [!provide]                PROVIDE (__fini_array_start = .)
 *(.fini_array*)
 .fini_array    0x0800e784        0x4 c:/program files/daisytoolchain/bin/../lib/gcc/arm-none-eabi/10.2.1/thumb/v7e-m+dp/hard/crtbegin.o
 *(SORT_BY_NAME(.fini_array.*))
                [!provide]                PROVIDE (__fini_array_end = .)

.data           0x24000000      0x37c load address 0x0800e788
                0x24000000                . = ALIGN (0x4)
                0x24000000                _sdata = .
                [!provide]                PROVIDE (__data_start__ = _sdata)
 *(.data)
 .data          0x24000000        0x4 c:/program files/daisytoolchain/bin/../lib/gcc/arm-none-eabi/10.2.1/thumb/v7e-m+dp/hard/crtbegin.o
                0x24000000                __dso_handle
 *(.data*)
 .data._ZN5daisy9I2CHandle4Impl21queued_dma_transfers_E
                0x24000004       0x48 ../DaisyExamples/libDaisy/build\libdaisy.a(i2c.o)
                0x24000004                daisy::I2CHandle::Impl::queued_dma_transfers_
 .data.SystemCoreClock
                0x2400004c        0x4 ../DaisyExamples/libDaisy/build\libdaisy.a(system_stm32h7xx.o)
                0x2400004c                SystemCoreClock
 .data.SystemD2Clock
                0x24000050        0x4 ../DaisyExamples/libDaisy/build\libdaisy.a(system_stm32h7xx.o)
                0x24000050                SystemD2Clock
 .data.uwTickFreq
                0x24000054        0x1 ../DaisyExamples/libDaisy/build\libdaisy.a(stm32h7xx_hal.o)
 *fill*         0x24000055        0x3 
 .data.uwTickPrio
                0x24000058        0x4 ../DaisyExamples/libDaisy/build\libdaisy.a(stm32h7xx_hal.o)
 .data._ZL13spi1_pins_nss
                0x2400005c        0x9 ../DaisyExamples/libDaisy/build\libdaisy.a(spi.o)
 *fill*         0x24000065        0x3 
 .data._ZL13spi2_pins_nss
                0x24000068        0x9 ../DaisyExamples/libDaisy/build\libdaisy.a(spi.o)
 *fill*         0x24000071        0x3 
 .data._ZL13spi3_pins_nss
                0x24000074        0x9 ../DaisyExamples/libDaisy/build\libdaisy.a(spi.o)
 *fill*         0x2400007d        0x3 
 .data._ZL13spi6_pins_nss
                0x24000080        0x9 ../DaisyExamples/libDaisy/build\libdaisy.a(spi.o)
 *fill*         0x24000089        0x3 
 .data._ZL14spi1_pins_miso
                0x2400008c        0x9 ../DaisyExamples/libDaisy/build\libdaisy.a(spi.o)
 *fill*         0x24000095        0x3 
 .data._ZL14spi1_pins_mosi
                0x24000098        0x9 ../DaisyExamples/libDaisy/build\libdaisy.a(spi.o)
 *fill*         0x240000a1        0x3 
 .data._ZL14spi1_pins_sclk